Component: Arm Compiler for Embedded 6.21 Tool: armlink [5ec1fa00]

==============================================================================

Section Cross References

    startup_stm32f429xx.o(STACK) refers (Special) to heapauxi.o(.text) for __use_two_region_memory
    startup_stm32f429xx.o(HEAP) refers (Special) to heapauxi.o(.text) for __use_two_region_memory
    startup_stm32f429xx.o(RESET) refers (Special) to heapauxi.o(.text) for __use_two_region_memory
    startup_stm32f429xx.o(RESET) refers to startup_stm32f429xx.o(STACK) for __initial_sp
    startup_stm32f429xx.o(RESET) refers to startup_stm32f429xx.o(.text) for Reset_Handler
    startup_stm32f429xx.o(RESET) refers to stm32f4xx_it.o(.text.NMI_Handler) for NMI_Handler
    startup_stm32f429xx.o(RESET) refers to stm32f4xx_it.o(.text.HardFault_Handler) for HardFault_Handler
    startup_stm32f429xx.o(RESET) refers to stm32f4xx_it.o(.text.MemManage_Handler) for MemManage_Handler
    startup_stm32f429xx.o(RESET) refers to stm32f4xx_it.o(.text.BusFault_Handler) for BusFault_Handler
    startup_stm32f429xx.o(RESET) refers to stm32f4xx_it.o(.text.UsageFault_Handler) for UsageFault_Handler
    startup_stm32f429xx.o(RESET) refers to stm32f4xx_it.o(.text.SVC_Handler) for SVC_Handler
    startup_stm32f429xx.o(RESET) refers to stm32f4xx_it.o(.text.DebugMon_Handler) for DebugMon_Handler
    startup_stm32f429xx.o(RESET) refers to stm32f4xx_it.o(.text.PendSV_Handler) for PendSV_Handler
    startup_stm32f429xx.o(RESET) refers to stm32f4xx_it.o(.text.SysTick_Handler) for SysTick_Handler
    startup_stm32f429xx.o(RESET) refers to stm32f4xx_it.o(.text.ADC_IRQHandler) for ADC_IRQHandler
    startup_stm32f429xx.o(RESET) refers to stm32f4xx_it.o(.text.TIM6_DAC_IRQHandler) for TIM6_DAC_IRQHandler
    startup_stm32f429xx.o(RESET) refers to stm32f4xx_it.o(.text.DMA2_Stream0_IRQHandler) for DMA2_Stream0_IRQHandler
    startup_stm32f429xx.o(.text) refers (Special) to heapauxi.o(.text) for __use_two_region_memory
    startup_stm32f429xx.o(.text) refers to system_stm32f4xx.o(.text.SystemInit) for SystemInit
    startup_stm32f429xx.o(.text) refers to __main.o(!!!main) for __main
    startup_stm32f429xx.o(.text) refers to startup_stm32f429xx.o(HEAP) for Heap_Mem
    startup_stm32f429xx.o(.text) refers to startup_stm32f429xx.o(STACK) for Stack_Mem
    main.o(.text) refers (Special) to _printf_percent.o(.ARM.Collect$$_printf_percent$$00000000) for _printf_percent
    main.o(.text) refers (Special) to _printf_truncate.o(.text) for _printf_truncate_unsigned
    main.o(.text) refers (Special) to _printf_u.o(.ARM.Collect$$_printf_percent$$0000000A) for _printf_u
    main.o(.text) refers (Special) to _printf_f.o(.ARM.Collect$$_printf_percent$$00000003) for _printf_f
    main.o(.text) refers (Special) to _printf_dec.o(.text) for _printf_int_dec
    main.o(.text) refers (Special) to printf1.o(x$fpl$printf1) for _printf_fp_dec
    main.o(.text.MyErrorHandlerI2C) refers (Special) to _printf_percent.o(.ARM.Collect$$_printf_percent$$00000000) for _printf_percent
    main.o(.text.MyErrorHandlerI2C) refers (Special) to _printf_truncate.o(.text) for _printf_truncate_unsigned
    main.o(.text.MyErrorHandlerI2C) refers (Special) to _printf_u.o(.ARM.Collect$$_printf_percent$$0000000A) for _printf_u
    main.o(.text.MyErrorHandlerI2C) refers (Special) to _printf_f.o(.ARM.Collect$$_printf_percent$$00000003) for _printf_f
    main.o(.text.MyErrorHandlerI2C) refers (Special) to _printf_dec.o(.text) for _printf_int_dec
    main.o(.text.MyErrorHandlerI2C) refers (Special) to printf1.o(x$fpl$printf1) for _printf_fp_dec
    main.o(.ARM.exidx.text.MyErrorHandlerI2C) refers (Special) to _printf_percent.o(.ARM.Collect$$_printf_percent$$00000000) for _printf_percent
    main.o(.ARM.exidx.text.MyErrorHandlerI2C) refers (Special) to _printf_truncate.o(.text) for _printf_truncate_unsigned
    main.o(.ARM.exidx.text.MyErrorHandlerI2C) refers (Special) to _printf_u.o(.ARM.Collect$$_printf_percent$$0000000A) for _printf_u
    main.o(.ARM.exidx.text.MyErrorHandlerI2C) refers (Special) to _printf_f.o(.ARM.Collect$$_printf_percent$$00000003) for _printf_f
    main.o(.ARM.exidx.text.MyErrorHandlerI2C) refers (Special) to _printf_dec.o(.text) for _printf_int_dec
    main.o(.ARM.exidx.text.MyErrorHandlerI2C) refers (Special) to printf1.o(x$fpl$printf1) for _printf_fp_dec
    main.o(.ARM.exidx.text.MyErrorHandlerI2C) refers to main.o(.text.MyErrorHandlerI2C) for [Anonymous Symbol]
    main.o(.text.MyErrorHandlerADC) refers (Special) to _printf_percent.o(.ARM.Collect$$_printf_percent$$00000000) for _printf_percent
    main.o(.text.MyErrorHandlerADC) refers (Special) to _printf_truncate.o(.text) for _printf_truncate_unsigned
    main.o(.text.MyErrorHandlerADC) refers (Special) to _printf_u.o(.ARM.Collect$$_printf_percent$$0000000A) for _printf_u
    main.o(.text.MyErrorHandlerADC) refers (Special) to _printf_f.o(.ARM.Collect$$_printf_percent$$00000003) for _printf_f
[...]
    micro_step                               0x08004dd9   Thumb Code   178  statechart.o(.text.micro_step)
    [Anonymous Symbol]                       0x08004dd8   Section        0  statechart.o(.text.micro_step)
    run_cycle                                0x08004e8d   Thumb Code   282  statechart.o(.text.run_cycle)
    [Anonymous Symbol]                       0x08004e8c   Section        0  statechart.o(.text.run_cycle)
    [Anonymous Symbol]                       0x08004fa8   Section        0  main.o(.text.statechart_displayInfo)
    [Anonymous Symbol]                       0x08005134   Section        0  statechart.o(.text.statechart_enter)
    [Anonymous Symbol]                       0x0800516c   Section        0  statechart.o(.text.statechart_init)
    [Anonymous Symbol]                       0x0800518c   Section        0  main.o(.text.statechart_processData)
    [Anonymous Symbol]                       0x08005410   Section        0  statechart.o(.text.statechart_raise_eV_ADC_SampleReady)
    [Anonymous Symbol]                       0x08005440   Section        0  statechart.o(.text.statechart_raise_timerIntr)
    [Anonymous Symbol]                       0x08005470   Section        0  main.o(.text.statechart_readI2CSensor)
    [Anonymous Symbol]                       0x08005484   Section        0  main.o(.text.statechart_saveADCSample)
    [Anonymous Symbol]                       0x080054a8   Section        0  main.o(.text.statechart_saveI2CSample)
    CL$$btod_d2e                             0x080054c0   Section       62  btod.o(CL$$btod_d2e)
    CL$$btod_d2e_denorm_low                  0x080054fe   Section       70  btod.o(CL$$btod_d2e_denorm_low)
    CL$$btod_d2e_norm_op1                    0x08005544   Section       96  btod.o(CL$$btod_d2e_norm_op1)
    CL$$btod_div_common                      0x080055a4   Section      824  btod.o(CL$$btod_div_common)
    CL$$btod_e2e                             0x080058dc   Section      220  btod.o(CL$$btod_e2e)
    CL$$btod_ediv                            0x080059b8   Section       42  btod.o(CL$$btod_ediv)
    CL$$btod_emul                            0x080059e2   Section       42  btod.o(CL$$btod_emul)
    CL$$btod_mult_common                     0x08005a0c   Section      580  btod.o(CL$$btod_mult_common)
    i.__ARM_fpclassify                       0x08005c50   Section        0  fpclassify.o(i.__ARM_fpclassify)
    i._is_digit                              0x08005c80   Section        0  __printf_wp.o(i._is_digit)
    locale$$code                             0x08005c90   Section       44  lc_numeric_c.o(locale$$code)
    $v0                                      0x08005cbc   Number         0  d2f.o(x$fpl$d2f)
    x$fpl$d2f                                0x08005cbc   Section       98  d2f.o(x$fpl$d2f)
    $v0                                      0x08005d20   Number         0  daddsub_clz.o(x$fpl$dadd)
    x$fpl$dadd                               0x08005d20   Section      336  daddsub_clz.o(x$fpl$dadd)
    _dadd1                                   0x08005d31   Thumb Code     0  daddsub_clz.o(x$fpl$dadd)
    $v0                                      0x08005e70   Number         0  ddiv.o(x$fpl$ddiv)
    x$fpl$ddiv                               0x08005e70   Section      692  ddiv.o(x$fpl$ddiv)
    ddiv_entry                               0x08005e77   Thumb Code     0  ddiv.o(x$fpl$ddiv)
    $v0                                      0x08006124   Number         0  dflt_clz.o(x$fpl$dflt)
    x$fpl$dflt                               0x08006124   Section       46  dflt_clz.o(x$fpl$dflt)
    $v0                                      0x08006152   Number         0  dflt_clz.o(x$fpl$dfltu)
    x$fpl$dfltu                              0x08006152   Section       38  dflt_clz.o(x$fpl$dfltu)
    $v0                                      0x08006178   Number         0  dmul.o(x$fpl$dmul)
    x$fpl$dmul                               0x08006178   Section      340  dmul.o(x$fpl$dmul)
    $v0                                      0x080062cc   Number         0  dnaninf.o(x$fpl$dnaninf)
    x$fpl$dnaninf                            0x080062cc   Section      156  dnaninf.o(x$fpl$dnaninf)
    $v0                                      0x08006368   Number         0  dretinf.o(x$fpl$dretinf)
    x$fpl$dretinf                            0x08006368   Section       12  dretinf.o(x$fpl$dretinf)
    $v0                                      0x08006374   Number         0  daddsub_clz.o(x$fpl$dsub)
    x$fpl$dsub                               0x08006374   Section      476  daddsub_clz.o(x$fpl$dsub)
    _dsub1                                   0x08006385   Thumb Code     0  daddsub_clz.o(x$fpl$dsub)
    $v0                                      0x08006550   Number         0  f2d.o(x$fpl$f2d)
    x$fpl$f2d                                0x08006550   Section       86  f2d.o(x$fpl$f2d)
    $v0                                      0x080065a6   Number         0  fnaninf.o(x$fpl$fnaninf)
    x$fpl$fnaninf                            0x080065a6   Section      140  fnaninf.o(x$fpl$fnaninf)
    $v0                                      0x08006632   Number         0  fpinit.o(x$fpl$fpinit)
    x$fpl$fpinit                             0x08006632   Section       26  fpinit.o(x$fpl$fpinit)
    $v0                                      0x0800664c   Number         0  fretinf.o(x$fpl$fretinf)
    x$fpl$fretinf                            0x0800664c   Section       10  fretinf.o(x$fpl$fretinf)
    $v0                                      0x08006656   Number         0  printf1.o(x$fpl$printf1)
    x$fpl$printf1                            0x08006656   Section        4  printf1.o(x$fpl$printf1)
    x$fpl$usenofp                            0x0800665a   Section        0  usenofp.o(x$fpl$usenofp)
    tenpwrs_x                                0x0800665c   Data          60  bigflt0.o(.constdata)
    .constdata                               0x0800665c   Section      148  bigflt0.o(.constdata)
    tenpwrs_i                                0x08006698   Data          64  bigflt0.o(.constdata)
    DMA_CalcBaseAndBitshift.flagBitshiftOffset 0x08006e74   Data           8  stm32f4xx_hal_dma.o(.rodata.cst8)
    [Anonymous Symbol]                       0x08006e74   Section        0  stm32f4xx_hal_dma.o(.rodata.cst8)
    locale$$data                             0x08006e9c   Section       28  lc_numeric_c.o(locale$$data)
    __lcnum_c_name                           0x08006ea0   Data           2  lc_numeric_c.o(locale$$data)
    __lcnum_c_start                          0x08006ea8   Data           0  lc_numeric_c.o(locale$$data)
    __lcnum_c_point                          0x08006eb4   Data           0  lc_numeric_c.o(locale$$data)
    __lcnum_c_thousands                      0x08006eb6   Data           0  lc_numeric_c.o(locale$$data)
    __lcnum_c_grouping                       0x08006eb7   Data           0  lc_numeric_c.o(locale$$data)
    __lcnum_c_end                            0x08006eb8   Data           0  lc_numeric_c.o(locale$$data)
    .L_MergedGlobals                         0x20000000   Data           8  stm32f4xx_hal.o(.data..L_MergedGlobals)
    [Anonymous Symbol]                       0x20000000   Section        0  stm32f4xx_hal.o(.data..L_MergedGlobals)
    .bss                                     0x20000018   Section       96  libspace.o(.bss)
    .L_MergedGlobals                         0x20000078   Data         118  main.o(.bss..L_MergedGlobals)
    [Anonymous Symbol]                       0x20000078   Section        0  main.o(.bss..L_MergedGlobals)
    .L_MergedGlobals                         0x200000ee   Data           6  ssd1306.o(.bss..L_MergedGlobals)
    SSD1306.2                                0x200000ee   Data           1  ssd1306.o(.bss..L_MergedGlobals)
    [Anonymous Symbol]                       0x200000ee   Section        0  ssd1306.o(.bss..L_MergedGlobals)
    SSD1306.0                                0x200000f0   Data           2  ssd1306.o(.bss..L_MergedGlobals)
    SSD1306.1                                0x200000f2   Data           2  ssd1306.o(.bss..L_MergedGlobals)
    .L_MergedGlobals                         0x200000f4   Data          56  bme280_stm32.o(.bss..L_MergedGlobals)
    [Anonymous Symbol]                       0x200000f4   Section        0  bme280_stm32.o(.bss..L_MergedGlobals)
    .L_MergedGlobals.5                       0x2000012c   Data          92  main.o(.bss..L_MergedGlobals.5)
    [Anonymous Symbol]                       0x2000012c   Section        0  main.o(.bss..L_MergedGlobals.5)
    SSD1306_Buffer                           0x200001cc   Data        1024  ssd1306.o(.bss.SSD1306_Buffer)
    [Anonymous Symbol]                       0x200001cc   Section        0  ssd1306.o(.bss.SSD1306_Buffer)
    Heap_Mem                                 0x200007a8   Data         512  startup_stm32f429xx.o(HEAP)
    HEAP                                     0x200007a8   Section      512  startup_stm32f429xx.o(HEAP)
    Stack_Mem                                0x200009a8   Data        1024  startup_stm32f429xx.o(STACK)
    STACK                                    0x200009a8   Section     1024  startup_stm32f429xx.o(STACK)
    __initial_sp                             0x20000da8   Data           0  startup_stm32f429xx.o(STACK)

    Global Symbols

    Symbol Name                              Value     Ov Type        Size  Object(Section)

    BuildAttributes$$THM_ISAv4$E$P$D$K$B$S$7EM$VFPi3$EXTD16$VFPS$VFMA$PE$A:L22UL41UL21$X:L11$S22US41US21$IEEE1$IW$~IW$USESV6$~STKCKD$USESV7$~SHL$OTIME$ROPI$IEEEJ$EBA8$UX$STANDARDLIB$REQ8$PRES8$EABIv2 0x00000000   Number         0  anon$$obj.o ABSOLUTE
    _printf_flags                            0x00000000   Number         0  printf_stubs.o ABSOLUTE
    _printf_return_value                     0x00000000   Number         0  printf_stubs.o ABSOLUTE
    _printf_sizespec                         0x00000000   Number         0  printf_stubs.o ABSOLUTE
    _printf_widthprec                        0x00000000   Number         0  printf_stubs.o ABSOLUTE
    __ARM_exceptions_init                     - Undefined Weak Reference
    __alloca_initialize                       - Undefined Weak Reference
    __arm_preinit_                            - Undefined Weak Reference
    __arm_relocate_pie_                       - Undefined Weak Reference
    __cpp_initialize__aeabi_                  - Undefined Weak Reference
    __cxa_finalize                            - Undefined Weak Reference
    __sigvec_lookup                           - Undefined Weak Reference
    _atexit_init                              - Undefined Weak Reference
    _call_atexit_fns                          - Undefined Weak Reference
    _clock_init                               - Undefined Weak Reference
    _fp_trap_init                             - Undefined Weak Reference
    _fp_trap_shutdown                         - Undefined Weak Reference
    _get_lc_collate                           - Undefined Weak Reference
    _get_lc_ctype                             - Undefined Weak Reference
    _get_lc_monetary                          - Undefined Weak Reference
    _get_lc_time                              - Undefined Weak Reference
    _getenv_init                              - Undefined Weak Reference
    _handle_redirection                       - Undefined Weak Reference
    _init_alloc                               - Undefined Weak Reference
    _init_user_alloc                          - Undefined Weak Reference
    _initio                                   - Undefined Weak Reference
    _printf_post_padding                      - Undefined Weak Reference
    _printf_pre_padding                       - Undefined Weak Reference
    _rand_init                                - Undefined Weak Reference
    _signal_finish                            - Undefined Weak Reference
    _signal_init                              - Undefined Weak Reference
    _terminate_alloc                          - Undefined Weak Reference
    _terminate_user_alloc                     - Undefined Weak Reference
    _terminateio                              - Undefined Weak Reference
    __Vectors_Size                           0x000001ac   Number         0  startup_stm32f429xx.o ABSOLUTE
    __Vectors                                0x08000000   Data           4  startup_stm32f429xx.o(RESET)
    __Vectors_End                            0x080001ac   Data           0  startup_stm32f429xx.o(RESET)
    __main                                   0x080001ad   Thumb Code     8  __main.o(!!!main)
    __scatterload                            0x080001b5   Thumb Code     0  __scatter.o(!!!scatter)
    __scatterload_rt2                        0x080001b5   Thumb Code    84  __scatter.o(!!!scatter)
    __scatterload_rt2_thumb_only             0x080001b5   Thumb Code     0  __scatter.o(!!!scatter)
    __scatterload_loop                       0x080001bf   Thumb Code     0  __scatter.o(!!!scatter)
    __scatterload_copy                       0x08000211   Thumb Code    26  __scatter_copy.o(!!handler_copy)
    __scatterload_null                       0x0800022d   Thumb Code     2  __scatter.o(!!handler_null)
    __scatterload_zeroinit                   0x08000231   Thumb Code    28  __scatter_zi.o(!!handler_zi)
    _printf_f                                0x0800024d   Thumb Code     0  _printf_f.o(.ARM.Collect$$_printf_percent$$00000003)
    _printf_percent                          0x0800024d   Thumb Code     0  _printf_percent.o(.ARM.Collect$$_printf_percent$$00000000)
    _printf_u                                0x08000253   Thumb Code     0  _printf_u.o(.ARM.Collect$$_printf_percent$$0000000A)
    _printf_percent_end                      0x08000259   Thumb Code     0  _printf_percent_end.o(.ARM.Collect$$_printf_percent$$00000017)
    __rt_lib_init                            0x0800025d   Thumb Code     0  libinit.o(.ARM.Collect$$libinit$$00000000)
    __rt_lib_init_fp_1                       0x0800025f   Thumb Code     0  libinit2.o(.ARM.Collect$$libinit$$00000001)
    __rt_lib_init_heap_1                     0x08000263   Thumb Code     0  libinit2.o(.ARM.Collect$$libinit$$0000000C)
    __rt_lib_init_lc_common                  0x08000263   Thumb Code     0  libinit2.o(.ARM.Collect$$libinit$$00000011)
    __rt_lib_init_preinit_1                  0x08000263   Thumb Code     0  libinit2.o(.ARM.Collect$$libinit$$00000006)
    __rt_lib_init_rand_1                     0x08000263   Thumb Code     0  libinit2.o(.ARM.Collect$$libinit$$00000010)
    __rt_lib_init_relocate_pie_1             0x08000263   Thumb Code     0  libinit2.o(.ARM.Collect$$libinit$$00000004)
    __rt_lib_init_user_alloc_1               0x08000263   Thumb Code     0  libinit2.o(.ARM.Collect$$libinit$$0000000E)
    __rt_lib_init_lc_collate_1               0x08000269   Thumb Code     0  libinit2.o(.ARM.Collect$$libinit$$00000013)
    __rt_lib_init_lc_ctype_1                 0x08000269   Thumb Code     0  libinit2.o(.ARM.Collect$$libinit$$00000015)
    __rt_lib_init_lc_monetary_1              0x08000269   Thumb Code     0  libinit2.o(.ARM.Collect$$libinit$$00000017)
    __rt_lib_init_lc_numeric_2               0x08000269   Thumb Code     0  libinit2.o(.ARM.Collect$$libinit$$00000018)
    __rt_lib_init_alloca_1                   0x08000273   Thumb Code     0  libinit2.o(.ARM.Collect$$libinit$$00000030)
    __rt_lib_init_argv_1                     0x08000273   Thumb Code     0  libinit2.o(.ARM.Collect$$libinit$$0000002E)
    __rt_lib_init_atexit_1                   0x08000273   Thumb Code     0  libinit2.o(.ARM.Collect$$libinit$$0000001D)
    __rt_lib_init_clock_1                    0x08000273   Thumb Code     0  libinit2.o(.ARM.Collect$$libinit$$00000023)
    __rt_lib_init_cpp_1                      0x08000273   Thumb Code     0  libinit2.o(.ARM.Collect$$libinit$$00000034)
    __rt_lib_init_exceptions_1               0x08000273   Thumb Code     0  libinit2.o(.ARM.Collect$$libinit$$00000032)
    __rt_lib_init_fp_trap_1                  0x08000273   Thumb Code     0  libinit2.o(.ARM.Collect$$libinit$$00000021)
    __rt_lib_init_getenv_1                   0x08000273   Thumb Code     0  libinit2.o(.ARM.Collect$$libinit$$00000025)
    __rt_lib_init_lc_numeric_1               0x08000273   Thumb Code     0  libinit2.o(.ARM.Collect$$libinit$$00000019)
    __rt_lib_init_lc_time_1                  0x08000273   Thumb Code     0  libinit2.o(.ARM.Collect$$libinit$$0000001B)
    __rt_lib_init_return                     0x08000273   Thumb Code     0  libinit2.o(.ARM.Collect$$libinit$$00000035)
    __rt_lib_init_signal_1                   0x08000273   Thumb Code     0  libinit2.o(.ARM.Collect$$libinit$$0000001F)
    __rt_lib_init_stdio_1                    0x08000273   Thumb Code     0  libinit2.o(.ARM.Collect$$libinit$$00000027)
    __rt_lib_shutdown                        0x08000275   Thumb Code     0  libshutdown.o(.ARM.Collect$$libshutdown$$00000000)
    __rt_lib_shutdown_cpp_1                  0x08000277   Thumb Code     0  libshutdown2.o(.ARM.Collect$$libshutdown$$00000002)
    __rt_lib_shutdown_fp_trap_1              0x08000277   Thumb Code     0  libshutdown2.o(.ARM.Collect$$libshutdown$$00000007)
    __rt_lib_shutdown_heap_1                 0x08000277   Thumb Code     0  libshutdown2.o(.ARM.Collect$$libshutdown$$0000000F)
    __rt_lib_shutdown_return                 0x08000277   Thumb Code     0  libshutdown2.o(.ARM.Collect$$libshutdown$$00000010)
    __rt_lib_shutdown_signal_1               0x08000277   Thumb Code     0  libshutdown2.o(.ARM.Collect$$libshutdown$$0000000A)
    __rt_lib_shutdown_stdio_1                0x08000277   Thumb Code     0  libshutdown2.o(.ARM.Collect$$libshutdown$$00000004)
    __rt_lib_shutdown_user_alloc_1           0x08000277   Thumb Code     0  libshutdown2.o(.ARM.Collect$$libshutdown$$0000000C)
    __rt_entry                               0x08000279   Thumb Code     0  __rtentry.o(.ARM.Collect$$rtentry$$00000000)
    __rt_entry_presh_1                       0x08000279   Thumb Code     0  __rtentry2.o(.ARM.Collect$$rtentry$$00000002)
    __rt_entry_sh                            0x08000279   Thumb Code     0  __rtentry4.o(.ARM.Collect$$rtentry$$00000004)
    __rt_entry_li                            0x0800027f   Thumb Code     0  __rtentry2.o(.ARM.Collect$$rtentry$$0000000A)
    __rt_entry_postsh_1                      0x0800027f   Thumb Code     0  __rtentry2.o(.ARM.Collect$$rtentry$$00000009)
    __rt_entry_main                          0x08000283   Thumb Code     0  __rtentry2.o(.ARM.Collect$$rtentry$$0000000D)
    __rt_entry_postli_1                      0x08000283   Thumb Code     0  __rtentry2.o(.ARM.Collect$$rtentry$$0000000C)
    __rt_exit                                0x0800028b   Thumb Code     0  rtexit.o(.ARM.Collect$$rtexit$$00000000)
    __rt_exit_ls                             0x0800028d   Thumb Code     0  rtexit2.o(.ARM.Collect$$rtexit$$00000003)
    __rt_exit_prels_1                        0x0800028d   Thumb Code     0  rtexit2.o(.ARM.Collect$$rtexit$$00000002)
    __rt_exit_exit                           0x08000291   Thumb Code     0  rtexit2.o(.ARM.Collect$$rtexit$$00000004)
    Reset_Handler                            0x08000299   Thumb Code     8  startup_stm32f429xx.o(.text)
    CAN1_RX0_IRQHandler                      0x080002b3   Thumb Code     0  startup_stm32f429xx.o(.text)
    CAN1_RX1_IRQHandler                      0x080002b3   Thumb Code     0  startup_stm32f429xx.o(.text)
    CAN1_SCE_IRQHandler                      0x080002b3   Thumb Code     0  startup_stm32f429xx.o(.text)
    CAN1_TX_IRQHandler                       0x080002b3   Thumb Code     0  startup_stm32f429xx.o(.text)
    CAN2_RX0_IRQHandler                      0x080002b3   Thumb Code     0  startup_stm32f429xx.o(.text)
    CAN2_RX1_IRQHandler                      0x080002b3   Thumb Code     0  startup_stm32f429xx.o(.text)
    CAN2_SCE_IRQHandler                      0x080002b3   Thumb Code     0  startup_stm32f429xx.o(.text)
    CAN2_TX_IRQHandler                       0x080002b3   Thumb Code     0  startup_stm32f429xx.o(.text)
    DCMI_IRQHandler                          0x080002b3   Thumb Code     0  startup_stm32f429xx.o(.text)
    DMA1_Stream0_IRQHandler                  0x080002b3   Thumb Code     0  startup_stm32f429xx.o(.text)
    DMA1_Stream1_IRQHandler                  0x080002b3   Thumb Code     0  startup_stm32f429xx.o(.text)
    DMA1_Stream2_IRQHandler                  0x080002b3   Thumb Code     0  startup_stm32f429xx.o(.text)
    DMA1_Stream3_IRQHandler                  0x080002b3   Thumb Code     0  startup_stm32f429xx.o(.text)
    DMA1_Stream4_IRQHandler                  0x080002b3   Thumb Code     0  startup_stm32f429xx.o(.text)
    DMA1_Stream5_IRQHandler                  0x080002b3   Thumb Code     0  startup_stm32f429xx.o(.text)
    DMA1_Stream6_IRQHandler                  0x080002b3   Thumb Code     0  startup_stm32f429xx.o(.text)
    DMA1_Stream7_IRQHandler                  0x080002b3   Thumb Code     0  startup_stm32f429xx.o(.text)
    DMA2D_IRQHandler                         0x080002b3   Thumb Code     0  startup_stm32f429xx.o(.text)
    DMA2_Stream1_IRQHandler                  0x080002b3   Thumb Code     0  startup_stm32f429xx.o(.text)
    DMA2_Stream2_IRQHandler                  0x080002b3   Thumb Code     0  startup_stm32f429xx.o(.text)
    DMA2_Stream3_IRQHandler                  0x080002b3   Thumb Code     0  startup_stm32f429xx.o(.text)
    DMA2_Stream4_IRQHandler                  0x080002b3   Thumb Code     0  startup_stm32f429xx.o(.text)
    DMA2_Stream5_IRQHandler                  0x080002b3   Thumb Code     0  startup_stm32f429xx.o(.text)
    DMA2_Stream6_IRQHandler                  0x080002b3   Thumb Code     0  startup_stm32f429xx.o(.text)
    DMA2_Stream7_IRQHandler                  0x080002b3   Thumb Code     0  startup_stm32f429xx.o(.text)
    ETH_IRQHandler                           0x080002b3   Thumb Code     0  startup_stm32f429xx.o(.text)
    ETH_WKUP_IRQHandler                      0x080002b3   Thumb Code     0  startup_stm32f429xx.o(.text)
    EXTI0_IRQHandler                         0x080002b3   Thumb Code     0  startup_stm32f429xx.o(.text)
    EXTI15_10_IRQHandler                     0x080002b3   Thumb Code     0  startup_stm32f429xx.o(.text)
    EXTI1_IRQHandler                         0x080002b3   Thumb Code     0  startup_stm32f429xx.o(.text)
    EXTI2_IRQHandler                         0x080002b3   Thumb Code     0  startup_stm32f429xx.o(.text)
    EXTI3_IRQHandler                         0x080002b3   Thumb Code     0  startup_stm32f429xx.o(.text)
    EXTI4_IRQHandler                         0x080002b3   Thumb Code     0  startup_stm32f429xx.o(.text)
    EXTI9_5_IRQHandler                       0x080002b3   Thumb Code     0  startup_stm32f429xx.o(.text)
    FLASH_IRQHandler                         0x080002b3   Thumb Code     0  startup_stm32f429xx.o(.text)
    FMC_IRQHandler                           0x080002b3   Thumb Code     0  startup_stm32f429xx.o(.text)
    FPU_IRQHandler                           0x080002b3   Thumb Code     0  startup_stm32f429xx.o(.text)
    HASH_RNG_IRQHandler                      0x080002b3   Thumb Code     0  startup_stm32f429xx.o(.text)
    I2C1_ER_IRQHandler                       0x080002b3   Thumb Code     0  startup_stm32f429xx.o(.text)
    I2C1_EV_IRQHandler                       0x080002b3   Thumb Code     0  startup_stm32f429xx.o(.text)
    I2C2_ER_IRQHandler                       0x080002b3   Thumb Code     0  startup_stm32f429xx.o(.text)
    I2C2_EV_IRQHandler                       0x080002b3   Thumb Code     0  startup_stm32f429xx.o(.text)
    I2C3_ER_IRQHandler                       0x080002b3   Thumb Code     0  startup_stm32f429xx.o(.text)
    I2C3_EV_IRQHandler                       0x080002b3   Thumb Code     0  startup_stm32f429xx.o(.text)
    LTDC_ER_IRQHandler                       0x080002b3   Thumb Code     0  startup_stm32f429xx.o(.text)
    LTDC_IRQHandler                          0x080002b3   Thumb Code     0  startup_stm32f429xx.o(.text)
    OTG_FS_IRQHandler                        0x080002b3   Thumb Code     0  startup_stm32f429xx.o(.text)
    OTG_FS_WKUP_IRQHandler                   0x080002b3   Thumb Code     0  startup_stm32f429xx.o(.text)
    OTG_HS_EP1_IN_IRQHandler                 0x080002b3   Thumb Code     0  startup_stm32f429xx.o(.text)
    OTG_HS_EP1_OUT_IRQHandler                0x080002b3   Thumb Code     0  startup_stm32f429xx.o(.text)
    OTG_HS_IRQHandler                        0x080002b3   Thumb Code     0  startup_stm32f429xx.o(.text)
    OTG_HS_WKUP_IRQHandler                   0x080002b3   Thumb Code     0  startup_stm32f429xx.o(.text)
    PVD_IRQHandler                           0x080002b3   Thumb Code     0  startup_stm32f429xx.o(.text)
    RCC_IRQHandler                           0x080002b3   Thumb Code     0  startup_stm32f429xx.o(.text)
    RTC_Alarm_IRQHandler                     0x080002b3   Thumb Code     0  startup_stm32f429xx.o(.text)
    RTC_WKUP_IRQHandler                      0x080002b3   Thumb Code     0  startup_stm32f429xx.o(.text)
    SAI1_IRQHandler                          0x080002b3   Thumb Code     0  startup_stm32f429xx.o(.text)
    SDIO_IRQHandler                          0x080002b3   Thumb Code     0  startup_stm32f429xx.o(.text)
    SPI1_IRQHandler                          0x080002b3   Thumb Code     0  startup_stm32f429xx.o(.text)
    SPI2_IRQHandler                          0x080002b3   Thumb Code     0  startup_stm32f429xx.o(.text)
    SPI3_IRQHandler                          0x080002b3   Thumb Code     0  startup_stm32f429xx.o(.text)
    SPI4_IRQHandler                          0x080002b3   Thumb Code     0  startup_stm32f429xx.o(.text)
    SPI5_IRQHandler                          0x080002b3   Thumb Code     0  startup_stm32f429xx.o(.text)
    SPI6_IRQHandler                          0x080002b3   Thumb Code     0  startup_stm32f429xx.o(.text)
    TAMP_STAMP_IRQHandler                    0x080002b3   Thumb Code     0  startup_stm32f429xx.o(.text)
    TIM1_BRK_TIM9_IRQHandler                 0x080002b3   Thumb Code     0  startup_stm32f429xx.o(.text)
    TIM1_CC_IRQHandler                       0x080002b3   Thumb Code     0  startup_stm32f429xx.o(.text)
    TIM1_TRG_COM_TIM11_IRQHandler            0x080002b3   Thumb Code     0  startup_stm32f429xx.o(.text)
    TIM1_UP_TIM10_IRQHandler                 0x080002b3   Thumb Code     0  startup_stm32f429xx.o(.text)
    TIM2_IRQHandler                          0x080002b3   Thumb Code     0  startup_stm32f429xx.o(.text)
    TIM3_IRQHandler                          0x080002b3   Thumb Code     0  startup_stm32f429xx.o(.text)
    TIM4_IRQHandler                          0x080002b3   Thumb Code     0  startup_stm32f429xx.o(.text)
    TIM5_IRQHandler                          0x080002b3   Thumb Code     0  startup_stm32f429xx.o(.text)
    TIM7_IRQHandler                          0x080002b3   Thumb Code     0  startup_stm32f429xx.o(.text)
    TIM8_BRK_TIM12_IRQHandler                0x080002b3   Thumb Code     0  startup_stm32f429xx.o(.text)
    TIM8_CC_IRQHandler                       0x080002b3   Thumb Code     0  startup_stm32f429xx.o(.text)
    TIM8_TRG_COM_TIM14_IRQHandler            0x080002b3   Thumb Code     0  startup_stm32f429xx.o(.text)
    TIM8_UP_TIM13_IRQHandler                 0x080002b3   Thumb Code     0  startup_stm32f429xx.o(.text)
    UART4_IRQHandler                         0x080002b3   Thumb Code     0  startup_stm32f429xx.o(.text)
    UART5_IRQHandler                         0x080002b3   Thumb Code     0  startup_stm32f429xx.o(.text)
    UART7_IRQHandler                         0x080002b3   Thumb Code     0  startup_stm32f429xx.o(.text)
    UART8_IRQHandler                         0x080002b3   Thumb Code     0  startup_stm32f429xx.o(.text)
    USART1_IRQHandler                        0x080002b3   Thumb Code     0  startup_stm32f429xx.o(.text)
    USART2_IRQHandler                        0x080002b3   Thumb Code     0  startup_stm32f429xx.o(.text)
    USART3_IRQHandler                        0x080002b3   Thumb Code     0  startup_stm32f429xx.o(.text)
    USART6_IRQHandler                        0x080002b3   Thumb Code     0  startup_stm32f429xx.o(.text)
    WWDG_IRQHandler                          0x080002b3   Thumb Code     0  startup_stm32f429xx.o(.text)
    __user_initial_stackheap                 0x080002b5   Thumb Code     0  startup_stm32f429xx.o(.text)
    __aeabi_uldivmod                         0x080002d9   Thumb Code     0  lludivv7m.o(.text)
    _ll_udiv                                 0x080002d9   Thumb Code   240  lludivv7m.o(.text)
    __aeabi_ldivmod                          0x080003c9   Thumb Code     0  llsdiv.o(.text)
    _ll_sdiv                                 0x080003c9   Thumb Code   116  llsdiv.o(.text)
    __2sprintf                               0x0800043d   Thumb Code    34  noretval__2sprintf.o(.text)
    _printf_truncate_signed                  0x08000465   Thumb Code    18  _printf_truncate.o(.text)
    _printf_truncate_unsigned                0x08000477   Thumb Code    18  _printf_truncate.o(.text)
    _printf_int_dec                          0x08000489   Thumb Code   104  _printf_dec.o(.text)
    __printf                                 0x08000501   Thumb Code   352  __printf_ss_wp.o(.text)
    strlen                                   0x08000661   Thumb Code    62  strlen.o(.text)
    __aeabi_memcpy                           0x0800069f   Thumb Code     0  rt_memcpy_v6.o(.text)
    __rt_memcpy                              0x0800069f   Thumb Code   138  rt_memcpy_v6.o(.text)
    _memcpy_lastbytes                        0x08000705   Thumb Code     0  rt_memcpy_v6.o(.text)
    __aeabi_memset4                          0x08000729   Thumb Code    16  aeabi_memset4.o(.text)
    __aeabi_memset8                          0x08000729   Thumb Code     0  aeabi_memset4.o(.text)
    __aeabi_memclr4                          0x08000739   Thumb Code     0  rt_memclr_w.o(.text)
    __aeabi_memclr8                          0x08000739   Thumb Code     0  rt_memclr_w.o(.text)
    __rt_memclr_w                            0x08000739   Thumb Code     0  rt_memclr_w.o(.text)
    _memset_w                                0x0800073d   Thumb Code    74  rt_memclr_w.o(.text)
    __use_two_region_memory                  0x08000787   Thumb Code     2  heapauxi.o(.text)
    __rt_heap_escrow$2region                 0x08000789   Thumb Code     2  heapauxi.o(.text)
    __rt_heap_expand$2region                 0x0800078b   Thumb Code     2  heapauxi.o(.text)
    _printf_int_common                       0x0800078d   Thumb Code   178  _printf_intcommon.o(.text)
    _printf_fp_dec_real                      0x080009ef   Thumb Code   620  _printf_fp_dec.o(.text)
    _printf_char_common                      0x08000c67   Thumb Code    32  _printf_char_common.o(.text)
    _sputc                                   0x08000c8d   Thumb Code    10  _sputc.o(.text)
    __aeabi_memcpy4                          0x08000c97   Thumb Code     0  rt_memcpy_w.o(.text)
    __aeabi_memcpy8                          0x08000c97   Thumb Code     0  rt_memcpy_w.o(.text)
    __rt_memcpy_w                            0x08000c97   Thumb Code   100  rt_memcpy_w.o(.text)
    _memcpy_lastbytes_aligned                0x08000cdf   Thumb Code     0  rt_memcpy_w.o(.text)
    __rt_locale                              0x08000cfd   Thumb Code     8  rt_locale_intlibspace.o(.text)
    _ll_udiv10                               0x08000d05   Thumb Code   138  lludiv10.o(.text)
    _printf_fp_infnan                        0x08000d91   Thumb Code   112  _printf_fp_infnan.o(.text)
    _btod_etento                             0x08000e11   Thumb Code   224  bigflt0.o(.text)
    __user_libspace                          0x08000ef5   Thumb Code     8  libspace.o(.text)
    __user_perproc_libspace                  0x08000ef5   Thumb Code     0  libspace.o(.text)
    __user_perthread_libspace                0x08000ef5   Thumb Code     0  libspace.o(.text)
    __user_setup_stackheap                   0x08000efd   Thumb Code    74  sys_stackheap_outer.o(.text)
    exit                                     0x08000f47   Thumb Code    18  exit.o(.text)
    strcmp                                   0x08000f59   Thumb Code   124  strcmpv7em.o(.text)
    _sys_exit                                0x08000fd5   Thumb Code     8  sys_exit.o(.text)
    __I$use$semihosting                      0x08000fe1   Thumb Code     0  use_no_semi.o(.text)
    __use_no_semihosting_swi                 0x08000fe1   Thumb Code     2  use_no_semi.o(.text)
    __semihosting_library_function           0x08000fe3   Thumb Code     0  indicate_semi.o(.text)
    ADC_IRQHandler                           0x08001071   Thumb Code    12  stm32f4xx_it.o(.text.ADC_IRQHandler)
    BME280_Config                            0x0800107d   Thumb Code   362  bme280_stm32.o(.text.BME280_Config)
    BME280_Measure                           0x080011e9   Thumb Code   800  bme280_stm32.o(.text.BME280_Measure)
    BusFault_Handler                         0x08001525   Thumb Code     2  stm32f4xx_it.o(.text.BusFault_Handler)
    DMA2_Stream0_IRQHandler                  0x08001529   Thumb Code    12  stm32f4xx_it.o(.text.DMA2_Stream0_IRQHandler)
    DebugMon_Handler                         0x08001535   Thumb Code     2  stm32f4xx_it.o(.text.DebugMon_Handler)
    Error_Handler                            0x08001539   Thumb Code     6  main.o(.text.Error_Handler)
    HAL_ADCEx_InjectedConvCpltCallback       0x08001541   Thumb Code     2  stm32f4xx_hal_adc_ex.o(.text.HAL_ADCEx_InjectedConvCpltCallback)
    HAL_ADC_ConfigChannel                    0x08001545   Thumb Code   368  stm32f4xx_hal_adc.o(.text.HAL_ADC_ConfigChannel)
    HAL_ADC_ConvCpltCallback                 0x080016b5   Thumb Code    14  main.o(.text.HAL_ADC_ConvCpltCallback)
    HAL_ADC_ConvHalfCpltCallback             0x080016c5   Thumb Code     2  stm32f4xx_hal_adc.o(.text.HAL_ADC_ConvHalfCpltCallback)
    HAL_ADC_ErrorCallback                    0x080016c9   Thumb Code     2  stm32f4xx_hal_adc.o(.text.HAL_ADC_ErrorCallback)
    HAL_ADC_IRQHandler                       0x080016cd   Thumb Code   310  stm32f4xx_hal_adc.o(.text.HAL_ADC_IRQHandler)
    HAL_ADC_Init                             0x08001805   Thumb Code   350  stm32f4xx_hal_adc.o(.text.HAL_ADC_Init)
    HAL_ADC_LevelOutOfWindowCallback         0x08001965   Thumb Code     2  stm32f4xx_hal_adc.o(.text.HAL_ADC_LevelOutOfWindowCallback)
    HAL_ADC_MspInit                          0x08001969   Thumb Code   190  stm32f4xx_hal_msp.o(.text.HAL_ADC_MspInit)
    HAL_ADC_Start_DMA                        0x08001a29   Thumb Code   416  stm32f4xx_hal_adc.o(.text.HAL_ADC_Start_DMA)
    HAL_DMA_IRQHandler                       0x08001bc9   Thumb Code   448  stm32f4xx_hal_dma.o(.text.HAL_DMA_IRQHandler)
    HAL_DMA_Init                             0x08001d89   Thumb Code   354  stm32f4xx_hal_dma.o(.text.HAL_DMA_Init)
    HAL_DMA_Start_IT                         0x08001eed   Thumb Code   162  stm32f4xx_hal_dma.o(.text.HAL_DMA_Start_IT)
    HAL_Delay                                0x08001f91   Thumb Code    40  stm32f4xx_hal.o(.text.HAL_Delay)
    HAL_GPIO_Init                            0x08001fb9   Thumb Code   414  stm32f4xx_hal_gpio.o(.text.HAL_GPIO_Init)
    HAL_GetTick                              0x08002159   Thumb Code    12  stm32f4xx_hal.o(.text.HAL_GetTick)
    HAL_I2CEx_ConfigAnalogFilter             0x08002165   Thumb Code    60  stm32f4xx_hal_i2c_ex.o(.text.HAL_I2CEx_ConfigAnalogFilter)
    HAL_I2CEx_ConfigDigitalFilter            0x080021a1   Thumb Code    64  stm32f4xx_hal_i2c_ex.o(.text.HAL_I2CEx_ConfigDigitalFilter)
    HAL_I2C_Init                             0x080021e1   Thumb Code   356  stm32f4xx_hal_i2c.o(.text.HAL_I2C_Init)
    HAL_I2C_IsDeviceReady                    0x08002345   Thumb Code   530  stm32f4xx_hal_i2c.o(.text.HAL_I2C_IsDeviceReady)
    HAL_I2C_Master_Transmit                  0x08002559   Thumb Code   476  stm32f4xx_hal_i2c.o(.text.HAL_I2C_Master_Transmit)
    HAL_I2C_Mem_Read                         0x08002735   Thumb Code   600  stm32f4xx_hal_i2c.o(.text.HAL_I2C_Mem_Read)
    HAL_I2C_Mem_Write                        0x0800298d   Thumb Code   348  stm32f4xx_hal_i2c.o(.text.HAL_I2C_Mem_Write)
    HAL_I2C_MspInit                          0x08002ae9   Thumb Code   106  stm32f4xx_hal_msp.o(.text.HAL_I2C_MspInit)
    HAL_IncTick                              0x08002b55   Thumb Code    26  stm32f4xx_hal.o(.text.HAL_IncTick)
    HAL_Init                                 0x08002b71   Thumb Code    54  stm32f4xx_hal.o(.text.HAL_Init)
    HAL_InitTick                             0x08002ba9   Thumb Code    72  stm32f4xx_hal.o(.text.HAL_InitTick)
    HAL_MspInit                              0x08002bf1   Thumb Code    56  stm32f4xx_hal_msp.o(.text.HAL_MspInit)
    HAL_NVIC_EnableIRQ                       0x08002c29   Thumb Code    34  stm32f4xx_hal_cortex.o(.text.HAL_NVIC_EnableIRQ)
    HAL_NVIC_SetPriority                     0x08002c4d   Thumb Code    86  stm32f4xx_hal_cortex.o(.text.HAL_NVIC_SetPriority)
    HAL_NVIC_SetPriorityGrouping             0x08002ca5   Thumb Code    32  stm32f4xx_hal_cortex.o(.text.HAL_NVIC_SetPriorityGrouping)
    HAL_PWR_EnterSLEEPMode                   0x08002cc5   Thumb Code    36  stm32f4xx_hal_pwr.o(.text.HAL_PWR_EnterSLEEPMode)
    HAL_RCC_ClockConfig                      0x08002ce9   Thumb Code   356  stm32f4xx_hal_rcc.o(.text.HAL_RCC_ClockConfig)
    HAL_RCC_GetPCLK1Freq                     0x08002e4d   Thumb Code    38  stm32f4xx_hal_rcc.o(.text.HAL_RCC_GetPCLK1Freq)
    HAL_RCC_GetPCLK2Freq                     0x08002e75   Thumb Code    38  stm32f4xx_hal_rcc.o(.text.HAL_RCC_GetPCLK2Freq)
    HAL_RCC_GetSysClockFreq                  0x08002e9d   Thumb Code   108  stm32f4xx_hal_rcc.o(.text.HAL_RCC_GetSysClockFreq)
    HAL_RCC_OscConfig                        0x08002f09   Thumb Code   944  stm32f4xx_hal_rcc.o(.text.HAL_RCC_OscConfig)
    HAL_ResumeTick                           0x080032b9   Thumb Code    18  stm32f4xx_hal.o(.text.HAL_ResumeTick)
    HAL_SYSTICK_Config                       0x080032cd   Thumb Code    44  stm32f4xx_hal_cortex.o(.text.HAL_SYSTICK_Config)
    HAL_SuspendTick                          0x080032f9   Thumb Code    18  stm32f4xx_hal.o(.text.HAL_SuspendTick)
    HAL_TIMEx_BreakCallback                  0x0800330d   Thumb Code     2  stm32f4xx_hal_tim_ex.o(.text.HAL_TIMEx_BreakCallback)
    HAL_TIMEx_CommutCallback                 0x08003311   Thumb Code     2  stm32f4xx_hal_tim_ex.o(.text.HAL_TIMEx_CommutCallback)
    HAL_TIMEx_MasterConfigSynchronization    0x08003315   Thumb Code   186  stm32f4xx_hal_tim_ex.o(.text.HAL_TIMEx_MasterConfigSynchronization)
    HAL_TIM_Base_Init                        0x080033d1   Thumb Code    90  stm32f4xx_hal_tim.o(.text.HAL_TIM_Base_Init)
    HAL_TIM_Base_MspInit                     0x0800342d   Thumb Code   112  stm32f4xx_hal_msp.o(.text.HAL_TIM_Base_MspInit)
    HAL_TIM_Base_Start                       0x0800349d   Thumb Code   162  stm32f4xx_hal_tim.o(.text.HAL_TIM_Base_Start)
    HAL_TIM_Base_Start_IT                    0x08003541   Thumb Code   170  stm32f4xx_hal_tim.o(.text.HAL_TIM_Base_Start_IT)
    HAL_TIM_ConfigClockSource                0x080035ed   Thumb Code   416  stm32f4xx_hal_tim.o(.text.HAL_TIM_ConfigClockSource)
    HAL_TIM_IC_CaptureCallback               0x0800378d   Thumb Code     2  stm32f4xx_hal_tim.o(.text.HAL_TIM_IC_CaptureCallback)
    HAL_TIM_IRQHandler                       0x08003791   Thumb Code   334  stm32f4xx_hal_tim.o(.text.HAL_TIM_IRQHandler)
    HAL_TIM_OC_DelayElapsedCallback          0x080038e1   Thumb Code     2  stm32f4xx_hal_tim.o(.text.HAL_TIM_OC_DelayElapsedCallback)
    HAL_TIM_PWM_PulseFinishedCallback        0x080038e5   Thumb Code     2  stm32f4xx_hal_tim.o(.text.HAL_TIM_PWM_PulseFinishedCallback)
    HAL_TIM_PeriodElapsedCallback            0x080038e9   Thumb Code    38  main.o(.text.HAL_TIM_PeriodElapsedCallback)
    HAL_TIM_TriggerCallback                  0x08003911   Thumb Code     2  stm32f4xx_hal_tim.o(.text.HAL_TIM_TriggerCallback)
    HAL_UART_Init                            0x08003915   Thumb Code    96  stm32f4xx_hal_uart.o(.text.HAL_UART_Init)
    HAL_UART_MspInit                         0x08003975   Thumb Code   108  stm32f4xx_hal_msp.o(.text.HAL_UART_MspInit)
    HAL_UART_Transmit                        0x080039e1   Thumb Code   376  stm32f4xx_hal_uart.o(.text.HAL_UART_Transmit)
    HardFault_Handler                        0x08003b59   Thumb Code     2  stm32f4xx_it.o(.text.HardFault_Handler)
    MemManage_Handler                        0x080041e5   Thumb Code     2  stm32f4xx_it.o(.text.MemManage_Handler)
    NMI_Handler                              0x080041e9   Thumb Code     2  stm32f4xx_it.o(.text.NMI_Handler)
    PendSV_Handler                           0x080041ed   Thumb Code     2  stm32f4xx_it.o(.text.PendSV_Handler)
    SSD1306_Fill                             0x080041f1   Thumb Code    28  ssd1306.o(.text.SSD1306_Fill)
    SSD1306_GotoXY                           0x0800420d   Thumb Code    14  ssd1306.o(.text.SSD1306_GotoXY)
    SSD1306_Init                             0x0800421d   Thumb Code   772  ssd1306.o(.text.SSD1306_Init)
    SSD1306_Putc                             0x08004521   Thumb Code   278  ssd1306.o(.text.SSD1306_Putc)
    SSD1306_Puts                             0x08004639   Thumb Code    56  ssd1306.o(.text.SSD1306_Puts)
    SSD1306_UpdateScreen                     0x08004671   Thumb Code   160  ssd1306.o(.text.SSD1306_UpdateScreen)
    SVC_Handler                              0x08004711   Thumb Code     2  stm32f4xx_it.o(.text.SVC_Handler)
    SysTick_Handler                          0x08004715   Thumb Code     4  stm32f4xx_it.o(.text.SysTick_Handler)
    SystemClock_Config                       0x08004719   Thumb Code   168  main.o(.text.SystemClock_Config)
    SystemInit                               0x080047c1   Thumb Code    18  system_stm32f4xx.o(.text.SystemInit)
    TIM6_DAC_IRQHandler                      0x080047d5   Thumb Code    12  stm32f4xx_it.o(.text.TIM6_DAC_IRQHandler)
    TIM_Base_SetConfig                       0x080047e1   Thumb Code   332  stm32f4xx_hal_tim.o(.text.TIM_Base_SetConfig)
    TrimRead                                 0x0800492d   Thumb Code   196  bme280_stm32.o(.text.TrimRead)
    UsageFault_Handler                       0x08004ae1   Thumb Code     2  stm32f4xx_it.o(.text.UsageFault_Handler)
    main                                     0x08004ae5   Thumb Code   756  main.o(.text.main)
    statechart_displayInfo                   0x08004fa9   Thumb Code   300  main.o(.text.statechart_displayInfo)
    statechart_enter                         0x08005135   Thumb Code    54  statechart.o(.text.statechart_enter)
    statechart_init                          0x0800516d   Thumb Code    30  statechart.o(.text.statechart_init)
    statechart_processData                   0x0800518d   Thumb Code   644  main.o(.text.statechart_processData)
    statechart_raise_eV_ADC_SampleReady      0x08005411   Thumb Code    48  statechart.o(.text.statechart_raise_eV_ADC_SampleReady)
    statechart_raise_timerIntr               0x08005441   Thumb Code    48  statechart.o(.text.statechart_raise_timerIntr)
    statechart_readI2CSensor                 0x08005471   Thumb Code    18  main.o(.text.statechart_readI2CSensor)
    statechart_saveADCSample                 0x08005485   Thumb Code    34  main.o(.text.statechart_saveADCSample)
    statechart_saveI2CSample                 0x080054a9   Thumb Code    24  main.o(.text.statechart_saveI2CSample)
    _btod_d2e                                0x080054c1   Thumb Code    62  btod.o(CL$$btod_d2e)
    _d2e_denorm_low                          0x080054ff   Thumb Code    70  btod.o(CL$$btod_d2e_denorm_low)
    _d2e_norm_op1                            0x08005545   Thumb Code    96  btod.o(CL$$btod_d2e_norm_op1)
    __btod_div_common                        0x080055a5   Thumb Code   696  btod.o(CL$$btod_div_common)
    _e2e                                     0x080058dd   Thumb Code   220  btod.o(CL$$btod_e2e)
    _btod_ediv                               0x080059b9   Thumb Code    42  btod.o(CL$$btod_ediv)
    _btod_emul                               0x080059e3   Thumb Code    42  btod.o(CL$$btod_emul)
    __btod_mult_common                       0x08005a0d   Thumb Code   580  btod.o(CL$$btod_mult_common)
    __ARM_fpclassify                         0x08005c51   Thumb Code    48  fpclassify.o(i.__ARM_fpclassify)
    _is_digit                                0x08005c81   Thumb Code    14  __printf_wp.o(i._is_digit)
    _get_lc_numeric                          0x08005c91   Thumb Code    44  lc_numeric_c.o(locale$$code)
    __aeabi_d2f                              0x08005cbd   Thumb Code     0  d2f.o(x$fpl$d2f)
    _d2f                                     0x08005cbd   Thumb Code    98  d2f.o(x$fpl$d2f)
    __aeabi_dadd                             0x08005d21   Thumb Code     0  daddsub_clz.o(x$fpl$dadd)
    _dadd                                    0x08005d21   Thumb Code   332  daddsub_clz.o(x$fpl$dadd)
    __aeabi_ddiv                             0x08005e71   Thumb Code     0  ddiv.o(x$fpl$ddiv)
    _ddiv                                    0x08005e71   Thumb Code   556  ddiv.o(x$fpl$ddiv)
    __aeabi_i2d                              0x08006125   Thumb Code     0  dflt_clz.o(x$fpl$dflt)
    _dflt                                    0x08006125   Thumb Code    46  dflt_clz.o(x$fpl$dflt)
    __aeabi_ui2d                             0x08006153   Thumb Code     0  dflt_clz.o(x$fpl$dfltu)
    _dfltu                                   0x08006153   Thumb Code    38  dflt_clz.o(x$fpl$dfltu)
    __aeabi_dmul                             0x08006179   Thumb Code     0  dmul.o(x$fpl$dmul)
    _dmul                                    0x08006179   Thumb Code   332  dmul.o(x$fpl$dmul)
    __fpl_dnaninf                            0x080062cd   Thumb Code   156  dnaninf.o(x$fpl$dnaninf)
    __fpl_dretinf                            0x08006369   Thumb Code    12  dretinf.o(x$fpl$dretinf)
    __aeabi_dsub                             0x08006375   Thumb Code     0  daddsub_clz.o(x$fpl$dsub)
    _dsub                                    0x08006375   Thumb Code   472  daddsub_clz.o(x$fpl$dsub)
    __aeabi_f2d                              0x08006551   Thumb Code     0  f2d.o(x$fpl$f2d)
    _f2d                                     0x08006551   Thumb Code    86  f2d.o(x$fpl$f2d)
    __fpl_fnaninf                            0x080065a7   Thumb Code   140  fnaninf.o(x$fpl$fnaninf)
    _fp_init                                 0x08006633   Thumb Code    26  fpinit.o(x$fpl$fpinit)
    __fplib_config_fpu_vfp                   0x0800664b   Thumb Code     0  fpinit.o(x$fpl$fpinit)
    __fplib_config_pureend_doubles           0x0800664b   Thumb Code     0  fpinit.o(x$fpl$fpinit)
    __fpl_fretinf                            0x0800664d   Thumb Code    10  fretinf.o(x$fpl$fretinf)
    _printf_fp_dec                           0x08006657   Thumb Code     4  printf1.o(x$fpl$printf1)
    __I$use$fp                               0x0800665a   Number         0  usenofp.o(x$fpl$usenofp)
    AHBPrescTable                            0x080066f0   Data          16  system_stm32f4xx.o(.rodata.AHBPrescTable)
    APBPrescTable                            0x08006700   Data           8  system_stm32f4xx.o(.rodata.APBPrescTable)
    Font7x10                                 0x08006708   Data        1900  fonts.o(.rodata.Font7x10)
    Region$$Table$$Base                      0x08006e7c   Number         0  anon$$obj.o(Region$$Table)
    Region$$Table$$Limit                     0x08006e9c   Number         0  anon$$obj.o(Region$$Table)
    uwTickFreq                               0x20000000   Data           1  stm32f4xx_hal.o(.data..L_MergedGlobals)
    uwTickPrio                               0x20000004   Data           4  stm32f4xx_hal.o(.data..L_MergedGlobals)
    Font_7x10                                0x20000008   Data           8  fonts.o(.data.Font_7x10)
    SystemCoreClock                          0x20000010   Data           4  system_stm32f4xx.o(.data.SystemCoreClock)
    __libspace_start                         0x20000018   Data          96  libspace.o(.bss)
    __temporary_stack_top$libspace           0x20000078   Data           0  libspace.o(.bss)
    cycle_end                                0x20000078   Data           4  main.o(.bss..L_MergedGlobals)
    once                                     0x2000007c   Data           4  main.o(.bss..L_MergedGlobals)
    Temperature                              0x20000080   Data           4  main.o(.bss..L_MergedGlobals)
    adc_rawdata                              0x20000084   Data           4  main.o(.bss..L_MergedGlobals)
    sumI2C                                   0x20000088   Data           4  main.o(.bss..L_MergedGlobals)
    sumADC1                                  0x2000008c   Data           4  main.o(.bss..L_MergedGlobals)
    sumADC2                                  0x20000090   Data           4  main.o(.bss..L_MergedGlobals)
    vidI2C                                   0x20000094   Data           4  main.o(.bss..L_MergedGlobals)
    vidADC1                                  0x20000098   Data           4  main.o(.bss..L_MergedGlobals)
    vidADC2                                  0x2000009c   Data           4  main.o(.bss..L_MergedGlobals)
    end                                      0x200000a0   Data           8  main.o(.bss..L_MergedGlobals)
    start                                    0x200000a8   Data           8  main.o(.bss..L_MergedGlobals)
    total_time                               0x200000b0   Data           8  main.o(.bss..L_MergedGlobals)
    sleep_sum                                0x200000b8   Data           8  main.o(.bss..L_MergedGlobals)
    sleep_start                              0x200000c0   Data           8  main.o(.bss..L_MergedGlobals)
    sleep_end                                0x200000c8   Data           8  main.o(.bss..L_MergedGlobals)
    DataBufferADC1                           0x200000d0   Data          30  main.o(.bss..L_MergedGlobals)
    chipID                                   0x200000f4   Data           1  bme280_stm32.o(.bss..L_MergedGlobals)
    dig_T1                                   0x200000f6   Data           2  bme280_stm32.o(.bss..L_MergedGlobals)
    dig_T2                                   0x200000f8   Data           2  bme280_stm32.o(.bss..L_MergedGlobals)
    dig_T3                                   0x200000fa   Data           2  bme280_stm32.o(.bss..L_MergedGlobals)
    dig_P1                                   0x200000fc   Data           2  bme280_stm32.o(.bss..L_MergedGlobals)
    dig_P2                                   0x200000fe   Data           2  bme280_stm32.o(.bss..L_MergedGlobals)
    dig_P3                                   0x20000100   Data           2  bme280_stm32.o(.bss..L_MergedGlobals)
    dig_P4                                   0x20000102   Data           2  bme280_stm32.o(.bss..L_MergedGlobals)
    dig_P5                                   0x20000104   Data           2  bme280_stm32.o(.bss..L_MergedGlobals)
    dig_P6                                   0x20000106   Data           2  bme280_stm32.o(.bss..L_MergedGlobals)
    dig_P7                                   0x20000108   Data           2  bme280_stm32.o(.bss..L_MergedGlobals)
    dig_P8                                   0x2000010a   Data           2  bme280_stm32.o(.bss..L_MergedGlobals)
    dig_P9                                   0x2000010c   Data           2  bme280_stm32.o(.bss..L_MergedGlobals)
    dig_H1                                   0x2000010e   Data           2  bme280_stm32.o(.bss..L_MergedGlobals)
    dig_H2                                   0x20000110   Data           2  bme280_stm32.o(.bss..L_MergedGlobals)
    dig_H3                                   0x20000112   Data           2  bme280_stm32.o(.bss..L_MergedGlobals)
    dig_H4                                   0x20000114   Data           2  bme280_stm32.o(.bss..L_MergedGlobals)
    dig_H5                                   0x20000116   Data           2  bme280_stm32.o(.bss..L_MergedGlobals)
    dig_H6                                   0x20000118   Data           2  bme280_stm32.o(.bss..L_MergedGlobals)
    pRaw                                     0x2000011c   Data           4  bme280_stm32.o(.bss..L_MergedGlobals)
    tRaw                                     0x20000120   Data           4  bme280_stm32.o(.bss..L_MergedGlobals)
    hRaw                                     0x20000124   Data           4  bme280_stm32.o(.bss..L_MergedGlobals)
    t_fine                                   0x20000128   Data           4  bme280_stm32.o(.bss..L_MergedGlobals)
    DataBufferADC2                           0x2000012c   Data          30  main.o(.bss..L_MergedGlobals.5)
    sc_handle                                0x2000014c   Data          60  main.o(.bss..L_MergedGlobals.5)
    DataBufferI2C                            0x20000188   Data          60  main.o(.bss.DataBufferI2C)
    Humidity                                 0x200001c4   Data           4  main.o(.bss.Humidity)
    Pressure                                 0x200001c8   Data           4  main.o(.bss.Pressure)
    hadc1                                    0x200005cc   Data          72  main.o(.bss.hadc1)
    hdma_adc1                                0x20000614   Data          96  main.o(.bss.hdma_adc1)
    hi2c1                                    0x20000674   Data          84  main.o(.bss.hi2c1)
    htim2                                    0x200006c8   Data          72  main.o(.bss.htim2)
    htim6                                    0x20000710   Data          72  main.o(.bss.htim6)
    huart1                                   0x20000758   Data          72  main.o(.bss.huart1)
    measure_nr                               0x200007a0   Data           4  main.o(.bss.measure_nr)
    uwTick                                   0x200007a4   Data           4  stm32f4xx_hal.o(.bss.uwTick)



==============================================================================

Memory Map of the image

  Image Entry point : 0x080001ad

  Load Region LR_IROM1 (Base: 0x08000000, Size: 0x00006ed0, Max: 0x00200000, ABSOLUTE)

    Execution Region ER_IROM1 (Exec base: 0x08000000, Load base: 0x08000000, Size: 0x00006eb8, Max: 0x00200000, ABSOLUTE)

    Exec Addr    Load Addr    Size         Type   Attr      Idx    E Section Name        Object

    0x08000000   0x08000000   0x000001ac   Data   RO            3    RESET               startup_stm32f429xx.o
    0x080001ac   0x080001ac   0x00000008   Code   RO         1437  * !!!main             c_w.l(__main.o)
    0x080001b4   0x080001b4   0x0000005c   Code   RO         1709    !!!scatter          c_w.l(__scatter.o)
    0x08000210   0x08000210   0x0000001a   Code   RO         1713    !!handler_copy      c_w.l(__scatter_copy.o)
    0x0800022a   0x0800022a   0x00000002   PAD
    0x0800022c   0x0800022c   0x00000002   Code   RO         1710    !!handler_null      c_w.l(__scatter.o)
    0x0800022e   0x0800022e   0x00000002   PAD
    0x08000230   0x08000230   0x0000001c   Code   RO         1715    !!handler_zi        c_w.l(__scatter_zi.o)
    0x0800024c   0x0800024c   0x00000000   Code   RO         1426    .ARM.Collect$$_printf_percent$$00000000  c_w.l(_printf_percent.o)
    0x0800024c   0x0800024c   0x00000006   Code   RO         1425    .ARM.Collect$$_printf_percent$$00000003  c_w.l(_printf_f.o)
    0x08000252   0x08000252   0x00000006   Code   RO         1424    .ARM.Collect$$_printf_percent$$0000000A  c_w.l(_printf_u.o)
    0x08000258   0x08000258   0x00000004   Code   RO         1478    .ARM.Collect$$_printf_percent$$00000017  c_w.l(_printf_percent_end.o)
    0x0800025c   0x0800025c   0x00000002   Code   RO         1572    .ARM.Collect$$libinit$$00000000  c_w.l(libinit.o)
    0x0800025e   0x0800025e   0x00000004   Code   RO         1573    .ARM.Collect$$libinit$$00000001  c_w.l(libinit2.o)
    0x08000262   0x08000262   0x00000000   Code   RO         1576    .ARM.Collect$$libinit$$00000004  c_w.l(libinit2.o)
    0x08000262   0x08000262   0x00000000   Code   RO         1578    .ARM.Collect$$libinit$$00000006  c_w.l(libinit2.o)
    0x08000262   0x08000262   0x00000000   Code   RO         1581    .ARM.Collect$$libinit$$0000000C  c_w.l(libinit2.o)
    0x08000262   0x08000262   0x00000000   Code   RO         1583    .ARM.Collect$$libinit$$0000000E  c_w.l(libinit2.o)
    0x08000262   0x08000262   0x00000000   Code   RO         1585    .ARM.Collect$$libinit$$00000010  c_w.l(libinit2.o)
    0x08000262   0x08000262   0x00000006   Code   RO         1586    .ARM.Collect$$libinit$$00000011  c_w.l(libinit2.o)
    0x08000268   0x08000268   0x00000000   Code   RO         1588    .ARM.Collect$$libinit$$00000013  c_w.l(libinit2.o)
    0x08000268   0x08000268   0x00000000   Code   RO         1590    .ARM.Collect$$libinit$$00000015  c_w.l(libinit2.o)
    0x08000268   0x08000268   0x00000000   Code   RO         1592    .ARM.Collect$$libinit$$00000017  c_w.l(libinit2.o)
    0x08000268   0x08000268   0x0000000a   Code   RO         1593    .ARM.Collect$$libinit$$00000018  c_w.l(libinit2.o)
    0x08000272   0x08000272   0x00000000   Code   RO         1594    .ARM.Collect$$libinit$$00000019  c_w.l(libinit2.o)
    0x08000272   0x08000272   0x00000000   Code   RO         1596    .ARM.Collect$$libinit$$0000001B  c_w.l(libinit2.o)
    0x08000272   0x08000272   0x00000000   Code   RO         1598    .ARM.Collect$$libinit$$0000001D  c_w.l(libinit2.o)
    0x08000272   0x08000272   0x00000000   Code   RO         1600    .ARM.Collect$$libinit$$0000001F  c_w.l(libinit2.o)
    0x08000272   0x08000272   0x00000000   Code   RO         1602    .ARM.Collect$$libinit$$00000021  c_w.l(libinit2.o)
    0x08000272   0x08000272   0x00000000   Code   RO         1604    .ARM.Collect$$libinit$$00000023  c_w.l(libinit2.o)
    0x08000272   0x08000272   0x00000000   Code   RO         1606    .ARM.Collect$$libinit$$00000025  c_w.l(libinit2.o)
    0x08000272   0x08000272   0x00000000   Code   RO         1608    .ARM.Collect$$libinit$$00000027  c_w.l(libinit2.o)
    0x08000272   0x08000272   0x00000000   Code   RO         1612    .ARM.Collect$$libinit$$0000002E  c_w.l(libinit2.o)
    0x08000272   0x08000272   0x00000000   Code   RO         1614    .ARM.Collect$$libinit$$00000030  c_w.l(libinit2.o)
    0x08000272   0x08000272   0x00000000   Code   RO         1616    .ARM.Collect$$libinit$$00000032  c_w.l(libinit2.o)
    0x08000272   0x08000272   0x00000000   Code   RO         1618    .ARM.Collect$$libinit$$00000034  c_w.l(libinit2.o)
    0x08000272   0x08000272   0x00000002   Code   RO         1619    .ARM.Collect$$libinit$$00000035  c_w.l(libinit2.o)
    0x08000274   0x08000274   0x00000002   Code   RO         1674    .ARM.Collect$$libshutdown$$00000000  c_w.l(libshutdown.o)
    0x08000276   0x08000276   0x00000000   Code   RO         1692    .ARM.Collect$$libshutdown$$00000002  c_w.l(libshutdown2.o)
    0x08000276   0x08000276   0x00000000   Code   RO         1694    .ARM.Collect$$libshutdown$$00000004  c_w.l(libshutdown2.o)
    0x08000276   0x08000276   0x00000000   Code   RO         1697    .ARM.Collect$$libshutdown$$00000007  c_w.l(libshutdown2.o)
    0x08000276   0x08000276   0x00000000   Code   RO         1700    .ARM.Collect$$libshutdown$$0000000A  c_w.l(libshutdown2.o)
    0x08000276   0x08000276   0x00000000   Code   RO         1702    .ARM.Collect$$libshutdown$$0000000C  c_w.l(libshutdown2.o)
    0x08000276   0x08000276   0x00000000   Code   RO         1705    .ARM.Collect$$libshutdown$$0000000F  c_w.l(libshutdown2.o)
    0x08000276   0x08000276   0x00000002   Code   RO         1706    .ARM.Collect$$libshutdown$$00000010  c_w.l(libshutdown2.o)
    0x08000278   0x08000278   0x00000000   Code   RO         1463    .ARM.Collect$$rtentry$$00000000  c_w.l(__rtentry.o)
    0x08000278   0x08000278   0x00000000   Code   RO         1491    .ARM.Collect$$rtentry$$00000002  c_w.l(__rtentry2.o)
    0x08000278   0x08000278   0x00000006   Code   RO         1503    .ARM.Collect$$rtentry$$00000004  c_w.l(__rtentry4.o)
    0x0800027e   0x0800027e   0x00000000   Code   RO         1493    .ARM.Collect$$rtentry$$00000009  c_w.l(__rtentry2.o)
    0x0800027e   0x0800027e   0x00000004   Code   RO         1494    .ARM.Collect$$rtentry$$0000000A  c_w.l(__rtentry2.o)
    0x08000282   0x08000282   0x00000000   Code   RO         1496    .ARM.Collect$$rtentry$$0000000C  c_w.l(__rtentry2.o)
    0x08000282   0x08000282   0x00000008   Code   RO         1497    .ARM.Collect$$rtentry$$0000000D  c_w.l(__rtentry2.o)
    0x0800028a   0x0800028a   0x00000002   Code   RO         1620    .ARM.Collect$$rtexit$$00000000  c_w.l(rtexit.o)
    0x0800028c   0x0800028c   0x00000000   Code   RO         1639    .ARM.Collect$$rtexit$$00000002  c_w.l(rtexit2.o)
    0x0800028c   0x0800028c   0x00000004   Code   RO         1640    .ARM.Collect$$rtexit$$00000003  c_w.l(rtexit2.o)
    0x08000290   0x08000290   0x00000006   Code   RO         1641    .ARM.Collect$$rtexit$$00000004  c_w.l(rtexit2.o)
    0x08000296   0x08000296   0x00000002   PAD
    0x08000298   0x08000298   0x00000040   Code   RO            4    .text               startup_stm32f429xx.o
    0x080002d8   0x080002d8   0x000000f0   Code   RO         1390    .text               c_w.l(lludivv7m.o)
    0x080003c8   0x080003c8   0x00000074   Code   RO         1392    .text               c_w.l(llsdiv.o)
    0x0800043c   0x0800043c   0x00000028   Code   RO         1396    .text               c_w.l(noretval__2sprintf.o)
    0x08000464   0x08000464   0x00000024   Code   RO         1400    .text               c_w.l(_printf_truncate.o)
    0x08000488   0x08000488   0x00000078   Code   RO         1402    .text               c_w.l(_printf_dec.o)
    0x08000500   0x08000500   0x00000160   Code   RO         1419    .text               c_w.l(__printf_ss_wp.o)
    0x08000660   0x08000660   0x0000003e   Code   RO         1427    .text               c_w.l(strlen.o)
    0x0800069e   0x0800069e   0x0000008a   Code   RO         1429    .text               c_w.l(rt_memcpy_v6.o)
    0x08000728   0x08000728   0x00000010   Code   RO         1431    .text               c_w.l(aeabi_memset4.o)
    0x08000738   0x08000738   0x0000004e   Code   RO         1433    .text               c_w.l(rt_memclr_w.o)
    0x08000786   0x08000786   0x00000006   Code   RO         1435    .text               c_w.l(heapauxi.o)
    0x0800078c   0x0800078c   0x000000b2   Code   RO         1468    .text               c_w.l(_printf_intcommon.o)
    0x0800083e   0x0800083e   0x0000041c   Code   RO         1470    .text               c_w.l(_printf_fp_dec.o)
    0x08000c5a   0x08000c5a   0x00000002   PAD
    0x08000c5c   0x08000c5c   0x00000030   Code   RO         1474    .text               c_w.l(_printf_char_common.o)
    0x08000c8c   0x08000c8c   0x0000000a   Code   RO         1476    .text               c_w.l(_sputc.o)
    0x08000c96   0x08000c96   0x00000064   Code   RO         1479    .text               c_w.l(rt_memcpy_w.o)
    0x08000cfa   0x08000cfa   0x00000002   PAD
    0x08000cfc   0x08000cfc   0x00000008   Code   RO         1510    .text               c_w.l(rt_locale_intlibspace.o)
    0x08000d04   0x08000d04   0x0000008a   Code   RO         1512    .text               c_w.l(lludiv10.o)
    0x08000d8e   0x08000d8e   0x00000002   PAD
    0x08000d90   0x08000d90   0x00000080   Code   RO         1514    .text               c_w.l(_printf_fp_infnan.o)
    0x08000e10   0x08000e10   0x000000e4   Code   RO         1518    .text               c_w.l(bigflt0.o)
    0x08000ef4   0x08000ef4   0x00000008   Code   RO         1552    .text               c_w.l(libspace.o)
    0x08000efc   0x08000efc   0x0000004a   Code   RO         1555    .text               c_w.l(sys_stackheap_outer.o)
    0x08000f46   0x08000f46   0x00000012   Code   RO         1559    .text               c_w.l(exit.o)
    0x08000f58   0x08000f58   0x0000007c   Code   RO         1565    .text               c_w.l(strcmpv7em.o)
    0x08000fd4   0x08000fd4   0x0000000c   Code   RO         1634    .text               c_w.l(sys_exit.o)
    0x08000fe0   0x08000fe0   0x00000002   Code   RO         1661    .text               c_w.l(use_no_semi.o)
    0x08000fe2   0x08000fe2   0x00000000   Code   RO         1663    .text               c_w.l(indicate_semi.o)
    0x08000fe2   0x08000fe2   0x00000002   PAD
    0x08000fe4   0x08000fe4   0x0000006e   Code   RO          146    .text.ADC_DMAConvCplt  stm32f4xx_hal_adc.o
    0x08001052   0x08001052   0x00000002   PAD
    0x08001054   0x08001054   0x00000012   Code   RO          150    .text.ADC_DMAError  stm32f4xx_hal_adc.o
    0x08001066   0x08001066   0x00000002   PAD
    0x08001068   0x08001068   0x00000006   Code   RO          148    .text.ADC_DMAHalfConvCplt  stm32f4xx_hal_adc.o
    0x0800106e   0x0800106e   0x00000002   PAD
    0x08001070   0x08001070   0x0000000c   Code   RO           77    .text.ADC_IRQHandler  stm32f4xx_it.o
    0x0800107c   0x0800107c   0x0000016a   Code   RO         1365    .text.BME280_Config  bme280_stm32.o
    0x080011e6   0x080011e6   0x00000002   PAD
    0x080011e8   0x080011e8   0x0000033c   Code   RO         1377    .text.BME280_Measure  bme280_stm32.o
    0x08001524   0x08001524   0x00000002   Code   RO           65    .text.BusFault_Handler  stm32f4xx_it.o
    0x08001526   0x08001526   0x00000002   PAD
    0x08001528   0x08001528   0x0000000c   Code   RO           81    .text.DMA2_Stream0_IRQHandler  stm32f4xx_it.o
    0x08001534   0x08001534   0x00000002   Code   RO           71    .text.DebugMon_Handler  stm32f4xx_it.o
    0x08001536   0x08001536   0x00000002   PAD
    0x08001538   0x08001538   0x00000006   Code   RO           35    .text.Error_Handler  main.o
    0x0800153e   0x0800153e   0x00000002   PAD
    0x08001540   0x08001540   0x00000002   Code   RO          198    .text.HAL_ADCEx_InjectedConvCpltCallback  stm32f4xx_hal_adc_ex.o
    0x08001542   0x08001542   0x00000002   PAD
    0x08001544   0x08001544   0x00000170   Code   RO          158    .text.HAL_ADC_ConfigChannel  stm32f4xx_hal_adc.o
    0x080016b4   0x080016b4   0x0000000e   Code   RO           29    .text.HAL_ADC_ConvCpltCallback  main.o
    0x080016c2   0x080016c2   0x00000002   PAD
    0x080016c4   0x080016c4   0x00000002   Code   RO          156    .text.HAL_ADC_ConvHalfCpltCallback  stm32f4xx_hal_adc.o
    0x080016c6   0x080016c6   0x00000002   PAD
    0x080016c8   0x080016c8   0x00000002   Code   RO          142    .text.HAL_ADC_ErrorCallback  stm32f4xx_hal_adc.o
    0x080016ca   0x080016ca   0x00000002   PAD
    0x080016cc   0x080016cc   0x00000136   Code   RO          136    .text.HAL_ADC_IRQHandler  stm32f4xx_hal_adc.o
    0x08001802   0x08001802   0x00000002   PAD
    0x08001804   0x08001804   0x0000015e   Code   RO          116    .text.HAL_ADC_Init  stm32f4xx_hal_adc.o
    0x08001962   0x08001962   0x00000002   PAD
    0x08001964   0x08001964   0x00000002   Code   RO          140    .text.HAL_ADC_LevelOutOfWindowCallback  stm32f4xx_hal_adc.o
    0x08001966   0x08001966   0x00000002   PAD
    0x08001968   0x08001968   0x000000be   Code   RO           92    .text.HAL_ADC_MspInit  stm32f4xx_hal_msp.o
    0x08001a26   0x08001a26   0x00000002   PAD
    0x08001a28   0x08001a28   0x000001a0   Code   RO          144    .text.HAL_ADC_Start_DMA  stm32f4xx_hal_adc.o
    0x08001bc8   0x08001bc8   0x000001c0   Code   RO          389    .text.HAL_DMA_IRQHandler  stm32f4xx_hal_dma.o
    0x08001d88   0x08001d88   0x00000162   Code   RO          375    .text.HAL_DMA_Init  stm32f4xx_hal_dma.o
    0x08001eea   0x08001eea   0x00000002   PAD
    0x08001eec   0x08001eec   0x000000a2   Code   RO          381    .text.HAL_DMA_Start_IT  stm32f4xx_hal_dma.o
    0x08001f8e   0x08001f8e   0x00000002   PAD
    0x08001f90   0x08001f90   0x00000028   Code   RO          544    .text.HAL_Delay     stm32f4xx_hal.o
    0x08001fb8   0x08001fb8   0x0000019e   Code   RO          337    .text.HAL_GPIO_Init  stm32f4xx_hal_gpio.o
    0x08002156   0x08002156   0x00000002   PAD
    0x08002158   0x08002158   0x0000000c   Code   RO          536    .text.HAL_GetTick   stm32f4xx_hal.o
    0x08002164   0x08002164   0x0000003c   Code   RO          756    .text.HAL_I2CEx_ConfigAnalogFilter  stm32f4xx_hal_i2c_ex.o
    0x080021a0   0x080021a0   0x00000040   Code   RO          758    .text.HAL_I2CEx_ConfigDigitalFilter  stm32f4xx_hal_i2c_ex.o
    0x080021e0   0x080021e0   0x00000164   Code   RO          618    .text.HAL_I2C_Init  stm32f4xx_hal_i2c.o
    0x08002344   0x08002344   0x00000212   Code   RO          678    .text.HAL_I2C_IsDeviceReady  stm32f4xx_hal_i2c.o
    0x08002556   0x08002556   0x00000002   PAD
    0x08002558   0x08002558   0x000001dc   Code   RO          626    .text.HAL_I2C_Master_Transmit  stm32f4xx_hal_i2c.o
    0x08002734   0x08002734   0x00000258   Code   RO          666    .text.HAL_I2C_Mem_Read  stm32f4xx_hal_i2c.o
    0x0800298c   0x0800298c   0x0000015c   Code   RO          662    .text.HAL_I2C_Mem_Write  stm32f4xx_hal_i2c.o
    0x08002ae8   0x08002ae8   0x0000006a   Code   RO           96    .text.HAL_I2C_MspInit  stm32f4xx_hal_msp.o
    0x08002b52   0x08002b52   0x00000002   PAD
    0x08002b54   0x08002b54   0x0000001a   Code   RO          534    .text.HAL_IncTick   stm32f4xx_hal.o
    0x08002b6e   0x08002b6e   0x00000002   PAD
    0x08002b70   0x08002b70   0x00000036   Code   RO          524    .text.HAL_Init      stm32f4xx_hal.o
    0x08002ba6   0x08002ba6   0x00000002   PAD
    0x08002ba8   0x08002ba8   0x00000048   Code   RO          526    .text.HAL_InitTick  stm32f4xx_hal.o
    0x08002bf0   0x08002bf0   0x00000038   Code   RO           90    .text.HAL_MspInit   stm32f4xx_hal_msp.o
    0x08002c28   0x08002c28   0x00000022   Code   RO          480    .text.HAL_NVIC_EnableIRQ  stm32f4xx_hal_cortex.o
    0x08002c4a   0x08002c4a   0x00000002   PAD
    0x08002c4c   0x08002c4c   0x00000056   Code   RO          478    .text.HAL_NVIC_SetPriority  stm32f4xx_hal_cortex.o
    0x08002ca2   0x08002ca2   0x00000002   PAD
    0x08002ca4   0x08002ca4   0x00000020   Code   RO          476    .text.HAL_NVIC_SetPriorityGrouping  stm32f4xx_hal_cortex.o
    0x08002cc4   0x08002cc4   0x00000024   Code   RO          424    .text.HAL_PWR_EnterSLEEPMode  stm32f4xx_hal_pwr.o
    0x08002ce8   0x08002ce8   0x00000164   Code   RO          217    .text.HAL_RCC_ClockConfig  stm32f4xx_hal_rcc.o
    0x08002e4c   0x08002e4c   0x00000026   Code   RO          229    .text.HAL_RCC_GetPCLK1Freq  stm32f4xx_hal_rcc.o
    0x08002e72   0x08002e72   0x00000002   PAD
    0x08002e74   0x08002e74   0x00000026   Code   RO          231    .text.HAL_RCC_GetPCLK2Freq  stm32f4xx_hal_rcc.o
    0x08002e9a   0x08002e9a   0x00000002   PAD
    0x08002e9c   0x08002e9c   0x0000006c   Code   RO          219    .text.HAL_RCC_GetSysClockFreq  stm32f4xx_hal_rcc.o
    0x08002f08   0x08002f08   0x000003b0   Code   RO          215    .text.HAL_RCC_OscConfig  stm32f4xx_hal_rcc.o
    0x080032b8   0x080032b8   0x00000012   Code   RO          548    .text.HAL_ResumeTick  stm32f4xx_hal.o
    0x080032ca   0x080032ca   0x00000002   PAD
    0x080032cc   0x080032cc   0x0000002c   Code   RO          488    .text.HAL_SYSTICK_Config  stm32f4xx_hal_cortex.o
    0x080032f8   0x080032f8   0x00000012   Code   RO          546    .text.HAL_SuspendTick  stm32f4xx_hal.o
    0x0800330a   0x0800330a   0x00000002   PAD
    0x0800330c   0x0800330c   0x00000002   Code   RO         1073    .text.HAL_TIMEx_BreakCallback  stm32f4xx_hal_tim_ex.o
    0x0800330e   0x0800330e   0x00000002   PAD
    0x08003310   0x08003310   0x00000002   Code   RO         1069    .text.HAL_TIMEx_CommutCallback  stm32f4xx_hal_tim_ex.o
    0x08003312   0x08003312   0x00000002   PAD
    0x08003314   0x08003314   0x000000ba   Code   RO         1063    .text.HAL_TIMEx_MasterConfigSynchronization  stm32f4xx_hal_tim_ex.o
    0x080033ce   0x080033ce   0x00000002   PAD
    0x080033d0   0x080033d0   0x0000005a   Code   RO          768    .text.HAL_TIM_Base_Init  stm32f4xx_hal_tim.o
    0x0800342a   0x0800342a   0x00000002   PAD
    0x0800342c   0x0800342c   0x00000070   Code   RO          100    .text.HAL_TIM_Base_MspInit  stm32f4xx_hal_msp.o
    0x0800349c   0x0800349c   0x000000a2   Code   RO          778    .text.HAL_TIM_Base_Start  stm32f4xx_hal_tim.o
    0x0800353e   0x0800353e   0x00000002   PAD
    0x08003540   0x08003540   0x000000aa   Code   RO          782    .text.HAL_TIM_Base_Start_IT  stm32f4xx_hal_tim.o
    0x080035ea   0x080035ea   0x00000002   PAD
    0x080035ec   0x080035ec   0x000001a0   Code   RO          948    .text.HAL_TIM_ConfigClockSource  stm32f4xx_hal_tim.o
    0x0800378c   0x0800378c   0x00000002   Code   RO          904    .text.HAL_TIM_IC_CaptureCallback  stm32f4xx_hal_tim.o
    0x0800378e   0x0800378e   0x00000002   PAD
    0x08003790   0x08003790   0x0000014e   Code   RO          902    .text.HAL_TIM_IRQHandler  stm32f4xx_hal_tim.o
    0x080038de   0x080038de   0x00000002   PAD
    0x080038e0   0x080038e0   0x00000002   Code   RO          906    .text.HAL_TIM_OC_DelayElapsedCallback  stm32f4xx_hal_tim.o
    0x080038e2   0x080038e2   0x00000002   PAD
    0x080038e4   0x080038e4   0x00000002   Code   RO          908    .text.HAL_TIM_PWM_PulseFinishedCallback  stm32f4xx_hal_tim.o
    0x080038e6   0x080038e6   0x00000002   PAD
    0x080038e8   0x080038e8   0x00000026   Code   RO           17    .text.HAL_TIM_PeriodElapsedCallback  main.o
    0x0800390e   0x0800390e   0x00000002   PAD
    0x08003910   0x08003910   0x00000002   Code   RO          912    .text.HAL_TIM_TriggerCallback  stm32f4xx_hal_tim.o
    0x08003912   0x08003912   0x00000002   PAD
    0x08003914   0x08003914   0x00000060   Code   RO         1087    .text.HAL_UART_Init  stm32f4xx_hal_uart.o
    0x08003974   0x08003974   0x0000006c   Code   RO          104    .text.HAL_UART_MspInit  stm32f4xx_hal_msp.o
    0x080039e0   0x080039e0   0x00000178   Code   RO         1103    .text.HAL_UART_Transmit  stm32f4xx_hal_uart.o
    0x08003b58   0x08003b58   0x00000002   Code   RO           61    .text.HardFault_Handler  stm32f4xx_it.o
    0x08003b5a   0x08003b5a   0x00000002   PAD
    0x08003b5c   0x08003b5c   0x00000112   Code   RO          668    .text.I2C_RequestMemoryRead  stm32f4xx_hal_i2c.o
    0x08003c6e   0x08003c6e   0x00000002   PAD
    0x08003c70   0x08003c70   0x000000c8   Code   RO          664    .text.I2C_RequestMemoryWrite  stm32f4xx_hal_i2c.o
    0x08003d38   0x08003d38   0x000000ba   Code   RO          632    .text.I2C_WaitOnBTFFlagUntilTimeout  stm32f4xx_hal_i2c.o
    0x08003df2   0x08003df2   0x00000002   PAD
    0x08003df4   0x08003df4   0x000001ca   Code   RO          628    .text.I2C_WaitOnFlagUntilTimeout  stm32f4xx_hal_i2c.o
    0x08003fbe   0x08003fbe   0x00000002   PAD
    0x08003fc0   0x08003fc0   0x000000d6   Code   RO          746    .text.I2C_WaitOnMasterAddressFlagUntilTimeout  stm32f4xx_hal_i2c.o
    0x08004096   0x08004096   0x00000002   PAD
    0x08004098   0x08004098   0x00000090   Code   RO          636    .text.I2C_WaitOnRXNEFlagUntilTimeout  stm32f4xx_hal_i2c.o
    0x08004128   0x08004128   0x000000ba   Code   RO          630    .text.I2C_WaitOnTXEFlagUntilTimeout  stm32f4xx_hal_i2c.o
    0x080041e2   0x080041e2   0x00000002   PAD
    0x080041e4   0x080041e4   0x00000002   Code   RO           63    .text.MemManage_Handler  stm32f4xx_it.o
    0x080041e6   0x080041e6   0x00000002   PAD
    0x080041e8   0x080041e8   0x00000002   Code   RO           59    .text.NMI_Handler   stm32f4xx_it.o
    0x080041ea   0x080041ea   0x00000002   PAD
    0x080041ec   0x080041ec   0x00000002   Code   RO           73    .text.PendSV_Handler  stm32f4xx_it.o
    0x080041ee   0x080041ee   0x00000002   PAD
    0x080041f0   0x080041f0   0x0000001c   Code   RO         1282    .text.SSD1306_Fill  ssd1306.o
    0x0800420c   0x0800420c   0x0000000e   Code   RO         1290    .text.SSD1306_GotoXY  ssd1306.o
    0x0800421a   0x0800421a   0x00000002   PAD
    0x0800421c   0x0800421c   0x00000304   Code   RO         1280    .text.SSD1306_Init  ssd1306.o
    0x08004520   0x08004520   0x00000116   Code   RO         1292    .text.SSD1306_Putc  ssd1306.o
    0x08004636   0x08004636   0x00000002   PAD
    0x08004638   0x08004638   0x00000038   Code   RO         1294    .text.SSD1306_Puts  ssd1306.o
    0x08004670   0x08004670   0x000000a0   Code   RO         1284    .text.SSD1306_UpdateScreen  ssd1306.o
    0x08004710   0x08004710   0x00000002   Code   RO           69    .text.SVC_Handler   stm32f4xx_it.o
    0x08004712   0x08004712   0x00000002   PAD
    0x08004714   0x08004714   0x00000004   Code   RO           75    .text.SysTick_Handler  stm32f4xx_it.o
    0x08004718   0x08004718   0x000000a8   Code   RO           33    .text.SystemClock_Config  main.o
    0x080047c0   0x080047c0   0x00000012   Code   RO         1209    .text.SystemInit    system_stm32f4xx.o
    0x080047d2   0x080047d2   0x00000002   PAD
    0x080047d4   0x080047d4   0x0000000c   Code   RO           79    .text.TIM6_DAC_IRQHandler  stm32f4xx_it.o
    0x080047e0   0x080047e0   0x0000014c   Code   RO          772    .text.TIM_Base_SetConfig  stm32f4xx_hal_tim.o
    0x0800492c   0x0800492c   0x000000c4   Code   RO         1363    .text.TrimRead      bme280_stm32.o
    0x080049f0   0x080049f0   0x000000ee   Code   RO         1091    .text.UART_SetConfig  stm32f4xx_hal_uart.o
    0x08004ade   0x08004ade   0x00000002   PAD
    0x08004ae0   0x08004ae0   0x00000002   Code   RO           67    .text.UsageFault_Handler  stm32f4xx_it.o
    0x08004ae2   0x08004ae2   0x00000002   PAD
    0x08004ae4   0x08004ae4   0x000002f4   Code   RO           31    .text.main          main.o
    0x08004dd8   0x08004dd8   0x000000b2   Code   RO         1232    .text.micro_step    statechart.o
    0x08004e8a   0x08004e8a   0x00000002   PAD
    0x08004e8c   0x08004e8c   0x0000011a   Code   RO         1238    .text.run_cycle     statechart.o
    0x08004fa6   0x08004fa6   0x00000002   PAD
    0x08004fa8   0x08004fa8   0x0000018c   Code   RO           27    .text.statechart_displayInfo  main.o
    0x08005134   0x08005134   0x00000036   Code   RO         1230    .text.statechart_enter  statechart.o
    0x0800516a   0x0800516a   0x00000002   PAD
    0x0800516c   0x0800516c   0x0000001e   Code   RO         1224    .text.statechart_init  statechart.o
    0x0800518a   0x0800518a   0x00000002   PAD
    0x0800518c   0x0800518c   0x00000284   Code   RO           25    .text.statechart_processData  main.o
    0x08005410   0x08005410   0x00000030   Code   RO         1248    .text.statechart_raise_eV_ADC_SampleReady  statechart.o
    0x08005440   0x08005440   0x00000030   Code   RO         1246    .text.statechart_raise_timerIntr  statechart.o
    0x08005470   0x08005470   0x00000012   Code   RO           19    .text.statechart_readI2CSensor  main.o
    0x08005482   0x08005482   0x00000002   PAD
    0x08005484   0x08005484   0x00000022   Code   RO           23    .text.statechart_saveADCSample  main.o
    0x080054a6   0x080054a6   0x00000002   PAD
    0x080054a8   0x080054a8   0x00000018   Code   RO           21    .text.statechart_saveI2CSample  main.o
    0x080054c0   0x080054c0   0x0000003e   Code   RO         1521    CL$$btod_d2e        c_w.l(btod.o)
    0x080054fe   0x080054fe   0x00000046   Code   RO         1523    CL$$btod_d2e_denorm_low  c_w.l(btod.o)
    0x08005544   0x08005544   0x00000060   Code   RO         1522    CL$$btod_d2e_norm_op1  c_w.l(btod.o)
    0x080055a4   0x080055a4   0x00000338   Code   RO         1531    CL$$btod_div_common  c_w.l(btod.o)
    0x080058dc   0x080058dc   0x000000dc   Code   RO         1528    CL$$btod_e2e        c_w.l(btod.o)
    0x080059b8   0x080059b8   0x0000002a   Code   RO         1525    CL$$btod_ediv       c_w.l(btod.o)
    0x080059e2   0x080059e2   0x0000002a   Code   RO         1524    CL$$btod_emul       c_w.l(btod.o)
    0x08005a0c   0x08005a0c   0x00000244   Code   RO         1530    CL$$btod_mult_common  c_w.l(btod.o)
    0x08005c50   0x08005c50   0x00000030   Code   RO         1550    i.__ARM_fpclassify  m_wm.l(fpclassify.o)
    0x08005c80   0x08005c80   0x0000000e   Code   RO         1414    i._is_digit         c_w.l(__printf_wp.o)
    0x08005c8e   0x08005c8e   0x00000002   PAD
    0x08005c90   0x08005c90   0x0000002c   Code   RO         1546    locale$$code        c_w.l(lc_numeric_c.o)
    0x08005cbc   0x08005cbc   0x00000062   Code   RO         1439    x$fpl$d2f           fz_wm.l(d2f.o)
    0x08005d1e   0x08005d1e   0x00000002   PAD
    0x08005d20   0x08005d20   0x00000150   Code   RO         1441    x$fpl$dadd          fz_wm.l(daddsub_clz.o)
    0x08005e70   0x08005e70   0x000002b4   Code   RO         1448    x$fpl$ddiv          fz_wm.l(ddiv.o)
    0x08006124   0x08006124   0x0000002e   Code   RO         1452    x$fpl$dflt          fz_wm.l(dflt_clz.o)
    0x08006152   0x08006152   0x00000026   Code   RO         1451    x$fpl$dfltu         fz_wm.l(dflt_clz.o)
    0x08006178   0x08006178   0x00000154   Code   RO         1457    x$fpl$dmul          fz_wm.l(dmul.o)
    0x080062cc   0x080062cc   0x0000009c   Code   RO         1481    x$fpl$dnaninf       fz_wm.l(dnaninf.o)
    0x08006368   0x08006368   0x0000000c   Code   RO         1483    x$fpl$dretinf       fz_wm.l(dretinf.o)
    0x08006374   0x08006374   0x000001dc   Code   RO         1443    x$fpl$dsub          fz_wm.l(daddsub_clz.o)
    0x08006550   0x08006550   0x00000056   Code   RO         1459    x$fpl$f2d           fz_wm.l(f2d.o)
    0x080065a6   0x080065a6   0x0000008c   Code   RO         1485    x$fpl$fnaninf       fz_wm.l(fnaninf.o)
    0x08006632   0x08006632   0x0000001a   Code   RO         1632    x$fpl$fpinit        fz_wm.l(fpinit.o)
    0x0800664c   0x0800664c   0x0000000a   Code   RO         1487    x$fpl$fretinf       fz_wm.l(fretinf.o)
    0x08006656   0x08006656   0x00000004   Code   RO         1461    x$fpl$printf1       fz_wm.l(printf1.o)
    0x0800665a   0x0800665a   0x00000000   Code   RO         1489    x$fpl$usenofp       fz_wm.l(usenofp.o)
    0x0800665a   0x0800665a   0x00000002   PAD
    0x0800665c   0x0800665c   0x00000094   Data   RO         1519    .constdata          c_w.l(bigflt0.o)
    0x080066f0   0x080066f0   0x00000010   Data   RO         1214    .rodata.AHBPrescTable  system_stm32f4xx.o
    0x08006700   0x08006700   0x00000008   Data   RO         1215    .rodata.APBPrescTable  system_stm32f4xx.o
    0x08006708   0x08006708   0x0000076c   Data   RO         1350    .rodata.Font7x10    fonts.o
    0x08006e74   0x08006e74   0x00000008   Data   RO          399    .rodata.cst8        stm32f4xx_hal_dma.o
    0x08006e7c   0x08006e7c   0x00000020   Data   RO         1708    Region$$Table       anon$$obj.o
    0x08006e9c   0x08006e9c   0x0000001c   Data   RO         1545    locale$$data        c_w.l(lc_numeric_c.o)


    Execution Region RW_IRAM2 (Exec base: 0x10000000, Load base: 0x08006ed0, Size: 0x00000000, Max: 0x00010000, ABSOLUTE)

    **** No section assigned to this execution region ****


    Execution Region RW_IRAM1 (Exec base: 0x20000000, Load base: 0x08006eb8, Size: 0x00000da8, Max: 0x00030000, ABSOLUTE)

    Exec Addr    Load Addr    Size         Type   Attr      Idx    E Section Name        Object

    0x20000000   0x08006eb8   0x00000008   Data   RW          583    .data..L_MergedGlobals  stm32f4xx_hal.o
    0x20000008   0x08006ec0   0x00000008   Data   RW         1353    .data.Font_7x10     fonts.o
    0x20000010   0x08006ec8   0x00000004   Data   RW         1213    .data.SystemCoreClock  system_stm32f4xx.o
    0x20000014   0x08006ecc   0x00000004   PAD
    0x20000018        -       0x00000060   Zero   RW         1553    .bss                c_w.l(libspace.o)
    0x20000078        -       0x00000076   Zero   RW           49    .bss..L_MergedGlobals  main.o
    0x200000ee        -       0x00000006   Zero   RW         1319    .bss..L_MergedGlobals  ssd1306.o
    0x200000f4        -       0x00000038   Zero   RW         1380    .bss..L_MergedGlobals  bme280_stm32.o
    0x2000012c        -       0x0000005c   Zero   RW           50    .bss..L_MergedGlobals.5  main.o
    0x20000188        -       0x0000003c   Zero   RW           39    .bss.DataBufferI2C  main.o
    0x200001c4        -       0x00000004   Zero   RW           46    .bss.Humidity       main.o
    0x200001c8        -       0x00000004   Zero   RW           45    .bss.Pressure       main.o
    0x200001cc        -       0x00000400   Zero   RW         1318    .bss.SSD1306_Buffer  ssd1306.o
    0x200005cc        -       0x00000048   Zero   RW           41    .bss.hadc1          main.o
    0x20000614        -       0x00000060   Zero   RW           43    .bss.hdma_adc1      main.o
    0x20000674        -       0x00000054   Zero   RW           44    .bss.hi2c1          main.o
    0x200006c8        -       0x00000048   Zero   RW           42    .bss.htim2          main.o
    0x20000710        -       0x00000048   Zero   RW           38    .bss.htim6          main.o
    0x20000758        -       0x00000048   Zero   RW           40    .bss.huart1         main.o
    0x200007a0        -       0x00000004   Zero   RW           37    .bss.measure_nr     main.o
    0x200007a4        -       0x00000004   Zero   RW          582    .bss.uwTick         stm32f4xx_hal.o
    0x200007a8        -       0x00000200   Zero   RW            2    HEAP                startup_stm32f429xx.o
    0x200009a8        -       0x00000400   Zero   RW            1    STACK               startup_stm32f429xx.o


==============================================================================

Image component sizes


      Code (inc. data)   RO Data    RW Data    ZI Data      Debug   Object Name

      1386         28          0          0         56       6833   bme280_stm32.o
         0          0       1900          8          0       1314   fonts.o
      2098         96          0          0        750      18968   main.o
      1308          0          0          0       1030      28635   ssd1306.o
        64         26        428          0       1536        888   startup_stm32f429xx.o
       640         16          0          0          0      10033   statechart.o
       240          0          0          8          4       7742   stm32f4xx_hal.o
      1584          0          0          0          0      12313   stm32f4xx_hal_adc.o
         2          0          0          0          0      10007   stm32f4xx_hal_adc_ex.o
       196          0          0          0          0      10762   stm32f4xx_hal_cortex.o
       964          6          8          0          0      10772   stm32f4xx_hal_dma.o
       414          0          0          0          0       5414   stm32f4xx_hal_gpio.o
      3972          0          0          0          0      43922   stm32f4xx_hal_i2c.o
       124          0          0          0          0       4157   stm32f4xx_hal_i2c_ex.o
       572          0          0          0          0      13073   stm32f4xx_hal_msp.o
        36          0          0          0          0       4694   stm32f4xx_hal_pwr.o
      1484          0          0          0          0       7530   stm32f4xx_hal_rcc.o
      1512          0          0          0          0      55610   stm32f4xx_hal_tim.o
       190          0          0          0          0      21060   stm32f4xx_hal_tim_ex.o
       710          0          0          0          0      32140   stm32f4xx_hal_uart.o
        56          0          0          0          0       5735   stm32f4xx_it.o
        18          0         24          4          0       2730   system_stm32f4xx.o

    ----------------------------------------------------------------------
     17692        172       2392         20       3380     314332   Object Totals
         0          0         32          0          0          0   (incl. Generated)
       122          0          0          0          4          0   (incl. Padding)

    ----------------------------------------------------------------------

      Code (inc. data)   RO Data    RW Data    ZI Data      Debug   Library Member Name

         8          0          0          0          0         68   __main.o
       352          0          0          0          0         88   __printf_ss_wp.o
        14          0          0          0          0         68   __printf_wp.o
         0          0          0          0          0          0   __rtentry.o
        12          0          0          0          0          0   __rtentry2.o
         6          0          0          0          0          0   __rtentry4.o
        94          8          0          0          0          0   __scatter.o
        26          0          0          0          0          0   __scatter_copy.o
        28          0          0          0          0          0   __scatter_zi.o
        48          6          0          0          0         96   _printf_char_common.o
       120         16          0          0          0         92   _printf_dec.o
         6          0          0          0          0          0   _printf_f.o
      1052          0          0          0          0        148   _printf_fp_dec.o
       128         16          0          0          0         84   _printf_fp_infnan.o
       178          0          0          0          0         88   _printf_intcommon.o
         0          0          0          0          0          0   _printf_percent.o
         4          0          0          0          0          0   _printf_percent_end.o
        36          0          0          0          0         84   _printf_truncate.o
         6          0          0          0          0          0   _printf_u.o
        10          0          0          0          0         68   _sputc.o
        16          0          0          0          0         68   aeabi_memset4.o
       228          4        148          0          0         96   bigflt0.o
      1936        128          0          0          0        668   btod.o
        18          0          0          0          0         80   exit.o
         6          0          0          0          0        152   heapauxi.o
         0          0          0          0          0          0   indicate_semi.o
        44         10         28          0          0         76   lc_numeric_c.o
         2          0          0          0          0          0   libinit.o
        22          0          0          0          0          0   libinit2.o
         2          0          0          0          0          0   libshutdown.o
         2          0          0          0          0          0   libshutdown2.o
         8          4          0          0         96         68   libspace.o
       116          0          0          0          0         84   llsdiv.o
       138          0          0          0          0         80   lludiv10.o
       240          0          0          0          0        100   lludivv7m.o
        40          6          0          0          0         84   noretval__2sprintf.o
         8          4          0          0          0         68   rt_locale_intlibspace.o
        78          0          0          0          0         80   rt_memclr_w.o
       138          0          0          0          0         68   rt_memcpy_v6.o
       100          0          0          0          0         80   rt_memcpy_w.o
         2          0          0          0          0          0   rtexit.o
        10          0          0          0          0          0   rtexit2.o
       124          0          0          0          0         88   strcmpv7em.o
        62          0          0          0          0         76   strlen.o
        12          4          0          0          0         68   sys_exit.o
        74          0          0          0          0         80   sys_stackheap_outer.o
         2          0          0          0          0         68   use_no_semi.o
        98          4          0          0          0        140   d2f.o
       812         16          0          0          0        392   daddsub_clz.o
       692        140          0          0          0        264   ddiv.o
        84          0          0          0          0        232   dflt_clz.o
       340         12          0          0          0        152   dmul.o
       156          4          0          0          0        140   dnaninf.o
        12          0          0          0          0        116   dretinf.o
        86          4          0          0          0        132   f2d.o
       140          4          0          0          0        132   fnaninf.o
        26          0          0          0          0        116   fpinit.o
        10          0          0          0          0        116   fretinf.o
         4          0          0          0          0        116   printf1.o
         0          0          0          0          0          0   usenofp.o
        48          0          0          0          0        124   fpclassify.o

    ----------------------------------------------------------------------
      8084        390        176          0         96       5288   Library Totals
        20          0          0          0          0          0   (incl. Padding)

    ----------------------------------------------------------------------

      Code (inc. data)   RO Data    RW Data    ZI Data      Debug   Library Name

      5556        206        176          0         96       3116   c_w.l
      2460        184          0          0          0       2048   fz_wm.l
        48          0          0          0          0        124   m_wm.l

    ----------------------------------------------------------------------
      8084        390        176          0         96       5288   Library Totals

    ----------------------------------------------------------------------

==============================================================================


      Code (inc. data)   RO Data    RW Data    ZI Data      Debug   

     25776        562       2568         20       3476     316292   Grand Totals
     25776        562       2568         20       3476     316292   ELF Image Totals
     25776        562       2568         20          0          0   ROM Totals

==============================================================================

    Total RO  Size (Code + RO Data)                28344 (  27.68kB)
    Total RW  Size (RW Data + ZI Data)              3496 (   3.41kB)
    Total ROM Size (Code + RO Data + RW Data)      28364 (  27.70kB)

==============================================================================

