Component: Arm Compiler for Embedded 6.21 Tool: armlink [5ec1fa00]

==============================================================================

Section Cross References

    startup_stm32f429xx.o(STACK) refers (Special) to heapauxi.o(.text) for __use_two_region_memory
    startup_stm32f429xx.o(HEAP) refers (Special) to heapauxi.o(.text) for __use_two_region_memory
    startup_stm32f429xx.o(RESET) refers (Special) to heapauxi.o(.text) for __use_two_region_memory
    startup_stm32f429xx.o(RESET) refers to startup_stm32f429xx.o(STACK) for __initial_sp
    startup_stm32f429xx.o(RESET) refers to startup_stm32f429xx.o(.text) for Reset_Handler
    startup_stm32f429xx.o(RESET) refers to stm32f4xx_it.o(.text.NMI_Handler) for NMI_Handler
    startup_stm32f429xx.o(RESET) refers to stm32f4xx_it.o(.text.HardFault_Handler) for HardFault_Handler
    startup_stm32f429xx.o(RESET) refers to stm32f4xx_it.o(.text.MemManage_Handler) for MemManage_Handler
    startup_stm32f429xx.o(RESET) refers to stm32f4xx_it.o(.text.BusFault_Handler) for BusFault_Handler
    startup_stm32f429xx.o(RESET) refers to stm32f4xx_it.o(.text.UsageFault_Handler) for UsageFault_Handler
    startup_stm32f429xx.o(RESET) refers to stm32f4xx_it.o(.text.SVC_Handler) for SVC_Handler
    startup_stm32f429xx.o(RESET) refers to stm32f4xx_it.o(.text.DebugMon_Handler) for DebugMon_Handler
    startup_stm32f429xx.o(RESET) refers to stm32f4xx_it.o(.text.PendSV_Handler) for PendSV_Handler
    startup_stm32f429xx.o(RESET) refers to stm32f4xx_it.o(.text.SysTick_Handler) for SysTick_Handler
    startup_stm32f429xx.o(RESET) refers to stm32f4xx_it.o(.text.RTC_WKUP_IRQHandler) for RTC_WKUP_IRQHandler
    startup_stm32f429xx.o(RESET) refers to stm32f4xx_it.o(.text.ADC_IRQHandler) for ADC_IRQHandler
    startup_stm32f429xx.o(RESET) refers to stm32f4xx_it.o(.text.TIM6_DAC_IRQHandler) for TIM6_DAC_IRQHandler
    startup_stm32f429xx.o(RESET) refers to stm32f4xx_it.o(.text.DMA2_Stream0_IRQHandler) for DMA2_Stream0_IRQHandler
    startup_stm32f429xx.o(.text) refers (Special) to heapauxi.o(.text) for __use_two_region_memory
    startup_stm32f429xx.o(.text) refers to system_stm32f4xx.o(.text.SystemInit) for SystemInit
    startup_stm32f429xx.o(.text) refers to __main.o(!!!main) for __main
    startup_stm32f429xx.o(.text) refers to startup_stm32f429xx.o(HEAP) for Heap_Mem
    startup_stm32f429xx.o(.text) refers to startup_stm32f429xx.o(STACK) for Stack_Mem
    main.o(.text) refers (Special) to _printf_percent.o(.ARM.Collect$$_printf_percent$$00000000) for _printf_percent
    main.o(.text) refers (Special) to _printf_f.o(.ARM.Collect$$_printf_percent$$00000003) for _printf_f
    main.o(.text) refers (Special) to printf1.o(x$fpl$printf1) for _printf_fp_dec
    main.o(.text.MyErrorHandlerI2C) refers (Special) to _printf_percent.o(.ARM.Collect$$_printf_percent$$00000000) for _printf_percent
    main.o(.text.MyErrorHandlerI2C) refers (Special) to _printf_f.o(.ARM.Collect$$_printf_percent$$00000003) for _printf_f
    main.o(.text.MyErrorHandlerI2C) refers (Special) to printf1.o(x$fpl$printf1) for _printf_fp_dec
    main.o(.ARM.exidx.text.MyErrorHandlerI2C) refers (Special) to _printf_percent.o(.ARM.Collect$$_printf_percent$$00000000) for _printf_percent
    main.o(.ARM.exidx.text.MyErrorHandlerI2C) refers (Special) to _printf_f.o(.ARM.Collect$$_printf_percent$$00000003) for _printf_f
    main.o(.ARM.exidx.text.MyErrorHandlerI2C) refers (Special) to printf1.o(x$fpl$printf1) for _printf_fp_dec
    main.o(.ARM.exidx.text.MyErrorHandlerI2C) refers to main.o(.text.MyErrorHandlerI2C) for [Anonymous Symbol]
    main.o(.text.MyErrorHandlerADC) refers (Special) to _printf_percent.o(.ARM.Collect$$_printf_percent$$00000000) for _printf_percent
    main.o(.text.MyErrorHandlerADC) refers (Special) to _printf_f.o(.ARM.Collect$$_printf_percent$$00000003) for _printf_f
    main.o(.text.MyErrorHandlerADC) refers (Special) to printf1.o(x$fpl$printf1) for _printf_fp_dec
    main.o(.ARM.exidx.text.MyErrorHandlerADC) refers (Special) to _printf_percent.o(.ARM.Collect$$_printf_percent$$00000000) for _printf_percent
    main.o(.ARM.exidx.text.MyErrorHandlerADC) refers (Special) to _printf_f.o(.ARM.Collect$$_printf_percent$$00000003) for _printf_f
    main.o(.ARM.exidx.text.MyErrorHandlerADC) refers (Special) to printf1.o(x$fpl$printf1) for _printf_fp_dec
    main.o(.ARM.exidx.text.MyErrorHandlerADC) refers to main.o(.text.MyErrorHandlerADC) for [Anonymous Symbol]
    main.o(.text.MyErrorHandler) refers (Special) to _printf_percent.o(.ARM.Collect$$_printf_percent$$00000000) for _printf_percent
    main.o(.text.MyErrorHandler) refers (Special) to _printf_f.o(.ARM.Collect$$_printf_percent$$00000003) for _printf_f
    main.o(.text.MyErrorHandler) refers (Special) to printf1.o(x$fpl$printf1) for _printf_fp_dec
    main.o(.ARM.exidx.text.MyErrorHandler) refers (Special) to _printf_percent.o(.ARM.Collect$$_printf_percent$$00000000) for _printf_percent
[...]
    [Anonymous Symbol]                       0x080054cc   Section        0  main.o(.text.statechart_displayInfo)
    [Anonymous Symbol]                       0x080055b8   Section        0  statechart.o(.text.statechart_enter)
    [Anonymous Symbol]                       0x080055f8   Section        0  statechart.o(.text.statechart_init)
    [Anonymous Symbol]                       0x08005618   Section        0  main.o(.text.statechart_processData)
    [Anonymous Symbol]                       0x080058ac   Section        0  statechart.o(.text.statechart_raise_eV_ADC_SampleReady)
    [Anonymous Symbol]                       0x080058dc   Section        0  statechart.o(.text.statechart_raise_timerIntr)
    [Anonymous Symbol]                       0x0800590c   Section        0  main.o(.text.statechart_readI2CSensor)
    [Anonymous Symbol]                       0x08005920   Section        0  main.o(.text.statechart_saveADCSample)
    [Anonymous Symbol]                       0x08005944   Section        0  main.o(.text.statechart_saveI2CSample)
    CL$$btod_d2e                             0x08005972   Section       62  btod.o(CL$$btod_d2e)
    CL$$btod_d2e_denorm_low                  0x080059b0   Section       70  btod.o(CL$$btod_d2e_denorm_low)
    CL$$btod_d2e_norm_op1                    0x080059f6   Section       96  btod.o(CL$$btod_d2e_norm_op1)
    CL$$btod_div_common                      0x08005a58   Section      824  btod.o(CL$$btod_div_common)
    CL$$btod_e2e                             0x08005d90   Section      220  btod.o(CL$$btod_e2e)
    CL$$btod_ediv                            0x08005e6c   Section       42  btod.o(CL$$btod_ediv)
    CL$$btod_emul                            0x08005e96   Section       42  btod.o(CL$$btod_emul)
    CL$$btod_mult_common                     0x08005ec0   Section      580  btod.o(CL$$btod_mult_common)
    i.__ARM_fpclassify                       0x08006104   Section        0  fpclassify.o(i.__ARM_fpclassify)
    i._is_digit                              0x08006134   Section        0  __printf_wp.o(i._is_digit)
    locale$$code                             0x08006144   Section       44  lc_numeric_c.o(locale$$code)
    $v0                                      0x08006170   Number         0  d2f.o(x$fpl$d2f)
    x$fpl$d2f                                0x08006170   Section       98  d2f.o(x$fpl$d2f)
    $v0                                      0x080061d4   Number         0  daddsub_clz.o(x$fpl$dadd)
    x$fpl$dadd                               0x080061d4   Section      336  daddsub_clz.o(x$fpl$dadd)
    _dadd1                                   0x080061e5   Thumb Code     0  daddsub_clz.o(x$fpl$dadd)
    $v0                                      0x08006324   Number         0  ddiv.o(x$fpl$ddiv)
    x$fpl$ddiv                               0x08006324   Section      692  ddiv.o(x$fpl$ddiv)
    ddiv_entry                               0x0800632b   Thumb Code     0  ddiv.o(x$fpl$ddiv)
    $v0                                      0x080065d8   Number         0  dflt_clz.o(x$fpl$dflt)
    x$fpl$dflt                               0x080065d8   Section       46  dflt_clz.o(x$fpl$dflt)
    $v0                                      0x08006606   Number         0  dflt_clz.o(x$fpl$dfltu)
    x$fpl$dfltu                              0x08006606   Section       38  dflt_clz.o(x$fpl$dfltu)
    $v0                                      0x0800662c   Number         0  dmul.o(x$fpl$dmul)
    x$fpl$dmul                               0x0800662c   Section      340  dmul.o(x$fpl$dmul)
    $v0                                      0x08006780   Number         0  dnaninf.o(x$fpl$dnaninf)
    x$fpl$dnaninf                            0x08006780   Section      156  dnaninf.o(x$fpl$dnaninf)
    $v0                                      0x0800681c   Number         0  dretinf.o(x$fpl$dretinf)
    x$fpl$dretinf                            0x0800681c   Section       12  dretinf.o(x$fpl$dretinf)
    $v0                                      0x08006828   Number         0  daddsub_clz.o(x$fpl$dsub)
    x$fpl$dsub                               0x08006828   Section      476  daddsub_clz.o(x$fpl$dsub)
    _dsub1                                   0x08006839   Thumb Code     0  daddsub_clz.o(x$fpl$dsub)
    $v0                                      0x08006a04   Number         0  f2d.o(x$fpl$f2d)
    x$fpl$f2d                                0x08006a04   Section       86  f2d.o(x$fpl$f2d)
    $v0                                      0x08006a5a   Number         0  fnaninf.o(x$fpl$fnaninf)
    x$fpl$fnaninf                            0x08006a5a   Section      140  fnaninf.o(x$fpl$fnaninf)
    $v0                                      0x08006ae6   Number         0  fpinit.o(x$fpl$fpinit)
    x$fpl$fpinit                             0x08006ae6   Section       26  fpinit.o(x$fpl$fpinit)
    $v0                                      0x08006b00   Number         0  fretinf.o(x$fpl$fretinf)
    x$fpl$fretinf                            0x08006b00   Section       10  fretinf.o(x$fpl$fretinf)
    $v0                                      0x08006b0a   Number         0  printf1.o(x$fpl$printf1)
    x$fpl$printf1                            0x08006b0a   Section        4  printf1.o(x$fpl$printf1)
    x$fpl$usenofp                            0x08006b0e   Section        0  usenofp.o(x$fpl$usenofp)
    tenpwrs_x                                0x08006b10   Data          60  bigflt0.o(.constdata)
    .constdata                               0x08006b10   Section      148  bigflt0.o(.constdata)
    tenpwrs_i                                0x08006b4c   Data          64  bigflt0.o(.constdata)
    DMA_CalcBaseAndBitshift.flagBitshiftOffset 0x08007328   Data           8  stm32f4xx_hal_dma.o(.rodata.cst8)
    [Anonymous Symbol]                       0x08007328   Section        0  stm32f4xx_hal_dma.o(.rodata.cst8)
    locale$$data                             0x08007350   Section       28  lc_numeric_c.o(locale$$data)
    __lcnum_c_name                           0x08007354   Data           2  lc_numeric_c.o(locale$$data)
    __lcnum_c_start                          0x0800735c   Data           0  lc_numeric_c.o(locale$$data)
    __lcnum_c_point                          0x08007368   Data           0  lc_numeric_c.o(locale$$data)
    __lcnum_c_thousands                      0x0800736a   Data           0  lc_numeric_c.o(locale$$data)
    __lcnum_c_grouping                       0x0800736b   Data           0  lc_numeric_c.o(locale$$data)
    __lcnum_c_end                            0x0800736c   Data           0  lc_numeric_c.o(locale$$data)
    .L_MergedGlobals                         0x20000000   Data           8  stm32f4xx_hal.o(.data..L_MergedGlobals)
    [Anonymous Symbol]                       0x20000000   Section        0  stm32f4xx_hal.o(.data..L_MergedGlobals)
    .bss                                     0x20000018   Section       96  libspace.o(.bss)
    .L_MergedGlobals                         0x20000078   Data         116  main.o(.bss..L_MergedGlobals)
    [Anonymous Symbol]                       0x20000078   Section        0  main.o(.bss..L_MergedGlobals)
    .L_MergedGlobals                         0x200000ec   Data           6  ssd1306.o(.bss..L_MergedGlobals)
    SSD1306.2                                0x200000ec   Data           1  ssd1306.o(.bss..L_MergedGlobals)
    [Anonymous Symbol]                       0x200000ec   Section        0  ssd1306.o(.bss..L_MergedGlobals)
    SSD1306.0                                0x200000ee   Data           2  ssd1306.o(.bss..L_MergedGlobals)
    SSD1306.1                                0x200000f0   Data           2  ssd1306.o(.bss..L_MergedGlobals)
    .L_MergedGlobals                         0x200000f4   Data          56  bme280_stm32.o(.bss..L_MergedGlobals)
    [Anonymous Symbol]                       0x200000f4   Section        0  bme280_stm32.o(.bss..L_MergedGlobals)
    .L_MergedGlobals.3                       0x2000012c   Data          92  main.o(.bss..L_MergedGlobals.3)
    [Anonymous Symbol]                       0x2000012c   Section        0  main.o(.bss..L_MergedGlobals.3)
    SSD1306_Buffer                           0x200001cc   Data        1024  ssd1306.o(.bss.SSD1306_Buffer)
    [Anonymous Symbol]                       0x200001cc   Section        0  ssd1306.o(.bss.SSD1306_Buffer)
    Heap_Mem                                 0x200007a8   Data         512  startup_stm32f429xx.o(HEAP)
    HEAP                                     0x200007a8   Section      512  startup_stm32f429xx.o(HEAP)
    Stack_Mem                                0x200009a8   Data        1024  startup_stm32f429xx.o(STACK)
    STACK                                    0x200009a8   Section     1024  startup_stm32f429xx.o(STACK)
    __initial_sp                             0x20000da8   Data           0  startup_stm32f429xx.o(STACK)

    Global Symbols

    Symbol Name                              Value     Ov Type        Size  Object(Section)

    BuildAttributes$$THM_ISAv4$E$P$D$K$B$S$7EM$VFPi3$EXTD16$VFPS$VFMA$PE$A:L22UL41UL21$X:L11$S22US41US21$IEEE1$IW$~IW$USESV6$~STKCKD$USESV7$~SHL$OTIME$ROPI$IEEEJ$EBA8$UX$STANDARDLIB$REQ8$PRES8$EABIv2 0x00000000   Number         0  anon$$obj.o ABSOLUTE
    _printf_flags                            0x00000000   Number         0  printf_stubs.o ABSOLUTE
    _printf_return_value                     0x00000000   Number         0  printf_stubs.o ABSOLUTE
    _printf_sizespec                         0x00000000   Number         0  printf_stubs.o ABSOLUTE
    _printf_widthprec                        0x00000000   Number         0  printf_stubs.o ABSOLUTE
    __ARM_exceptions_init                     - Undefined Weak Reference
    __alloca_initialize                       - Undefined Weak Reference
    __arm_preinit_                            - Undefined Weak Reference
    __arm_relocate_pie_                       - Undefined Weak Reference
    __cpp_initialize__aeabi_                  - Undefined Weak Reference
    __cxa_finalize                            - Undefined Weak Reference
    __sigvec_lookup                           - Undefined Weak Reference
    _atexit_init                              - Undefined Weak Reference
    _call_atexit_fns                          - Undefined Weak Reference
    _clock_init                               - Undefined Weak Reference
    _fp_trap_init                             - Undefined Weak Reference
    _fp_trap_shutdown                         - Undefined Weak Reference
    _get_lc_collate                           - Undefined Weak Reference
    _get_lc_ctype                             - Undefined Weak Reference
    _get_lc_monetary                          - Undefined Weak Reference
    _get_lc_time                              - Undefined Weak Reference
    _getenv_init                              - Undefined Weak Reference
    _handle_redirection                       - Undefined Weak Reference
    _init_alloc                               - Undefined Weak Reference
    _init_user_alloc                          - Undefined Weak Reference
    _initio                                   - Undefined Weak Reference
    _printf_post_padding                      - Undefined Weak Reference
    _printf_pre_padding                       - Undefined Weak Reference
    _rand_init                                - Undefined Weak Reference
    _signal_finish                            - Undefined Weak Reference
    _signal_init                              - Undefined Weak Reference
    _terminate_alloc                          - Undefined Weak Reference
    _terminate_user_alloc                     - Undefined Weak Reference
    _terminateio                              - Undefined Weak Reference
    __Vectors_Size                           0x000001ac   Number         0  startup_stm32f429xx.o ABSOLUTE
    __Vectors                                0x08000000   Data           4  startup_stm32f429xx.o(RESET)
    __Vectors_End                            0x080001ac   Data           0  startup_stm32f429xx.o(RESET)
    __main                                   0x080001ad   Thumb Code     8  __main.o(!!!main)
    __scatterload                            0x080001b5   Thumb Code     0  __scatter.o(!!!scatter)
    __scatterload_rt2                        0x080001b5   Thumb Code    84  __scatter.o(!!!scatter)
    __scatterload_rt2_thumb_only             0x080001b5   Thumb Code     0  __scatter.o(!!!scatter)
    __scatterload_loop                       0x080001bf   Thumb Code     0  __scatter.o(!!!scatter)
    __scatterload_copy                       0x08000211   Thumb Code    26  __scatter_copy.o(!!handler_copy)
    __scatterload_null                       0x0800022d   Thumb Code     2  __scatter.o(!!handler_null)
    __scatterload_zeroinit                   0x08000231   Thumb Code    28  __scatter_zi.o(!!handler_zi)
    _printf_f                                0x0800024d   Thumb Code     0  _printf_f.o(.ARM.Collect$$_printf_percent$$00000003)
    _printf_percent                          0x0800024d   Thumb Code     0  _printf_percent.o(.ARM.Collect$$_printf_percent$$00000000)
    _printf_percent_end                      0x08000253   Thumb Code     0  _printf_percent_end.o(.ARM.Collect$$_printf_percent$$00000017)
    __rt_lib_init                            0x08000257   Thumb Code     0  libinit.o(.ARM.Collect$$libinit$$00000000)
    __rt_lib_init_fp_1                       0x08000259   Thumb Code     0  libinit2.o(.ARM.Collect$$libinit$$00000001)
    __rt_lib_init_heap_1                     0x0800025d   Thumb Code     0  libinit2.o(.ARM.Collect$$libinit$$0000000C)
    __rt_lib_init_lc_common                  0x0800025d   Thumb Code     0  libinit2.o(.ARM.Collect$$libinit$$00000011)
    __rt_lib_init_preinit_1                  0x0800025d   Thumb Code     0  libinit2.o(.ARM.Collect$$libinit$$00000006)
    __rt_lib_init_rand_1                     0x0800025d   Thumb Code     0  libinit2.o(.ARM.Collect$$libinit$$00000010)
    __rt_lib_init_relocate_pie_1             0x0800025d   Thumb Code     0  libinit2.o(.ARM.Collect$$libinit$$00000004)
    __rt_lib_init_user_alloc_1               0x0800025d   Thumb Code     0  libinit2.o(.ARM.Collect$$libinit$$0000000E)
    __rt_lib_init_lc_collate_1               0x08000263   Thumb Code     0  libinit2.o(.ARM.Collect$$libinit$$00000013)
    __rt_lib_init_lc_ctype_1                 0x08000263   Thumb Code     0  libinit2.o(.ARM.Collect$$libinit$$00000015)
    __rt_lib_init_lc_monetary_1              0x08000263   Thumb Code     0  libinit2.o(.ARM.Collect$$libinit$$00000017)
    __rt_lib_init_lc_numeric_2               0x08000263   Thumb Code     0  libinit2.o(.ARM.Collect$$libinit$$00000018)
    __rt_lib_init_alloca_1                   0x0800026d   Thumb Code     0  libinit2.o(.ARM.Collect$$libinit$$00000030)
    __rt_lib_init_argv_1                     0x0800026d   Thumb Code     0  libinit2.o(.ARM.Collect$$libinit$$0000002E)
    __rt_lib_init_atexit_1                   0x0800026d   Thumb Code     0  libinit2.o(.ARM.Collect$$libinit$$0000001D)
    __rt_lib_init_clock_1                    0x0800026d   Thumb Code     0  libinit2.o(.ARM.Collect$$libinit$$00000023)
    __rt_lib_init_cpp_1                      0x0800026d   Thumb Code     0  libinit2.o(.ARM.Collect$$libinit$$00000034)
    __rt_lib_init_exceptions_1               0x0800026d   Thumb Code     0  libinit2.o(.ARM.Collect$$libinit$$00000032)
    __rt_lib_init_fp_trap_1                  0x0800026d   Thumb Code     0  libinit2.o(.ARM.Collect$$libinit$$00000021)
    __rt_lib_init_getenv_1                   0x0800026d   Thumb Code     0  libinit2.o(.ARM.Collect$$libinit$$00000025)
    __rt_lib_init_lc_numeric_1               0x0800026d   Thumb Code     0  libinit2.o(.ARM.Collect$$libinit$$00000019)
    __rt_lib_init_lc_time_1                  0x0800026d   Thumb Code     0  libinit2.o(.ARM.Collect$$libinit$$0000001B)
    __rt_lib_init_return                     0x0800026d   Thumb Code     0  libinit2.o(.ARM.Collect$$libinit$$00000035)
    __rt_lib_init_signal_1                   0x0800026d   Thumb Code     0  libinit2.o(.ARM.Collect$$libinit$$0000001F)
    __rt_lib_init_stdio_1                    0x0800026d   Thumb Code     0  libinit2.o(.ARM.Collect$$libinit$$00000027)
    __rt_lib_shutdown                        0x0800026f   Thumb Code     0  libshutdown.o(.ARM.Collect$$libshutdown$$00000000)
    __rt_lib_shutdown_cpp_1                  0x08000271   Thumb Code     0  libshutdown2.o(.ARM.Collect$$libshutdown$$00000002)
    __rt_lib_shutdown_fp_trap_1              0x08000271   Thumb Code     0  libshutdown2.o(.ARM.Collect$$libshutdown$$00000007)
    __rt_lib_shutdown_heap_1                 0x08000271   Thumb Code     0  libshutdown2.o(.ARM.Collect$$libshutdown$$0000000F)
    __rt_lib_shutdown_return                 0x08000271   Thumb Code     0  libshutdown2.o(.ARM.Collect$$libshutdown$$00000010)
    __rt_lib_shutdown_signal_1               0x08000271   Thumb Code     0  libshutdown2.o(.ARM.Collect$$libshutdown$$0000000A)
    __rt_lib_shutdown_stdio_1                0x08000271   Thumb Code     0  libshutdown2.o(.ARM.Collect$$libshutdown$$00000004)
    __rt_lib_shutdown_user_alloc_1           0x08000271   Thumb Code     0  libshutdown2.o(.ARM.Collect$$libshutdown$$0000000C)
    __rt_entry                               0x08000273   Thumb Code     0  __rtentry.o(.ARM.Collect$$rtentry$$00000000)
    __rt_entry_presh_1                       0x08000273   Thumb Code     0  __rtentry2.o(.ARM.Collect$$rtentry$$00000002)
    __rt_entry_sh                            0x08000273   Thumb Code     0  __rtentry4.o(.ARM.Collect$$rtentry$$00000004)
    __rt_entry_li                            0x08000279   Thumb Code     0  __rtentry2.o(.ARM.Collect$$rtentry$$0000000A)
    __rt_entry_postsh_1                      0x08000279   Thumb Code     0  __rtentry2.o(.ARM.Collect$$rtentry$$00000009)
    __rt_entry_main                          0x0800027d   Thumb Code     0  __rtentry2.o(.ARM.Collect$$rtentry$$0000000D)
    __rt_entry_postli_1                      0x0800027d   Thumb Code     0  __rtentry2.o(.ARM.Collect$$rtentry$$0000000C)
    __rt_exit                                0x08000285   Thumb Code     0  rtexit.o(.ARM.Collect$$rtexit$$00000000)
    __rt_exit_ls                             0x08000287   Thumb Code     0  rtexit2.o(.ARM.Collect$$rtexit$$00000003)
    __rt_exit_prels_1                        0x08000287   Thumb Code     0  rtexit2.o(.ARM.Collect$$rtexit$$00000002)
    __rt_exit_exit                           0x0800028b   Thumb Code     0  rtexit2.o(.ARM.Collect$$rtexit$$00000004)
    Reset_Handler                            0x08000291   Thumb Code     8  startup_stm32f429xx.o(.text)
    CAN1_RX0_IRQHandler                      0x080002ab   Thumb Code     0  startup_stm32f429xx.o(.text)
    CAN1_RX1_IRQHandler                      0x080002ab   Thumb Code     0  startup_stm32f429xx.o(.text)
    CAN1_SCE_IRQHandler                      0x080002ab   Thumb Code     0  startup_stm32f429xx.o(.text)
    CAN1_TX_IRQHandler                       0x080002ab   Thumb Code     0  startup_stm32f429xx.o(.text)
    CAN2_RX0_IRQHandler                      0x080002ab   Thumb Code     0  startup_stm32f429xx.o(.text)
    CAN2_RX1_IRQHandler                      0x080002ab   Thumb Code     0  startup_stm32f429xx.o(.text)
    CAN2_SCE_IRQHandler                      0x080002ab   Thumb Code     0  startup_stm32f429xx.o(.text)
    CAN2_TX_IRQHandler                       0x080002ab   Thumb Code     0  startup_stm32f429xx.o(.text)
    DCMI_IRQHandler                          0x080002ab   Thumb Code     0  startup_stm32f429xx.o(.text)
    DMA1_Stream0_IRQHandler                  0x080002ab   Thumb Code     0  startup_stm32f429xx.o(.text)
    DMA1_Stream1_IRQHandler                  0x080002ab   Thumb Code     0  startup_stm32f429xx.o(.text)
    DMA1_Stream2_IRQHandler                  0x080002ab   Thumb Code     0  startup_stm32f429xx.o(.text)
    DMA1_Stream3_IRQHandler                  0x080002ab   Thumb Code     0  startup_stm32f429xx.o(.text)
    DMA1_Stream4_IRQHandler                  0x080002ab   Thumb Code     0  startup_stm32f429xx.o(.text)
    DMA1_Stream5_IRQHandler                  0x080002ab   Thumb Code     0  startup_stm32f429xx.o(.text)
    DMA1_Stream6_IRQHandler                  0x080002ab   Thumb Code     0  startup_stm32f429xx.o(.text)
    DMA1_Stream7_IRQHandler                  0x080002ab   Thumb Code     0  startup_stm32f429xx.o(.text)
    DMA2D_IRQHandler                         0x080002ab   Thumb Code     0  startup_stm32f429xx.o(.text)
    DMA2_Stream1_IRQHandler                  0x080002ab   Thumb Code     0  startup_stm32f429xx.o(.text)
    DMA2_Stream2_IRQHandler                  0x080002ab   Thumb Code     0  startup_stm32f429xx.o(.text)
    DMA2_Stream3_IRQHandler                  0x080002ab   Thumb Code     0  startup_stm32f429xx.o(.text)
    DMA2_Stream4_IRQHandler                  0x080002ab   Thumb Code     0  startup_stm32f429xx.o(.text)
    DMA2_Stream5_IRQHandler                  0x080002ab   Thumb Code     0  startup_stm32f429xx.o(.text)
    DMA2_Stream6_IRQHandler                  0x080002ab   Thumb Code     0  startup_stm32f429xx.o(.text)
    DMA2_Stream7_IRQHandler                  0x080002ab   Thumb Code     0  startup_stm32f429xx.o(.text)
    ETH_IRQHandler                           0x080002ab   Thumb Code     0  startup_stm32f429xx.o(.text)
    ETH_WKUP_IRQHandler                      0x080002ab   Thumb Code     0  startup_stm32f429xx.o(.text)
    EXTI0_IRQHandler                         0x080002ab   Thumb Code     0  startup_stm32f429xx.o(.text)
    EXTI15_10_IRQHandler                     0x080002ab   Thumb Code     0  startup_stm32f429xx.o(.text)
    EXTI1_IRQHandler                         0x080002ab   Thumb Code     0  startup_stm32f429xx.o(.text)
    EXTI2_IRQHandler                         0x080002ab   Thumb Code     0  startup_stm32f429xx.o(.text)
    EXTI3_IRQHandler                         0x080002ab   Thumb Code     0  startup_stm32f429xx.o(.text)
    EXTI4_IRQHandler                         0x080002ab   Thumb Code     0  startup_stm32f429xx.o(.text)
    EXTI9_5_IRQHandler                       0x080002ab   Thumb Code     0  startup_stm32f429xx.o(.text)
    FLASH_IRQHandler                         0x080002ab   Thumb Code     0  startup_stm32f429xx.o(.text)
    FMC_IRQHandler                           0x080002ab   Thumb Code     0  startup_stm32f429xx.o(.text)
    FPU_IRQHandler                           0x080002ab   Thumb Code     0  startup_stm32f429xx.o(.text)
    HASH_RNG_IRQHandler                      0x080002ab   Thumb Code     0  startup_stm32f429xx.o(.text)
    I2C1_ER_IRQHandler                       0x080002ab   Thumb Code     0  startup_stm32f429xx.o(.text)
    I2C1_EV_IRQHandler                       0x080002ab   Thumb Code     0  startup_stm32f429xx.o(.text)
    I2C2_ER_IRQHandler                       0x080002ab   Thumb Code     0  startup_stm32f429xx.o(.text)
    I2C2_EV_IRQHandler                       0x080002ab   Thumb Code     0  startup_stm32f429xx.o(.text)
    I2C3_ER_IRQHandler                       0x080002ab   Thumb Code     0  startup_stm32f429xx.o(.text)
    I2C3_EV_IRQHandler                       0x080002ab   Thumb Code     0  startup_stm32f429xx.o(.text)
    LTDC_ER_IRQHandler                       0x080002ab   Thumb Code     0  startup_stm32f429xx.o(.text)
    LTDC_IRQHandler                          0x080002ab   Thumb Code     0  startup_stm32f429xx.o(.text)
    OTG_FS_IRQHandler                        0x080002ab   Thumb Code     0  startup_stm32f429xx.o(.text)
    OTG_FS_WKUP_IRQHandler                   0x080002ab   Thumb Code     0  startup_stm32f429xx.o(.text)
    OTG_HS_EP1_IN_IRQHandler                 0x080002ab   Thumb Code     0  startup_stm32f429xx.o(.text)
    OTG_HS_EP1_OUT_IRQHandler                0x080002ab   Thumb Code     0  startup_stm32f429xx.o(.text)
    OTG_HS_IRQHandler                        0x080002ab   Thumb Code     0  startup_stm32f429xx.o(.text)
    OTG_HS_WKUP_IRQHandler                   0x080002ab   Thumb Code     0  startup_stm32f429xx.o(.text)
    PVD_IRQHandler                           0x080002ab   Thumb Code     0  startup_stm32f429xx.o(.text)
    RCC_IRQHandler                           0x080002ab   Thumb Code     0  startup_stm32f429xx.o(.text)
    RTC_Alarm_IRQHandler                     0x080002ab   Thumb Code     0  startup_stm32f429xx.o(.text)
    SAI1_IRQHandler                          0x080002ab   Thumb Code     0  startup_stm32f429xx.o(.text)
    SDIO_IRQHandler                          0x080002ab   Thumb Code     0  startup_stm32f429xx.o(.text)
    SPI1_IRQHandler                          0x080002ab   Thumb Code     0  startup_stm32f429xx.o(.text)
    SPI2_IRQHandler                          0x080002ab   Thumb Code     0  startup_stm32f429xx.o(.text)
    SPI3_IRQHandler                          0x080002ab   Thumb Code     0  startup_stm32f429xx.o(.text)
    SPI4_IRQHandler                          0x080002ab   Thumb Code     0  startup_stm32f429xx.o(.text)
    SPI5_IRQHandler                          0x080002ab   Thumb Code     0  startup_stm32f429xx.o(.text)
    SPI6_IRQHandler                          0x080002ab   Thumb Code     0  startup_stm32f429xx.o(.text)
    TAMP_STAMP_IRQHandler                    0x080002ab   Thumb Code     0  startup_stm32f429xx.o(.text)
    TIM1_BRK_TIM9_IRQHandler                 0x080002ab   Thumb Code     0  startup_stm32f429xx.o(.text)
    TIM1_CC_IRQHandler                       0x080002ab   Thumb Code     0  startup_stm32f429xx.o(.text)
    TIM1_TRG_COM_TIM11_IRQHandler            0x080002ab   Thumb Code     0  startup_stm32f429xx.o(.text)
    TIM1_UP_TIM10_IRQHandler                 0x080002ab   Thumb Code     0  startup_stm32f429xx.o(.text)
    TIM2_IRQHandler                          0x080002ab   Thumb Code     0  startup_stm32f429xx.o(.text)
    TIM3_IRQHandler                          0x080002ab   Thumb Code     0  startup_stm32f429xx.o(.text)
    TIM4_IRQHandler                          0x080002ab   Thumb Code     0  startup_stm32f429xx.o(.text)
    TIM5_IRQHandler                          0x080002ab   Thumb Code     0  startup_stm32f429xx.o(.text)
    TIM7_IRQHandler                          0x080002ab   Thumb Code     0  startup_stm32f429xx.o(.text)
    TIM8_BRK_TIM12_IRQHandler                0x080002ab   Thumb Code     0  startup_stm32f429xx.o(.text)
    TIM8_CC_IRQHandler                       0x080002ab   Thumb Code     0  startup_stm32f429xx.o(.text)
    TIM8_TRG_COM_TIM14_IRQHandler            0x080002ab   Thumb Code     0  startup_stm32f429xx.o(.text)
    TIM8_UP_TIM13_IRQHandler                 0x080002ab   Thumb Code     0  startup_stm32f429xx.o(.text)
    UART4_IRQHandler                         0x080002ab   Thumb Code     0  startup_stm32f429xx.o(.text)
    UART5_IRQHandler                         0x080002ab   Thumb Code     0  startup_stm32f429xx.o(.text)
    UART7_IRQHandler                         0x080002ab   Thumb Code     0  startup_stm32f429xx.o(.text)
    UART8_IRQHandler                         0x080002ab   Thumb Code     0  startup_stm32f429xx.o(.text)
    USART1_IRQHandler                        0x080002ab   Thumb Code     0  startup_stm32f429xx.o(.text)
    USART2_IRQHandler                        0x080002ab   Thumb Code     0  startup_stm32f429xx.o(.text)
    USART3_IRQHandler                        0x080002ab   Thumb Code     0  startup_stm32f429xx.o(.text)
    USART6_IRQHandler                        0x080002ab   Thumb Code     0  startup_stm32f429xx.o(.text)
    WWDG_IRQHandler                          0x080002ab   Thumb Code     0  startup_stm32f429xx.o(.text)
    __user_initial_stackheap                 0x080002ad   Thumb Code     0  startup_stm32f429xx.o(.text)
    __aeabi_uldivmod                         0x080002d1   Thumb Code     0  lludivv7m.o(.text)
    _ll_udiv                                 0x080002d1   Thumb Code   240  lludivv7m.o(.text)
    __aeabi_ldivmod                          0x080003c1   Thumb Code     0  llsdiv.o(.text)
    _ll_sdiv                                 0x080003c1   Thumb Code   116  llsdiv.o(.text)
    __2sprintf                               0x08000435   Thumb Code    34  noretval__2sprintf.o(.text)
    __printf                                 0x0800045d   Thumb Code   270  __printf_wp.o(.text)
    __aeabi_memcpy                           0x0800056b   Thumb Code     0  rt_memcpy_v6.o(.text)
    __rt_memcpy                              0x0800056b   Thumb Code   138  rt_memcpy_v6.o(.text)
    _memcpy_lastbytes                        0x080005d1   Thumb Code     0  rt_memcpy_v6.o(.text)
    __aeabi_memset4                          0x080005f5   Thumb Code    16  aeabi_memset4.o(.text)
    __aeabi_memset8                          0x080005f5   Thumb Code     0  aeabi_memset4.o(.text)
    __aeabi_memclr4                          0x08000605   Thumb Code     0  rt_memclr_w.o(.text)
    __aeabi_memclr8                          0x08000605   Thumb Code     0  rt_memclr_w.o(.text)
    __rt_memclr_w                            0x08000605   Thumb Code     0  rt_memclr_w.o(.text)
    _memset_w                                0x08000609   Thumb Code    74  rt_memclr_w.o(.text)
    __use_two_region_memory                  0x08000653   Thumb Code     2  heapauxi.o(.text)
    __rt_heap_escrow$2region                 0x08000655   Thumb Code     2  heapauxi.o(.text)
    __rt_heap_expand$2region                 0x08000657   Thumb Code     2  heapauxi.o(.text)
    _printf_fp_dec_real                      0x08000809   Thumb Code   620  _printf_fp_dec.o(.text)
    _printf_char_common                      0x08000a7f   Thumb Code    32  _printf_char_common.o(.text)
    _sputc                                   0x08000aa5   Thumb Code    10  _sputc.o(.text)
    __aeabi_memcpy4                          0x08000aaf   Thumb Code     0  rt_memcpy_w.o(.text)
    __aeabi_memcpy8                          0x08000aaf   Thumb Code     0  rt_memcpy_w.o(.text)
    __rt_memcpy_w                            0x08000aaf   Thumb Code   100  rt_memcpy_w.o(.text)
    _memcpy_lastbytes_aligned                0x08000af7   Thumb Code     0  rt_memcpy_w.o(.text)
    __rt_locale                              0x08000b15   Thumb Code     8  rt_locale_intlibspace.o(.text)
    _ll_udiv10                               0x08000b1d   Thumb Code   138  lludiv10.o(.text)
    _printf_fp_infnan                        0x08000ba9   Thumb Code   112  _printf_fp_infnan.o(.text)
    _btod_etento                             0x08000c29   Thumb Code   224  bigflt0.o(.text)
    __user_libspace                          0x08000d0d   Thumb Code     8  libspace.o(.text)
    __user_perproc_libspace                  0x08000d0d   Thumb Code     0  libspace.o(.text)
    __user_perthread_libspace                0x08000d0d   Thumb Code     0  libspace.o(.text)
    __user_setup_stackheap                   0x08000d15   Thumb Code    74  sys_stackheap_outer.o(.text)
    exit                                     0x08000d5f   Thumb Code    18  exit.o(.text)
    strcmp                                   0x08000d71   Thumb Code   124  strcmpv7em.o(.text)
    _sys_exit                                0x08000ded   Thumb Code     8  sys_exit.o(.text)
    __I$use$semihosting                      0x08000df9   Thumb Code     0  use_no_semi.o(.text)
    __use_no_semihosting_swi                 0x08000df9   Thumb Code     2  use_no_semi.o(.text)
    __semihosting_library_function           0x08000dfb   Thumb Code     0  indicate_semi.o(.text)
    ADC_IRQHandler                           0x08000e89   Thumb Code    12  stm32f4xx_it.o(.text.ADC_IRQHandler)
    BME280_Config                            0x08000e95   Thumb Code   362  bme280_stm32.o(.text.BME280_Config)
    BME280_Measure                           0x08001001   Thumb Code   800  bme280_stm32.o(.text.BME280_Measure)
    BusFault_Handler                         0x0800133d   Thumb Code     2  stm32f4xx_it.o(.text.BusFault_Handler)
    DMA2_Stream0_IRQHandler                  0x08001341   Thumb Code    12  stm32f4xx_it.o(.text.DMA2_Stream0_IRQHandler)
    DebugMon_Handler                         0x0800134d   Thumb Code     2  stm32f4xx_it.o(.text.DebugMon_Handler)
    Error_Handler                            0x08001351   Thumb Code     6  main.o(.text.Error_Handler)
    HAL_ADCEx_InjectedConvCpltCallback       0x08001359   Thumb Code     2  stm32f4xx_hal_adc_ex.o(.text.HAL_ADCEx_InjectedConvCpltCallback)
    HAL_ADC_ConfigChannel                    0x0800135d   Thumb Code   368  stm32f4xx_hal_adc.o(.text.HAL_ADC_ConfigChannel)
    HAL_ADC_ConvCpltCallback                 0x080014cd   Thumb Code    14  main.o(.text.HAL_ADC_ConvCpltCallback)
    HAL_ADC_ConvHalfCpltCallback             0x080014dd   Thumb Code     2  stm32f4xx_hal_adc.o(.text.HAL_ADC_ConvHalfCpltCallback)
    HAL_ADC_ErrorCallback                    0x080014e1   Thumb Code     2  stm32f4xx_hal_adc.o(.text.HAL_ADC_ErrorCallback)
    HAL_ADC_IRQHandler                       0x080014e5   Thumb Code   310  stm32f4xx_hal_adc.o(.text.HAL_ADC_IRQHandler)
    HAL_ADC_Init                             0x0800161d   Thumb Code   350  stm32f4xx_hal_adc.o(.text.HAL_ADC_Init)
    HAL_ADC_LevelOutOfWindowCallback         0x0800177d   Thumb Code     2  stm32f4xx_hal_adc.o(.text.HAL_ADC_LevelOutOfWindowCallback)
    HAL_ADC_MspInit                          0x08001781   Thumb Code   190  stm32f4xx_hal_msp.o(.text.HAL_ADC_MspInit)
    HAL_ADC_Start_DMA                        0x08001841   Thumb Code   416  stm32f4xx_hal_adc.o(.text.HAL_ADC_Start_DMA)
    HAL_ADC_Stop_DMA                         0x080019e1   Thumb Code   110  stm32f4xx_hal_adc.o(.text.HAL_ADC_Stop_DMA)
    HAL_DMA_Abort                            0x08001a51   Thumb Code   142  stm32f4xx_hal_dma.o(.text.HAL_DMA_Abort)
    HAL_DMA_IRQHandler                       0x08001ae1   Thumb Code   448  stm32f4xx_hal_dma.o(.text.HAL_DMA_IRQHandler)
    HAL_DMA_Init                             0x08001ca1   Thumb Code   354  stm32f4xx_hal_dma.o(.text.HAL_DMA_Init)
    HAL_DMA_Start_IT                         0x08001e05   Thumb Code   162  stm32f4xx_hal_dma.o(.text.HAL_DMA_Start_IT)
    HAL_Delay                                0x08001ea9   Thumb Code    40  stm32f4xx_hal.o(.text.HAL_Delay)
    HAL_GPIO_Init                            0x08001ed1   Thumb Code   414  stm32f4xx_hal_gpio.o(.text.HAL_GPIO_Init)
    HAL_GetTick                              0x08002071   Thumb Code    12  stm32f4xx_hal.o(.text.HAL_GetTick)
    HAL_I2CEx_ConfigAnalogFilter             0x0800207d   Thumb Code    60  stm32f4xx_hal_i2c_ex.o(.text.HAL_I2CEx_ConfigAnalogFilter)
    HAL_I2CEx_ConfigDigitalFilter            0x080020b9   Thumb Code    64  stm32f4xx_hal_i2c_ex.o(.text.HAL_I2CEx_ConfigDigitalFilter)
    HAL_I2C_Init                             0x080020f9   Thumb Code   356  stm32f4xx_hal_i2c.o(.text.HAL_I2C_Init)
    HAL_I2C_IsDeviceReady                    0x0800225d   Thumb Code   530  stm32f4xx_hal_i2c.o(.text.HAL_I2C_IsDeviceReady)
    HAL_I2C_Master_Transmit                  0x08002471   Thumb Code   476  stm32f4xx_hal_i2c.o(.text.HAL_I2C_Master_Transmit)
    HAL_I2C_Mem_Read                         0x0800264d   Thumb Code   600  stm32f4xx_hal_i2c.o(.text.HAL_I2C_Mem_Read)
    HAL_I2C_Mem_Write                        0x080028a5   Thumb Code   348  stm32f4xx_hal_i2c.o(.text.HAL_I2C_Mem_Write)
    HAL_I2C_MspInit                          0x08002a01   Thumb Code   106  stm32f4xx_hal_msp.o(.text.HAL_I2C_MspInit)
    HAL_IncTick                              0x08002a6d   Thumb Code    26  stm32f4xx_hal.o(.text.HAL_IncTick)
    HAL_Init                                 0x08002a89   Thumb Code    54  stm32f4xx_hal.o(.text.HAL_Init)
    HAL_InitTick                             0x08002ac1   Thumb Code    72  stm32f4xx_hal.o(.text.HAL_InitTick)
    HAL_MspInit                              0x08002b09   Thumb Code    56  stm32f4xx_hal_msp.o(.text.HAL_MspInit)
    HAL_NVIC_EnableIRQ                       0x08002b41   Thumb Code    34  stm32f4xx_hal_cortex.o(.text.HAL_NVIC_EnableIRQ)
    HAL_NVIC_SetPriority                     0x08002b65   Thumb Code    86  stm32f4xx_hal_cortex.o(.text.HAL_NVIC_SetPriority)
    HAL_NVIC_SetPriorityGrouping             0x08002bbd   Thumb Code    32  stm32f4xx_hal_cortex.o(.text.HAL_NVIC_SetPriorityGrouping)
    HAL_PWR_EnterSTOPMode                    0x08002bdd   Thumb Code    84  stm32f4xx_hal_pwr.o(.text.HAL_PWR_EnterSTOPMode)
    HAL_RCCEx_PeriphCLKConfig                0x08002c31   Thumb Code   576  stm32f4xx_hal_rcc_ex.o(.text.HAL_RCCEx_PeriphCLKConfig)
    HAL_RCC_ClockConfig                      0x08002e71   Thumb Code   356  stm32f4xx_hal_rcc.o(.text.HAL_RCC_ClockConfig)
    HAL_RCC_GetPCLK1Freq                     0x08002fd5   Thumb Code    38  stm32f4xx_hal_rcc.o(.text.HAL_RCC_GetPCLK1Freq)
    HAL_RCC_GetPCLK2Freq                     0x08002ffd   Thumb Code    38  stm32f4xx_hal_rcc.o(.text.HAL_RCC_GetPCLK2Freq)
    HAL_RCC_GetSysClockFreq                  0x08003025   Thumb Code   108  stm32f4xx_hal_rcc.o(.text.HAL_RCC_GetSysClockFreq)
    HAL_RCC_OscConfig                        0x08003091   Thumb Code   944  stm32f4xx_hal_rcc.o(.text.HAL_RCC_OscConfig)
    HAL_RTCEx_SetWakeUpTimer_IT              0x08003441   Thumb Code   326  stm32f4xx_hal_rtc_ex.o(.text.HAL_RTCEx_SetWakeUpTimer_IT)
    HAL_RTCEx_WakeUpTimerEventCallback       0x08003589   Thumb Code    28  main.o(.text.HAL_RTCEx_WakeUpTimerEventCallback)
    HAL_RTCEx_WakeUpTimerIRQHandler          0x080035a5   Thumb Code    50  stm32f4xx_hal_rtc_ex.o(.text.HAL_RTCEx_WakeUpTimerIRQHandler)
    HAL_RTC_Init                             0x080035d9   Thumb Code   252  stm32f4xx_hal_rtc.o(.text.HAL_RTC_Init)
    HAL_RTC_MspInit                          0x080036d5   Thumb Code    92  stm32f4xx_hal_msp.o(.text.HAL_RTC_MspInit)
    HAL_RTC_SetDate                          0x08003731   Thumb Code   356  stm32f4xx_hal_rtc.o(.text.HAL_RTC_SetDate)
    HAL_RTC_SetTime                          0x08003895   Thumb Code   428  stm32f4xx_hal_rtc.o(.text.HAL_RTC_SetTime)
    HAL_ResumeTick                           0x08003a41   Thumb Code    18  stm32f4xx_hal.o(.text.HAL_ResumeTick)
    HAL_SYSTICK_Config                       0x08003a55   Thumb Code    44  stm32f4xx_hal_cortex.o(.text.HAL_SYSTICK_Config)
    HAL_SuspendTick                          0x08003a81   Thumb Code    18  stm32f4xx_hal.o(.text.HAL_SuspendTick)
    HAL_TIMEx_BreakCallback                  0x08003a95   Thumb Code     2  stm32f4xx_hal_tim_ex.o(.text.HAL_TIMEx_BreakCallback)
    HAL_TIMEx_CommutCallback                 0x08003a99   Thumb Code     2  stm32f4xx_hal_tim_ex.o(.text.HAL_TIMEx_CommutCallback)
    HAL_TIMEx_MasterConfigSynchronization    0x08003a9d   Thumb Code   186  stm32f4xx_hal_tim_ex.o(.text.HAL_TIMEx_MasterConfigSynchronization)
    HAL_TIM_Base_Init                        0x08003b59   Thumb Code    90  stm32f4xx_hal_tim.o(.text.HAL_TIM_Base_Init)
    HAL_TIM_Base_MspInit                     0x08003bb5   Thumb Code   112  stm32f4xx_hal_msp.o(.text.HAL_TIM_Base_MspInit)
    HAL_TIM_Base_Start                       0x08003c25   Thumb Code   162  stm32f4xx_hal_tim.o(.text.HAL_TIM_Base_Start)
    HAL_TIM_ConfigClockSource                0x08003cc9   Thumb Code   416  stm32f4xx_hal_tim.o(.text.HAL_TIM_ConfigClockSource)
    HAL_TIM_IC_CaptureCallback               0x08003e69   Thumb Code     2  stm32f4xx_hal_tim.o(.text.HAL_TIM_IC_CaptureCallback)
    HAL_TIM_IRQHandler                       0x08003e6d   Thumb Code   334  stm32f4xx_hal_tim.o(.text.HAL_TIM_IRQHandler)
    HAL_TIM_OC_DelayElapsedCallback          0x08003fbd   Thumb Code     2  stm32f4xx_hal_tim.o(.text.HAL_TIM_OC_DelayElapsedCallback)
    HAL_TIM_PWM_PulseFinishedCallback        0x08003fc1   Thumb Code     2  stm32f4xx_hal_tim.o(.text.HAL_TIM_PWM_PulseFinishedCallback)
    HAL_TIM_PeriodElapsedCallback            0x08003fc5   Thumb Code     2  stm32f4xx_hal_tim.o(.text.HAL_TIM_PeriodElapsedCallback)
    HAL_TIM_TriggerCallback                  0x08003fc9   Thumb Code     2  stm32f4xx_hal_tim.o(.text.HAL_TIM_TriggerCallback)
    HAL_UART_Init                            0x08003fcd   Thumb Code    96  stm32f4xx_hal_uart.o(.text.HAL_UART_Init)
    HAL_UART_MspInit                         0x0800402d   Thumb Code   108  stm32f4xx_hal_msp.o(.text.HAL_UART_MspInit)
    HardFault_Handler                        0x08004099   Thumb Code     2  stm32f4xx_it.o(.text.HardFault_Handler)
    MemManage_Handler                        0x08004725   Thumb Code     2  stm32f4xx_it.o(.text.MemManage_Handler)
    NMI_Handler                              0x08004729   Thumb Code     2  stm32f4xx_it.o(.text.NMI_Handler)
    PendSV_Handler                           0x0800472d   Thumb Code     2  stm32f4xx_it.o(.text.PendSV_Handler)
    RTC_WKUP_IRQHandler                      0x08004731   Thumb Code    12  stm32f4xx_it.o(.text.RTC_WKUP_IRQHandler)
    SSD1306_Fill                             0x0800473d   Thumb Code    28  ssd1306.o(.text.SSD1306_Fill)
    SSD1306_GotoXY                           0x08004759   Thumb Code    14  ssd1306.o(.text.SSD1306_GotoXY)
    SSD1306_Init                             0x08004769   Thumb Code   772  ssd1306.o(.text.SSD1306_Init)
    SSD1306_Putc                             0x08004a6d   Thumb Code   278  ssd1306.o(.text.SSD1306_Putc)
    SSD1306_Puts                             0x08004b85   Thumb Code    56  ssd1306.o(.text.SSD1306_Puts)
    SSD1306_UpdateScreen                     0x08004bbd   Thumb Code   160  ssd1306.o(.text.SSD1306_UpdateScreen)
    SVC_Handler                              0x08004c5d   Thumb Code     2  stm32f4xx_it.o(.text.SVC_Handler)
    SysTick_Handler                          0x08004c61   Thumb Code     4  stm32f4xx_it.o(.text.SysTick_Handler)
    SystemClock_Config                       0x08004c65   Thumb Code   172  main.o(.text.SystemClock_Config)
    SystemInit                               0x08004d11   Thumb Code    18  system_stm32f4xx.o(.text.SystemInit)
    TIM6_DAC_IRQHandler                      0x08004d25   Thumb Code    12  stm32f4xx_it.o(.text.TIM6_DAC_IRQHandler)
    TIM_Base_SetConfig                       0x08004d31   Thumb Code   332  stm32f4xx_hal_tim.o(.text.TIM_Base_SetConfig)
    TrimRead                                 0x08004e7d   Thumb Code   196  bme280_stm32.o(.text.TrimRead)
    UsageFault_Handler                       0x08005031   Thumb Code     2  stm32f4xx_it.o(.text.UsageFault_Handler)
    main                                     0x08005035   Thumb Code   710  main.o(.text.main)
    statechart_displayInfo                   0x080054cd   Thumb Code   200  main.o(.text.statechart_displayInfo)
    statechart_enter                         0x080055b9   Thumb Code    62  statechart.o(.text.statechart_enter)
    statechart_init                          0x080055f9   Thumb Code    30  statechart.o(.text.statechart_init)
    statechart_processData                   0x08005619   Thumb Code   658  main.o(.text.statechart_processData)
    statechart_raise_eV_ADC_SampleReady      0x080058ad   Thumb Code    48  statechart.o(.text.statechart_raise_eV_ADC_SampleReady)
    statechart_raise_timerIntr               0x080058dd   Thumb Code    48  statechart.o(.text.statechart_raise_timerIntr)
    statechart_readI2CSensor                 0x0800590d   Thumb Code    18  main.o(.text.statechart_readI2CSensor)
    statechart_saveADCSample                 0x08005921   Thumb Code    34  main.o(.text.statechart_saveADCSample)
    statechart_saveI2CSample                 0x08005945   Thumb Code    46  main.o(.text.statechart_saveI2CSample)
    _btod_d2e                                0x08005973   Thumb Code    62  btod.o(CL$$btod_d2e)
    _d2e_denorm_low                          0x080059b1   Thumb Code    70  btod.o(CL$$btod_d2e_denorm_low)
    _d2e_norm_op1                            0x080059f7   Thumb Code    96  btod.o(CL$$btod_d2e_norm_op1)
    __btod_div_common                        0x08005a59   Thumb Code   696  btod.o(CL$$btod_div_common)
    _e2e                                     0x08005d91   Thumb Code   220  btod.o(CL$$btod_e2e)
    _btod_ediv                               0x08005e6d   Thumb Code    42  btod.o(CL$$btod_ediv)
    _btod_emul                               0x08005e97   Thumb Code    42  btod.o(CL$$btod_emul)
    __btod_mult_common                       0x08005ec1   Thumb Code   580  btod.o(CL$$btod_mult_common)
    __ARM_fpclassify                         0x08006105   Thumb Code    48  fpclassify.o(i.__ARM_fpclassify)
    _is_digit                                0x08006135   Thumb Code    14  __printf_wp.o(i._is_digit)
    _get_lc_numeric                          0x08006145   Thumb Code    44  lc_numeric_c.o(locale$$code)
    __aeabi_d2f                              0x08006171   Thumb Code     0  d2f.o(x$fpl$d2f)
    _d2f                                     0x08006171   Thumb Code    98  d2f.o(x$fpl$d2f)
    __aeabi_dadd                             0x080061d5   Thumb Code     0  daddsub_clz.o(x$fpl$dadd)
    _dadd                                    0x080061d5   Thumb Code   332  daddsub_clz.o(x$fpl$dadd)
    __aeabi_ddiv                             0x08006325   Thumb Code     0  ddiv.o(x$fpl$ddiv)
    _ddiv                                    0x08006325   Thumb Code   556  ddiv.o(x$fpl$ddiv)
    __aeabi_i2d                              0x080065d9   Thumb Code     0  dflt_clz.o(x$fpl$dflt)
    _dflt                                    0x080065d9   Thumb Code    46  dflt_clz.o(x$fpl$dflt)
    __aeabi_ui2d                             0x08006607   Thumb Code     0  dflt_clz.o(x$fpl$dfltu)
    _dfltu                                   0x08006607   Thumb Code    38  dflt_clz.o(x$fpl$dfltu)
    __aeabi_dmul                             0x0800662d   Thumb Code     0  dmul.o(x$fpl$dmul)
    _dmul                                    0x0800662d   Thumb Code   332  dmul.o(x$fpl$dmul)
    __fpl_dnaninf                            0x08006781   Thumb Code   156  dnaninf.o(x$fpl$dnaninf)
    __fpl_dretinf                            0x0800681d   Thumb Code    12  dretinf.o(x$fpl$dretinf)
    __aeabi_dsub                             0x08006829   Thumb Code     0  daddsub_clz.o(x$fpl$dsub)
    _dsub                                    0x08006829   Thumb Code   472  daddsub_clz.o(x$fpl$dsub)
    __aeabi_f2d                              0x08006a05   Thumb Code     0  f2d.o(x$fpl$f2d)
    _f2d                                     0x08006a05   Thumb Code    86  f2d.o(x$fpl$f2d)
    __fpl_fnaninf                            0x08006a5b   Thumb Code   140  fnaninf.o(x$fpl$fnaninf)
    _fp_init                                 0x08006ae7   Thumb Code    26  fpinit.o(x$fpl$fpinit)
    __fplib_config_fpu_vfp                   0x08006aff   Thumb Code     0  fpinit.o(x$fpl$fpinit)
    __fplib_config_pureend_doubles           0x08006aff   Thumb Code     0  fpinit.o(x$fpl$fpinit)
    __fpl_fretinf                            0x08006b01   Thumb Code    10  fretinf.o(x$fpl$fretinf)
    _printf_fp_dec                           0x08006b0b   Thumb Code     4  printf1.o(x$fpl$printf1)
    __I$use$fp                               0x08006b0e   Number         0  usenofp.o(x$fpl$usenofp)
    AHBPrescTable                            0x08006ba4   Data          16  system_stm32f4xx.o(.rodata.AHBPrescTable)
    APBPrescTable                            0x08006bb4   Data           8  system_stm32f4xx.o(.rodata.APBPrescTable)
    Font7x10                                 0x08006bbc   Data        1900  fonts.o(.rodata.Font7x10)
    Region$$Table$$Base                      0x08007330   Number         0  anon$$obj.o(Region$$Table)
    Region$$Table$$Limit                     0x08007350   Number         0  anon$$obj.o(Region$$Table)
    uwTickFreq                               0x20000000   Data           1  stm32f4xx_hal.o(.data..L_MergedGlobals)
    uwTickPrio                               0x20000004   Data           4  stm32f4xx_hal.o(.data..L_MergedGlobals)
    Font_7x10                                0x20000008   Data           8  fonts.o(.data.Font_7x10)
    SystemCoreClock                          0x20000010   Data           4  system_stm32f4xx.o(.data.SystemCoreClock)
    __libspace_start                         0x20000018   Data          96  libspace.o(.bss)
    Temperature                              0x20000078   Data           4  main.o(.bss..L_MergedGlobals)
    __temporary_stack_top$libspace           0x20000078   Data           0  libspace.o(.bss)
    adc_rawdata                              0x2000007c   Data           4  main.o(.bss..L_MergedGlobals)
    sumI2C                                   0x20000080   Data           4  main.o(.bss..L_MergedGlobals)
    sumADC1                                  0x20000084   Data           4  main.o(.bss..L_MergedGlobals)
    sumADC2                                  0x20000088   Data           4  main.o(.bss..L_MergedGlobals)
    vidI2C                                   0x2000008c   Data           4  main.o(.bss..L_MergedGlobals)
    vidADC1                                  0x20000090   Data           4  main.o(.bss..L_MergedGlobals)
    vidADC2                                  0x20000094   Data           4  main.o(.bss..L_MergedGlobals)
    start                                    0x20000098   Data           8  main.o(.bss..L_MergedGlobals)
    end                                      0x200000a0   Data           8  main.o(.bss..L_MergedGlobals)
    total_time                               0x200000a8   Data           8  main.o(.bss..L_MergedGlobals)
    DataBufferADC1                           0x200000b0   Data          30  main.o(.bss..L_MergedGlobals)
    DataBufferADC2                           0x200000ce   Data          30  main.o(.bss..L_MergedGlobals)
    chipID                                   0x200000f4   Data           1  bme280_stm32.o(.bss..L_MergedGlobals)
    dig_T1                                   0x200000f6   Data           2  bme280_stm32.o(.bss..L_MergedGlobals)
    dig_T2                                   0x200000f8   Data           2  bme280_stm32.o(.bss..L_MergedGlobals)
    dig_T3                                   0x200000fa   Data           2  bme280_stm32.o(.bss..L_MergedGlobals)
    dig_P1                                   0x200000fc   Data           2  bme280_stm32.o(.bss..L_MergedGlobals)
    dig_P2                                   0x200000fe   Data           2  bme280_stm32.o(.bss..L_MergedGlobals)
    dig_P3                                   0x20000100   Data           2  bme280_stm32.o(.bss..L_MergedGlobals)
    dig_P4                                   0x20000102   Data           2  bme280_stm32.o(.bss..L_MergedGlobals)
    dig_P5                                   0x20000104   Data           2  bme280_stm32.o(.bss..L_MergedGlobals)
    dig_P6                                   0x20000106   Data           2  bme280_stm32.o(.bss..L_MergedGlobals)
    dig_P7                                   0x20000108   Data           2  bme280_stm32.o(.bss..L_MergedGlobals)
    dig_P8                                   0x2000010a   Data           2  bme280_stm32.o(.bss..L_MergedGlobals)
    dig_P9                                   0x2000010c   Data           2  bme280_stm32.o(.bss..L_MergedGlobals)
    dig_H1                                   0x2000010e   Data           2  bme280_stm32.o(.bss..L_MergedGlobals)
    dig_H2                                   0x20000110   Data           2  bme280_stm32.o(.bss..L_MergedGlobals)
    dig_H3                                   0x20000112   Data           2  bme280_stm32.o(.bss..L_MergedGlobals)
    dig_H4                                   0x20000114   Data           2  bme280_stm32.o(.bss..L_MergedGlobals)
    dig_H5                                   0x20000116   Data           2  bme280_stm32.o(.bss..L_MergedGlobals)
    dig_H6                                   0x20000118   Data           2  bme280_stm32.o(.bss..L_MergedGlobals)
    pRaw                                     0x2000011c   Data           4  bme280_stm32.o(.bss..L_MergedGlobals)
    tRaw                                     0x20000120   Data           4  bme280_stm32.o(.bss..L_MergedGlobals)
    hRaw                                     0x20000124   Data           4  bme280_stm32.o(.bss..L_MergedGlobals)
    t_fine                                   0x20000128   Data           4  bme280_stm32.o(.bss..L_MergedGlobals)
    hrtc                                     0x2000012c   Data          32  main.o(.bss..L_MergedGlobals.3)
    sc_handle                                0x2000014c   Data          60  main.o(.bss..L_MergedGlobals.3)
    DataBufferI2C                            0x20000188   Data          60  main.o(.bss.DataBufferI2C)
    Humidity                                 0x200001c4   Data           4  main.o(.bss.Humidity)
    Pressure                                 0x200001c8   Data           4  main.o(.bss.Pressure)
    hadc1                                    0x200005cc   Data          72  main.o(.bss.hadc1)
    hdma_adc1                                0x20000614   Data          96  main.o(.bss.hdma_adc1)
    hi2c1                                    0x20000674   Data          84  main.o(.bss.hi2c1)
    htim2                                    0x200006c8   Data          72  main.o(.bss.htim2)
    htim6                                    0x20000710   Data          72  main.o(.bss.htim6)
    huart1                                   0x20000758   Data          72  main.o(.bss.huart1)
    measure_nr                               0x200007a0   Data           4  main.o(.bss.measure_nr)
    uwTick                                   0x200007a4   Data           4  stm32f4xx_hal.o(.bss.uwTick)



==============================================================================

Memory Map of the image

  Image Entry point : 0x080001ad

  Load Region LR_IROM1 (Base: 0x08000000, Size: 0x00007388, Max: 0x00200000, ABSOLUTE)

    Execution Region ER_IROM1 (Exec base: 0x08000000, Load base: 0x08000000, Size: 0x0000736c, Max: 0x00200000, ABSOLUTE)

    Exec Addr    Load Addr    Size         Type   Attr      Idx    E Section Name        Object

    0x08000000   0x08000000   0x000001ac   Data   RO            3    RESET               startup_stm32f429xx.o
    0x080001ac   0x080001ac   0x00000008   Code   RO         1580  * !!!main             c_w.l(__main.o)
    0x080001b4   0x080001b4   0x0000005c   Code   RO         1850    !!!scatter          c_w.l(__scatter.o)
    0x08000210   0x08000210   0x0000001a   Code   RO         1854    !!handler_copy      c_w.l(__scatter_copy.o)
    0x0800022a   0x0800022a   0x00000002   PAD
    0x0800022c   0x0800022c   0x00000002   Code   RO         1851    !!handler_null      c_w.l(__scatter.o)
    0x0800022e   0x0800022e   0x00000002   PAD
    0x08000230   0x08000230   0x0000001c   Code   RO         1856    !!handler_zi        c_w.l(__scatter_zi.o)
    0x0800024c   0x0800024c   0x00000000   Code   RO         1569    .ARM.Collect$$_printf_percent$$00000000  c_w.l(_printf_percent.o)
    0x0800024c   0x0800024c   0x00000006   Code   RO         1568    .ARM.Collect$$_printf_percent$$00000003  c_w.l(_printf_f.o)
    0x08000252   0x08000252   0x00000004   Code   RO         1619    .ARM.Collect$$_printf_percent$$00000017  c_w.l(_printf_percent_end.o)
    0x08000256   0x08000256   0x00000002   Code   RO         1713    .ARM.Collect$$libinit$$00000000  c_w.l(libinit.o)
    0x08000258   0x08000258   0x00000004   Code   RO         1714    .ARM.Collect$$libinit$$00000001  c_w.l(libinit2.o)
    0x0800025c   0x0800025c   0x00000000   Code   RO         1717    .ARM.Collect$$libinit$$00000004  c_w.l(libinit2.o)
    0x0800025c   0x0800025c   0x00000000   Code   RO         1719    .ARM.Collect$$libinit$$00000006  c_w.l(libinit2.o)
    0x0800025c   0x0800025c   0x00000000   Code   RO         1722    .ARM.Collect$$libinit$$0000000C  c_w.l(libinit2.o)
    0x0800025c   0x0800025c   0x00000000   Code   RO         1724    .ARM.Collect$$libinit$$0000000E  c_w.l(libinit2.o)
    0x0800025c   0x0800025c   0x00000000   Code   RO         1726    .ARM.Collect$$libinit$$00000010  c_w.l(libinit2.o)
    0x0800025c   0x0800025c   0x00000006   Code   RO         1727    .ARM.Collect$$libinit$$00000011  c_w.l(libinit2.o)
    0x08000262   0x08000262   0x00000000   Code   RO         1729    .ARM.Collect$$libinit$$00000013  c_w.l(libinit2.o)
    0x08000262   0x08000262   0x00000000   Code   RO         1731    .ARM.Collect$$libinit$$00000015  c_w.l(libinit2.o)
    0x08000262   0x08000262   0x00000000   Code   RO         1733    .ARM.Collect$$libinit$$00000017  c_w.l(libinit2.o)
    0x08000262   0x08000262   0x0000000a   Code   RO         1734    .ARM.Collect$$libinit$$00000018  c_w.l(libinit2.o)
    0x0800026c   0x0800026c   0x00000000   Code   RO         1735    .ARM.Collect$$libinit$$00000019  c_w.l(libinit2.o)
    0x0800026c   0x0800026c   0x00000000   Code   RO         1737    .ARM.Collect$$libinit$$0000001B  c_w.l(libinit2.o)
    0x0800026c   0x0800026c   0x00000000   Code   RO         1739    .ARM.Collect$$libinit$$0000001D  c_w.l(libinit2.o)
    0x0800026c   0x0800026c   0x00000000   Code   RO         1741    .ARM.Collect$$libinit$$0000001F  c_w.l(libinit2.o)
    0x0800026c   0x0800026c   0x00000000   Code   RO         1743    .ARM.Collect$$libinit$$00000021  c_w.l(libinit2.o)
    0x0800026c   0x0800026c   0x00000000   Code   RO         1745    .ARM.Collect$$libinit$$00000023  c_w.l(libinit2.o)
    0x0800026c   0x0800026c   0x00000000   Code   RO         1747    .ARM.Collect$$libinit$$00000025  c_w.l(libinit2.o)
    0x0800026c   0x0800026c   0x00000000   Code   RO         1749    .ARM.Collect$$libinit$$00000027  c_w.l(libinit2.o)
    0x0800026c   0x0800026c   0x00000000   Code   RO         1753    .ARM.Collect$$libinit$$0000002E  c_w.l(libinit2.o)
    0x0800026c   0x0800026c   0x00000000   Code   RO         1755    .ARM.Collect$$libinit$$00000030  c_w.l(libinit2.o)
    0x0800026c   0x0800026c   0x00000000   Code   RO         1757    .ARM.Collect$$libinit$$00000032  c_w.l(libinit2.o)
    0x0800026c   0x0800026c   0x00000000   Code   RO         1759    .ARM.Collect$$libinit$$00000034  c_w.l(libinit2.o)
    0x0800026c   0x0800026c   0x00000002   Code   RO         1760    .ARM.Collect$$libinit$$00000035  c_w.l(libinit2.o)
    0x0800026e   0x0800026e   0x00000002   Code   RO         1815    .ARM.Collect$$libshutdown$$00000000  c_w.l(libshutdown.o)
    0x08000270   0x08000270   0x00000000   Code   RO         1833    .ARM.Collect$$libshutdown$$00000002  c_w.l(libshutdown2.o)
    0x08000270   0x08000270   0x00000000   Code   RO         1835    .ARM.Collect$$libshutdown$$00000004  c_w.l(libshutdown2.o)
    0x08000270   0x08000270   0x00000000   Code   RO         1838    .ARM.Collect$$libshutdown$$00000007  c_w.l(libshutdown2.o)
    0x08000270   0x08000270   0x00000000   Code   RO         1841    .ARM.Collect$$libshutdown$$0000000A  c_w.l(libshutdown2.o)
    0x08000270   0x08000270   0x00000000   Code   RO         1843    .ARM.Collect$$libshutdown$$0000000C  c_w.l(libshutdown2.o)
    0x08000270   0x08000270   0x00000000   Code   RO         1846    .ARM.Collect$$libshutdown$$0000000F  c_w.l(libshutdown2.o)
    0x08000270   0x08000270   0x00000002   Code   RO         1847    .ARM.Collect$$libshutdown$$00000010  c_w.l(libshutdown2.o)
    0x08000272   0x08000272   0x00000000   Code   RO         1606    .ARM.Collect$$rtentry$$00000000  c_w.l(__rtentry.o)
    0x08000272   0x08000272   0x00000000   Code   RO         1632    .ARM.Collect$$rtentry$$00000002  c_w.l(__rtentry2.o)
    0x08000272   0x08000272   0x00000006   Code   RO         1644    .ARM.Collect$$rtentry$$00000004  c_w.l(__rtentry4.o)
    0x08000278   0x08000278   0x00000000   Code   RO         1634    .ARM.Collect$$rtentry$$00000009  c_w.l(__rtentry2.o)
    0x08000278   0x08000278   0x00000004   Code   RO         1635    .ARM.Collect$$rtentry$$0000000A  c_w.l(__rtentry2.o)
    0x0800027c   0x0800027c   0x00000000   Code   RO         1637    .ARM.Collect$$rtentry$$0000000C  c_w.l(__rtentry2.o)
    0x0800027c   0x0800027c   0x00000008   Code   RO         1638    .ARM.Collect$$rtentry$$0000000D  c_w.l(__rtentry2.o)
    0x08000284   0x08000284   0x00000002   Code   RO         1761    .ARM.Collect$$rtexit$$00000000  c_w.l(rtexit.o)
    0x08000286   0x08000286   0x00000000   Code   RO         1780    .ARM.Collect$$rtexit$$00000002  c_w.l(rtexit2.o)
    0x08000286   0x08000286   0x00000004   Code   RO         1781    .ARM.Collect$$rtexit$$00000003  c_w.l(rtexit2.o)
    0x0800028a   0x0800028a   0x00000006   Code   RO         1782    .ARM.Collect$$rtexit$$00000004  c_w.l(rtexit2.o)
    0x08000290   0x08000290   0x00000040   Code   RO            4    .text               startup_stm32f429xx.o
    0x080002d0   0x080002d0   0x000000f0   Code   RO         1538    .text               c_w.l(lludivv7m.o)
    0x080003c0   0x080003c0   0x00000074   Code   RO         1540    .text               c_w.l(llsdiv.o)
    0x08000434   0x08000434   0x00000028   Code   RO         1544    .text               c_w.l(noretval__2sprintf.o)
    0x0800045c   0x0800045c   0x0000010e   Code   RO         1556    .text               c_w.l(__printf_wp.o)
    0x0800056a   0x0800056a   0x0000008a   Code   RO         1572    .text               c_w.l(rt_memcpy_v6.o)
    0x080005f4   0x080005f4   0x00000010   Code   RO         1574    .text               c_w.l(aeabi_memset4.o)
    0x08000604   0x08000604   0x0000004e   Code   RO         1576    .text               c_w.l(rt_memclr_w.o)
    0x08000652   0x08000652   0x00000006   Code   RO         1578    .text               c_w.l(heapauxi.o)
    0x08000658   0x08000658   0x0000041c   Code   RO         1611    .text               c_w.l(_printf_fp_dec.o)
    0x08000a74   0x08000a74   0x00000030   Code   RO         1615    .text               c_w.l(_printf_char_common.o)
    0x08000aa4   0x08000aa4   0x0000000a   Code   RO         1617    .text               c_w.l(_sputc.o)
    0x08000aae   0x08000aae   0x00000064   Code   RO         1620    .text               c_w.l(rt_memcpy_w.o)
    0x08000b12   0x08000b12   0x00000002   PAD
    0x08000b14   0x08000b14   0x00000008   Code   RO         1651    .text               c_w.l(rt_locale_intlibspace.o)
    0x08000b1c   0x08000b1c   0x0000008a   Code   RO         1653    .text               c_w.l(lludiv10.o)
    0x08000ba6   0x08000ba6   0x00000002   PAD
    0x08000ba8   0x08000ba8   0x00000080   Code   RO         1655    .text               c_w.l(_printf_fp_infnan.o)
    0x08000c28   0x08000c28   0x000000e4   Code   RO         1659    .text               c_w.l(bigflt0.o)
    0x08000d0c   0x08000d0c   0x00000008   Code   RO         1693    .text               c_w.l(libspace.o)
    0x08000d14   0x08000d14   0x0000004a   Code   RO         1696    .text               c_w.l(sys_stackheap_outer.o)
    0x08000d5e   0x08000d5e   0x00000012   Code   RO         1700    .text               c_w.l(exit.o)
    0x08000d70   0x08000d70   0x0000007c   Code   RO         1706    .text               c_w.l(strcmpv7em.o)
    0x08000dec   0x08000dec   0x0000000c   Code   RO         1775    .text               c_w.l(sys_exit.o)
    0x08000df8   0x08000df8   0x00000002   Code   RO         1802    .text               c_w.l(use_no_semi.o)
    0x08000dfa   0x08000dfa   0x00000000   Code   RO         1804    .text               c_w.l(indicate_semi.o)
    0x08000dfa   0x08000dfa   0x00000002   PAD
    0x08000dfc   0x08000dfc   0x0000006e   Code   RO          156    .text.ADC_DMAConvCplt  stm32f4xx_hal_adc.o
    0x08000e6a   0x08000e6a   0x00000002   PAD
    0x08000e6c   0x08000e6c   0x00000012   Code   RO          160    .text.ADC_DMAError  stm32f4xx_hal_adc.o
    0x08000e7e   0x08000e7e   0x00000002   PAD
    0x08000e80   0x08000e80   0x00000006   Code   RO          158    .text.ADC_DMAHalfConvCplt  stm32f4xx_hal_adc.o
    0x08000e86   0x08000e86   0x00000002   PAD
    0x08000e88   0x08000e88   0x0000000c   Code   RO           83    .text.ADC_IRQHandler  stm32f4xx_it.o
    0x08000e94   0x08000e94   0x0000016a   Code   RO         1513    .text.BME280_Config  bme280_stm32.o
    0x08000ffe   0x08000ffe   0x00000002   PAD
    0x08001000   0x08001000   0x0000033c   Code   RO         1525    .text.BME280_Measure  bme280_stm32.o
    0x0800133c   0x0800133c   0x00000002   Code   RO           69    .text.BusFault_Handler  stm32f4xx_it.o
    0x0800133e   0x0800133e   0x00000002   PAD
    0x08001340   0x08001340   0x0000000c   Code   RO           87    .text.DMA2_Stream0_IRQHandler  stm32f4xx_it.o
    0x0800134c   0x0800134c   0x00000002   Code   RO           75    .text.DebugMon_Handler  stm32f4xx_it.o
    0x0800134e   0x0800134e   0x00000002   PAD
    0x08001350   0x08001350   0x00000006   Code   RO           35    .text.Error_Handler  main.o
    0x08001356   0x08001356   0x00000002   PAD
    0x08001358   0x08001358   0x00000002   Code   RO          208    .text.HAL_ADCEx_InjectedConvCpltCallback  stm32f4xx_hal_adc_ex.o
    0x0800135a   0x0800135a   0x00000002   PAD
    0x0800135c   0x0800135c   0x00000170   Code   RO          168    .text.HAL_ADC_ConfigChannel  stm32f4xx_hal_adc.o
    0x080014cc   0x080014cc   0x0000000e   Code   RO           31    .text.HAL_ADC_ConvCpltCallback  main.o
    0x080014da   0x080014da   0x00000002   PAD
    0x080014dc   0x080014dc   0x00000002   Code   RO          166    .text.HAL_ADC_ConvHalfCpltCallback  stm32f4xx_hal_adc.o
    0x080014de   0x080014de   0x00000002   PAD
    0x080014e0   0x080014e0   0x00000002   Code   RO          152    .text.HAL_ADC_ErrorCallback  stm32f4xx_hal_adc.o
    0x080014e2   0x080014e2   0x00000002   PAD
    0x080014e4   0x080014e4   0x00000136   Code   RO          146    .text.HAL_ADC_IRQHandler  stm32f4xx_hal_adc.o
    0x0800161a   0x0800161a   0x00000002   PAD
    0x0800161c   0x0800161c   0x0000015e   Code   RO          126    .text.HAL_ADC_Init  stm32f4xx_hal_adc.o
    0x0800177a   0x0800177a   0x00000002   PAD
    0x0800177c   0x0800177c   0x00000002   Code   RO          150    .text.HAL_ADC_LevelOutOfWindowCallback  stm32f4xx_hal_adc.o
    0x0800177e   0x0800177e   0x00000002   PAD
    0x08001780   0x08001780   0x000000be   Code   RO           98    .text.HAL_ADC_MspInit  stm32f4xx_hal_msp.o
    0x0800183e   0x0800183e   0x00000002   PAD
    0x08001840   0x08001840   0x000001a0   Code   RO          154    .text.HAL_ADC_Start_DMA  stm32f4xx_hal_adc.o
    0x080019e0   0x080019e0   0x0000006e   Code   RO          162    .text.HAL_ADC_Stop_DMA  stm32f4xx_hal_adc.o
    0x08001a4e   0x08001a4e   0x00000002   PAD
    0x08001a50   0x08001a50   0x0000008e   Code   RO          393    .text.HAL_DMA_Abort  stm32f4xx_hal_dma.o
    0x08001ade   0x08001ade   0x00000002   PAD
    0x08001ae0   0x08001ae0   0x000001c0   Code   RO          399    .text.HAL_DMA_IRQHandler  stm32f4xx_hal_dma.o
    0x08001ca0   0x08001ca0   0x00000162   Code   RO          385    .text.HAL_DMA_Init  stm32f4xx_hal_dma.o
    0x08001e02   0x08001e02   0x00000002   PAD
    0x08001e04   0x08001e04   0x000000a2   Code   RO          391    .text.HAL_DMA_Start_IT  stm32f4xx_hal_dma.o
    0x08001ea6   0x08001ea6   0x00000002   PAD
    0x08001ea8   0x08001ea8   0x00000028   Code   RO          554    .text.HAL_Delay     stm32f4xx_hal.o
    0x08001ed0   0x08001ed0   0x0000019e   Code   RO          347    .text.HAL_GPIO_Init  stm32f4xx_hal_gpio.o
    0x0800206e   0x0800206e   0x00000002   PAD
    0x08002070   0x08002070   0x0000000c   Code   RO          546    .text.HAL_GetTick   stm32f4xx_hal.o
    0x0800207c   0x0800207c   0x0000003c   Code   RO          766    .text.HAL_I2CEx_ConfigAnalogFilter  stm32f4xx_hal_i2c_ex.o
    0x080020b8   0x080020b8   0x00000040   Code   RO          768    .text.HAL_I2CEx_ConfigDigitalFilter  stm32f4xx_hal_i2c_ex.o
    0x080020f8   0x080020f8   0x00000164   Code   RO          628    .text.HAL_I2C_Init  stm32f4xx_hal_i2c.o
    0x0800225c   0x0800225c   0x00000212   Code   RO          688    .text.HAL_I2C_IsDeviceReady  stm32f4xx_hal_i2c.o
    0x0800246e   0x0800246e   0x00000002   PAD
    0x08002470   0x08002470   0x000001dc   Code   RO          636    .text.HAL_I2C_Master_Transmit  stm32f4xx_hal_i2c.o
    0x0800264c   0x0800264c   0x00000258   Code   RO          676    .text.HAL_I2C_Mem_Read  stm32f4xx_hal_i2c.o
    0x080028a4   0x080028a4   0x0000015c   Code   RO          672    .text.HAL_I2C_Mem_Write  stm32f4xx_hal_i2c.o
    0x08002a00   0x08002a00   0x0000006a   Code   RO          102    .text.HAL_I2C_MspInit  stm32f4xx_hal_msp.o
    0x08002a6a   0x08002a6a   0x00000002   PAD
    0x08002a6c   0x08002a6c   0x0000001a   Code   RO          544    .text.HAL_IncTick   stm32f4xx_hal.o
    0x08002a86   0x08002a86   0x00000002   PAD
    0x08002a88   0x08002a88   0x00000036   Code   RO          534    .text.HAL_Init      stm32f4xx_hal.o
    0x08002abe   0x08002abe   0x00000002   PAD
    0x08002ac0   0x08002ac0   0x00000048   Code   RO          536    .text.HAL_InitTick  stm32f4xx_hal.o
    0x08002b08   0x08002b08   0x00000038   Code   RO           96    .text.HAL_MspInit   stm32f4xx_hal_msp.o
    0x08002b40   0x08002b40   0x00000022   Code   RO          490    .text.HAL_NVIC_EnableIRQ  stm32f4xx_hal_cortex.o
    0x08002b62   0x08002b62   0x00000002   PAD
    0x08002b64   0x08002b64   0x00000056   Code   RO          488    .text.HAL_NVIC_SetPriority  stm32f4xx_hal_cortex.o
    0x08002bba   0x08002bba   0x00000002   PAD
    0x08002bbc   0x08002bbc   0x00000020   Code   RO          486    .text.HAL_NVIC_SetPriorityGrouping  stm32f4xx_hal_cortex.o
    0x08002bdc   0x08002bdc   0x00000054   Code   RO          436    .text.HAL_PWR_EnterSTOPMode  stm32f4xx_hal_pwr.o
    0x08002c30   0x08002c30   0x00000240   Code   RO          259    .text.HAL_RCCEx_PeriphCLKConfig  stm32f4xx_hal_rcc_ex.o
    0x08002e70   0x08002e70   0x00000164   Code   RO          227    .text.HAL_RCC_ClockConfig  stm32f4xx_hal_rcc.o
    0x08002fd4   0x08002fd4   0x00000026   Code   RO          239    .text.HAL_RCC_GetPCLK1Freq  stm32f4xx_hal_rcc.o
    0x08002ffa   0x08002ffa   0x00000002   PAD
    0x08002ffc   0x08002ffc   0x00000026   Code   RO          241    .text.HAL_RCC_GetPCLK2Freq  stm32f4xx_hal_rcc.o
    0x08003022   0x08003022   0x00000002   PAD
    0x08003024   0x08003024   0x0000006c   Code   RO          229    .text.HAL_RCC_GetSysClockFreq  stm32f4xx_hal_rcc.o
    0x08003090   0x08003090   0x000003b0   Code   RO          225    .text.HAL_RCC_OscConfig  stm32f4xx_hal_rcc.o
    0x08003440   0x08003440   0x00000146   Code   RO          868    .text.HAL_RTCEx_SetWakeUpTimer_IT  stm32f4xx_hal_rtc_ex.o
    0x08003586   0x08003586   0x00000002   PAD
    0x08003588   0x08003588   0x0000001c   Code   RO           17    .text.HAL_RTCEx_WakeUpTimerEventCallback  main.o
    0x080035a4   0x080035a4   0x00000032   Code   RO          874    .text.HAL_RTCEx_WakeUpTimerIRQHandler  stm32f4xx_hal_rtc_ex.o
    0x080035d6   0x080035d6   0x00000002   PAD
    0x080035d8   0x080035d8   0x000000fc   Code   RO          778    .text.HAL_RTC_Init  stm32f4xx_hal_rtc.o
    0x080036d4   0x080036d4   0x0000005c   Code   RO          106    .text.HAL_RTC_MspInit  stm32f4xx_hal_msp.o
    0x08003730   0x08003730   0x00000164   Code   RO          798    .text.HAL_RTC_SetDate  stm32f4xx_hal_rtc.o
    0x08003894   0x08003894   0x000001ac   Code   RO          790    .text.HAL_RTC_SetTime  stm32f4xx_hal_rtc.o
    0x08003a40   0x08003a40   0x00000012   Code   RO          558    .text.HAL_ResumeTick  stm32f4xx_hal.o
    0x08003a52   0x08003a52   0x00000002   PAD
    0x08003a54   0x08003a54   0x0000002c   Code   RO          498    .text.HAL_SYSTICK_Config  stm32f4xx_hal_cortex.o
    0x08003a80   0x08003a80   0x00000012   Code   RO          556    .text.HAL_SuspendTick  stm32f4xx_hal.o
    0x08003a92   0x08003a92   0x00000002   PAD
    0x08003a94   0x08003a94   0x00000002   Code   RO         1221    .text.HAL_TIMEx_BreakCallback  stm32f4xx_hal_tim_ex.o
    0x08003a96   0x08003a96   0x00000002   PAD
    0x08003a98   0x08003a98   0x00000002   Code   RO         1217    .text.HAL_TIMEx_CommutCallback  stm32f4xx_hal_tim_ex.o
    0x08003a9a   0x08003a9a   0x00000002   PAD
    0x08003a9c   0x08003a9c   0x000000ba   Code   RO         1211    .text.HAL_TIMEx_MasterConfigSynchronization  stm32f4xx_hal_tim_ex.o
    0x08003b56   0x08003b56   0x00000002   PAD
    0x08003b58   0x08003b58   0x0000005a   Code   RO          916    .text.HAL_TIM_Base_Init  stm32f4xx_hal_tim.o
    0x08003bb2   0x08003bb2   0x00000002   PAD
    0x08003bb4   0x08003bb4   0x00000070   Code   RO          110    .text.HAL_TIM_Base_MspInit  stm32f4xx_hal_msp.o
    0x08003c24   0x08003c24   0x000000a2   Code   RO          926    .text.HAL_TIM_Base_Start  stm32f4xx_hal_tim.o
    0x08003cc6   0x08003cc6   0x00000002   PAD
    0x08003cc8   0x08003cc8   0x000001a0   Code   RO         1096    .text.HAL_TIM_ConfigClockSource  stm32f4xx_hal_tim.o
    0x08003e68   0x08003e68   0x00000002   Code   RO         1052    .text.HAL_TIM_IC_CaptureCallback  stm32f4xx_hal_tim.o
    0x08003e6a   0x08003e6a   0x00000002   PAD
    0x08003e6c   0x08003e6c   0x0000014e   Code   RO         1050    .text.HAL_TIM_IRQHandler  stm32f4xx_hal_tim.o
    0x08003fba   0x08003fba   0x00000002   PAD
    0x08003fbc   0x08003fbc   0x00000002   Code   RO         1054    .text.HAL_TIM_OC_DelayElapsedCallback  stm32f4xx_hal_tim.o
    0x08003fbe   0x08003fbe   0x00000002   PAD
    0x08003fc0   0x08003fc0   0x00000002   Code   RO         1056    .text.HAL_TIM_PWM_PulseFinishedCallback  stm32f4xx_hal_tim.o
    0x08003fc2   0x08003fc2   0x00000002   PAD
    0x08003fc4   0x08003fc4   0x00000002   Code   RO         1058    .text.HAL_TIM_PeriodElapsedCallback  stm32f4xx_hal_tim.o
    0x08003fc6   0x08003fc6   0x00000002   PAD
    0x08003fc8   0x08003fc8   0x00000002   Code   RO         1060    .text.HAL_TIM_TriggerCallback  stm32f4xx_hal_tim.o
    0x08003fca   0x08003fca   0x00000002   PAD
    0x08003fcc   0x08003fcc   0x00000060   Code   RO         1235    .text.HAL_UART_Init  stm32f4xx_hal_uart.o
    0x0800402c   0x0800402c   0x0000006c   Code   RO          114    .text.HAL_UART_MspInit  stm32f4xx_hal_msp.o
    0x08004098   0x08004098   0x00000002   Code   RO           65    .text.HardFault_Handler  stm32f4xx_it.o
    0x0800409a   0x0800409a   0x00000002   PAD
    0x0800409c   0x0800409c   0x00000112   Code   RO          678    .text.I2C_RequestMemoryRead  stm32f4xx_hal_i2c.o
    0x080041ae   0x080041ae   0x00000002   PAD
    0x080041b0   0x080041b0   0x000000c8   Code   RO          674    .text.I2C_RequestMemoryWrite  stm32f4xx_hal_i2c.o
    0x08004278   0x08004278   0x000000ba   Code   RO          642    .text.I2C_WaitOnBTFFlagUntilTimeout  stm32f4xx_hal_i2c.o
    0x08004332   0x08004332   0x00000002   PAD
    0x08004334   0x08004334   0x000001ca   Code   RO          638    .text.I2C_WaitOnFlagUntilTimeout  stm32f4xx_hal_i2c.o
    0x080044fe   0x080044fe   0x00000002   PAD
    0x08004500   0x08004500   0x000000d6   Code   RO          756    .text.I2C_WaitOnMasterAddressFlagUntilTimeout  stm32f4xx_hal_i2c.o
    0x080045d6   0x080045d6   0x00000002   PAD
    0x080045d8   0x080045d8   0x00000090   Code   RO          646    .text.I2C_WaitOnRXNEFlagUntilTimeout  stm32f4xx_hal_i2c.o
    0x08004668   0x08004668   0x000000ba   Code   RO          640    .text.I2C_WaitOnTXEFlagUntilTimeout  stm32f4xx_hal_i2c.o
    0x08004722   0x08004722   0x00000002   PAD
    0x08004724   0x08004724   0x00000002   Code   RO           67    .text.MemManage_Handler  stm32f4xx_it.o
    0x08004726   0x08004726   0x00000002   PAD
    0x08004728   0x08004728   0x00000002   Code   RO           63    .text.NMI_Handler   stm32f4xx_it.o
    0x0800472a   0x0800472a   0x00000002   PAD
    0x0800472c   0x0800472c   0x00000002   Code   RO           77    .text.PendSV_Handler  stm32f4xx_it.o
    0x0800472e   0x0800472e   0x00000002   PAD
    0x08004730   0x08004730   0x0000000c   Code   RO           81    .text.RTC_WKUP_IRQHandler  stm32f4xx_it.o
    0x0800473c   0x0800473c   0x0000001c   Code   RO         1430    .text.SSD1306_Fill  ssd1306.o
    0x08004758   0x08004758   0x0000000e   Code   RO         1438    .text.SSD1306_GotoXY  ssd1306.o
    0x08004766   0x08004766   0x00000002   PAD
    0x08004768   0x08004768   0x00000304   Code   RO         1428    .text.SSD1306_Init  ssd1306.o
    0x08004a6c   0x08004a6c   0x00000116   Code   RO         1440    .text.SSD1306_Putc  ssd1306.o
    0x08004b82   0x08004b82   0x00000002   PAD
    0x08004b84   0x08004b84   0x00000038   Code   RO         1442    .text.SSD1306_Puts  ssd1306.o
    0x08004bbc   0x08004bbc   0x000000a0   Code   RO         1432    .text.SSD1306_UpdateScreen  ssd1306.o
    0x08004c5c   0x08004c5c   0x00000002   Code   RO           73    .text.SVC_Handler   stm32f4xx_it.o
    0x08004c5e   0x08004c5e   0x00000002   PAD
    0x08004c60   0x08004c60   0x00000004   Code   RO           79    .text.SysTick_Handler  stm32f4xx_it.o
    0x08004c64   0x08004c64   0x000000ac   Code   RO           19    .text.SystemClock_Config  main.o
    0x08004d10   0x08004d10   0x00000012   Code   RO         1357    .text.SystemInit    system_stm32f4xx.o
    0x08004d22   0x08004d22   0x00000002   PAD
    0x08004d24   0x08004d24   0x0000000c   Code   RO           85    .text.TIM6_DAC_IRQHandler  stm32f4xx_it.o
    0x08004d30   0x08004d30   0x0000014c   Code   RO          920    .text.TIM_Base_SetConfig  stm32f4xx_hal_tim.o
    0x08004e7c   0x08004e7c   0x000000c4   Code   RO         1511    .text.TrimRead      bme280_stm32.o
    0x08004f40   0x08004f40   0x000000ee   Code   RO         1239    .text.UART_SetConfig  stm32f4xx_hal_uart.o
    0x0800502e   0x0800502e   0x00000002   PAD
    0x08005030   0x08005030   0x00000002   Code   RO           71    .text.UsageFault_Handler  stm32f4xx_it.o
    0x08005032   0x08005032   0x00000002   PAD
    0x08005034   0x08005034   0x000002c6   Code   RO           33    .text.main          main.o
    0x080052fa   0x080052fa   0x00000002   PAD
    0x080052fc   0x080052fc   0x000000b2   Code   RO         1380    .text.micro_step    statechart.o
    0x080053ae   0x080053ae   0x00000002   PAD
    0x080053b0   0x080053b0   0x0000011a   Code   RO         1386    .text.run_cycle     statechart.o
    0x080054ca   0x080054ca   0x00000002   PAD
    0x080054cc   0x080054cc   0x000000ec   Code   RO           29    .text.statechart_displayInfo  main.o
    0x080055b8   0x080055b8   0x0000003e   Code   RO         1378    .text.statechart_enter  statechart.o
    0x080055f6   0x080055f6   0x00000002   PAD
    0x080055f8   0x080055f8   0x0000001e   Code   RO         1372    .text.statechart_init  statechart.o
    0x08005616   0x08005616   0x00000002   PAD
    0x08005618   0x08005618   0x00000292   Code   RO           27    .text.statechart_processData  main.o
    0x080058aa   0x080058aa   0x00000002   PAD
    0x080058ac   0x080058ac   0x00000030   Code   RO         1396    .text.statechart_raise_eV_ADC_SampleReady  statechart.o
    0x080058dc   0x080058dc   0x00000030   Code   RO         1394    .text.statechart_raise_timerIntr  statechart.o
    0x0800590c   0x0800590c   0x00000012   Code   RO           21    .text.statechart_readI2CSensor  main.o
    0x0800591e   0x0800591e   0x00000002   PAD
    0x08005920   0x08005920   0x00000022   Code   RO           25    .text.statechart_saveADCSample  main.o
    0x08005942   0x08005942   0x00000002   PAD
    0x08005944   0x08005944   0x0000002e   Code   RO           23    .text.statechart_saveI2CSample  main.o
    0x08005972   0x08005972   0x0000003e   Code   RO         1662    CL$$btod_d2e        c_w.l(btod.o)
    0x080059b0   0x080059b0   0x00000046   Code   RO         1664    CL$$btod_d2e_denorm_low  c_w.l(btod.o)
    0x080059f6   0x080059f6   0x00000060   Code   RO         1663    CL$$btod_d2e_norm_op1  c_w.l(btod.o)
    0x08005a56   0x08005a56   0x00000002   PAD
    0x08005a58   0x08005a58   0x00000338   Code   RO         1672    CL$$btod_div_common  c_w.l(btod.o)
    0x08005d90   0x08005d90   0x000000dc   Code   RO         1669    CL$$btod_e2e        c_w.l(btod.o)
    0x08005e6c   0x08005e6c   0x0000002a   Code   RO         1666    CL$$btod_ediv       c_w.l(btod.o)
    0x08005e96   0x08005e96   0x0000002a   Code   RO         1665    CL$$btod_emul       c_w.l(btod.o)
    0x08005ec0   0x08005ec0   0x00000244   Code   RO         1671    CL$$btod_mult_common  c_w.l(btod.o)
    0x08006104   0x08006104   0x00000030   Code   RO         1691    i.__ARM_fpclassify  m_wm.l(fpclassify.o)
    0x08006134   0x08006134   0x0000000e   Code   RO         1558    i._is_digit         c_w.l(__printf_wp.o)
    0x08006142   0x08006142   0x00000002   PAD
    0x08006144   0x08006144   0x0000002c   Code   RO         1687    locale$$code        c_w.l(lc_numeric_c.o)
    0x08006170   0x08006170   0x00000062   Code   RO         1582    x$fpl$d2f           fz_wm.l(d2f.o)
    0x080061d2   0x080061d2   0x00000002   PAD
    0x080061d4   0x080061d4   0x00000150   Code   RO         1584    x$fpl$dadd          fz_wm.l(daddsub_clz.o)
    0x08006324   0x08006324   0x000002b4   Code   RO         1591    x$fpl$ddiv          fz_wm.l(ddiv.o)
    0x080065d8   0x080065d8   0x0000002e   Code   RO         1595    x$fpl$dflt          fz_wm.l(dflt_clz.o)
    0x08006606   0x08006606   0x00000026   Code   RO         1594    x$fpl$dfltu         fz_wm.l(dflt_clz.o)
    0x0800662c   0x0800662c   0x00000154   Code   RO         1600    x$fpl$dmul          fz_wm.l(dmul.o)
    0x08006780   0x08006780   0x0000009c   Code   RO         1622    x$fpl$dnaninf       fz_wm.l(dnaninf.o)
    0x0800681c   0x0800681c   0x0000000c   Code   RO         1624    x$fpl$dretinf       fz_wm.l(dretinf.o)
    0x08006828   0x08006828   0x000001dc   Code   RO         1586    x$fpl$dsub          fz_wm.l(daddsub_clz.o)
    0x08006a04   0x08006a04   0x00000056   Code   RO         1602    x$fpl$f2d           fz_wm.l(f2d.o)
    0x08006a5a   0x08006a5a   0x0000008c   Code   RO         1626    x$fpl$fnaninf       fz_wm.l(fnaninf.o)
    0x08006ae6   0x08006ae6   0x0000001a   Code   RO         1773    x$fpl$fpinit        fz_wm.l(fpinit.o)
    0x08006b00   0x08006b00   0x0000000a   Code   RO         1628    x$fpl$fretinf       fz_wm.l(fretinf.o)
    0x08006b0a   0x08006b0a   0x00000004   Code   RO         1604    x$fpl$printf1       fz_wm.l(printf1.o)
    0x08006b0e   0x08006b0e   0x00000000   Code   RO         1630    x$fpl$usenofp       fz_wm.l(usenofp.o)
    0x08006b0e   0x08006b0e   0x00000002   PAD
    0x08006b10   0x08006b10   0x00000094   Data   RO         1660    .constdata          c_w.l(bigflt0.o)
    0x08006ba4   0x08006ba4   0x00000010   Data   RO         1362    .rodata.AHBPrescTable  system_stm32f4xx.o
    0x08006bb4   0x08006bb4   0x00000008   Data   RO         1363    .rodata.APBPrescTable  system_stm32f4xx.o
    0x08006bbc   0x08006bbc   0x0000076c   Data   RO         1498    .rodata.Font7x10    fonts.o
    0x08007328   0x08007328   0x00000008   Data   RO          409    .rodata.cst8        stm32f4xx_hal_dma.o
    0x08007330   0x08007330   0x00000020   Data   RO         1849    Region$$Table       anon$$obj.o
    0x08007350   0x08007350   0x0000001c   Data   RO         1686    locale$$data        c_w.l(lc_numeric_c.o)


    Execution Region RW_IRAM2 (Exec base: 0x10000000, Load base: 0x08007388, Size: 0x00000000, Max: 0x00010000, ABSOLUTE)

    **** No section assigned to this execution region ****


    Execution Region RW_IRAM1 (Exec base: 0x20000000, Load base: 0x08007370, Size: 0x00000da8, Max: 0x00030000, ABSOLUTE)

    Exec Addr    Load Addr    Size         Type   Attr      Idx    E Section Name        Object

    0x20000000   0x08007370   0x00000008   Data   RW          593    .data..L_MergedGlobals  stm32f4xx_hal.o
    0x20000008   0x08007378   0x00000008   Data   RW         1501    .data.Font_7x10     fonts.o
    0x20000010   0x08007380   0x00000004   Data   RW         1361    .data.SystemCoreClock  system_stm32f4xx.o
    0x20000014   0x08007384   0x00000004   PAD
    0x20000018        -       0x00000060   Zero   RW         1694    .bss                c_w.l(libspace.o)
    0x20000078        -       0x00000074   Zero   RW           53    .bss..L_MergedGlobals  main.o
    0x200000ec        -       0x00000006   Zero   RW         1467    .bss..L_MergedGlobals  ssd1306.o
    0x200000f2   0x08007384   0x00000002   PAD
    0x200000f4        -       0x00000038   Zero   RW         1528    .bss..L_MergedGlobals  bme280_stm32.o
    0x2000012c        -       0x0000005c   Zero   RW           54    .bss..L_MergedGlobals.3  main.o
    0x20000188        -       0x0000003c   Zero   RW           39    .bss.DataBufferI2C  main.o
    0x200001c4        -       0x00000004   Zero   RW           47    .bss.Humidity       main.o
    0x200001c8        -       0x00000004   Zero   RW           46    .bss.Pressure       main.o
    0x200001cc        -       0x00000400   Zero   RW         1466    .bss.SSD1306_Buffer  ssd1306.o
    0x200005cc        -       0x00000048   Zero   RW           40    .bss.hadc1          main.o
    0x20000614        -       0x00000060   Zero   RW           42    .bss.hdma_adc1      main.o
    0x20000674        -       0x00000054   Zero   RW           43    .bss.hi2c1          main.o
    0x200006c8        -       0x00000048   Zero   RW           41    .bss.htim2          main.o
    0x20000710        -       0x00000048   Zero   RW           44    .bss.htim6          main.o
    0x20000758        -       0x00000048   Zero   RW           45    .bss.huart1         main.o
    0x200007a0        -       0x00000004   Zero   RW           38    .bss.measure_nr     main.o
    0x200007a4        -       0x00000004   Zero   RW          592    .bss.uwTick         stm32f4xx_hal.o
    0x200007a8        -       0x00000200   Zero   RW            2    HEAP                startup_stm32f429xx.o
    0x200009a8        -       0x00000400   Zero   RW            1    STACK               startup_stm32f429xx.o


==============================================================================

Image component sizes


      Code (inc. data)   RO Data    RW Data    ZI Data      Debug   Object Name

      1386         28          0          0         56       6833   bme280_stm32.o
         0          0       1900          8          0       1314   fonts.o
      1922         36          0          0        748      20919   main.o
      1308          0          0          0       1030      28635   ssd1306.o
        64         26        428          0       1536        888   startup_stm32f429xx.o
       648         16          0          0          0      10298   statechart.o
       240          0          0          8          4       7742   stm32f4xx_hal.o
      1694          0          0          0          0      12313   stm32f4xx_hal_adc.o
         2          0          0          0          0      10007   stm32f4xx_hal_adc_ex.o
       196          0          0          0          0      10762   stm32f4xx_hal_cortex.o
      1106          6          8          0          0      10772   stm32f4xx_hal_dma.o
       414          0          0          0          0       5414   stm32f4xx_hal_gpio.o
      3972          0          0          0          0      43922   stm32f4xx_hal_i2c.o
       124          0          0          0          0       4157   stm32f4xx_hal_i2c_ex.o
       664          0          0          0          0      15330   stm32f4xx_hal_msp.o
        84          0          0          0          0       4694   stm32f4xx_hal_pwr.o
      1484          0          0          0          0       7530   stm32f4xx_hal_rcc.o
       576          0          0          0          0       5706   stm32f4xx_hal_rcc_ex.o
      1036          0          0          0          0      16996   stm32f4xx_hal_rtc.o
       376          0          0          0          0      14181   stm32f4xx_hal_rtc_ex.o
      1344          0          0          0          0      55610   stm32f4xx_hal_tim.o
       190          0          0          0          0      21060   stm32f4xx_hal_tim_ex.o
       334          0          0          0          0      32140   stm32f4xx_hal_uart.o
        68          0          0          0          0       7151   stm32f4xx_it.o
        18          0         24          4          0       2730   system_stm32f4xx.o

    ----------------------------------------------------------------------
     19382        112       2392         20       3380     357104   Object Totals
         0          0         32          0          0          0   (incl. Generated)
       132          0          0          0          6          0   (incl. Padding)

    ----------------------------------------------------------------------

      Code (inc. data)   RO Data    RW Data    ZI Data      Debug   Library Member Name

         8          0          0          0          0         68   __main.o
       284          0          0          0          0        156   __printf_wp.o
         0          0          0          0          0          0   __rtentry.o
        12          0          0          0          0          0   __rtentry2.o
         6          0          0          0          0          0   __rtentry4.o
        94          8          0          0          0          0   __scatter.o
        26          0          0          0          0          0   __scatter_copy.o
        28          0          0          0          0          0   __scatter_zi.o
        48          6          0          0          0         96   _printf_char_common.o
         6          0          0          0          0          0   _printf_f.o
      1052          0          0          0          0        148   _printf_fp_dec.o
       128         16          0          0          0         84   _printf_fp_infnan.o
         0          0          0          0          0          0   _printf_percent.o
         4          0          0          0          0          0   _printf_percent_end.o
        10          0          0          0          0         68   _sputc.o
        16          0          0          0          0         68   aeabi_memset4.o
       228          4        148          0          0         96   bigflt0.o
      1936        128          0          0          0        668   btod.o
        18          0          0          0          0         80   exit.o
         6          0          0          0          0        152   heapauxi.o
         0          0          0          0          0          0   indicate_semi.o
        44         10         28          0          0         76   lc_numeric_c.o
         2          0          0          0          0          0   libinit.o
        22          0          0          0          0          0   libinit2.o
         2          0          0          0          0          0   libshutdown.o
         2          0          0          0          0          0   libshutdown2.o
         8          4          0          0         96         68   libspace.o
       116          0          0          0          0         84   llsdiv.o
       138          0          0          0          0         80   lludiv10.o
       240          0          0          0          0        100   lludivv7m.o
        40          6          0          0          0         84   noretval__2sprintf.o
         8          4          0          0          0         68   rt_locale_intlibspace.o
        78          0          0          0          0         80   rt_memclr_w.o
       138          0          0          0          0         68   rt_memcpy_v6.o
       100          0          0          0          0         80   rt_memcpy_w.o
         2          0          0          0          0          0   rtexit.o
        10          0          0          0          0          0   rtexit2.o
       124          0          0          0          0         88   strcmpv7em.o
        12          4          0          0          0         68   sys_exit.o
        74          0          0          0          0         80   sys_stackheap_outer.o
         2          0          0          0          0         68   use_no_semi.o
        98          4          0          0          0        140   d2f.o
       812         16          0          0          0        392   daddsub_clz.o
       692        140          0          0          0        264   ddiv.o
        84          0          0          0          0        232   dflt_clz.o
       340         12          0          0          0        152   dmul.o
       156          4          0          0          0        140   dnaninf.o
        12          0          0          0          0        116   dretinf.o
        86          4          0          0          0        132   f2d.o
       140          4          0          0          0        132   fnaninf.o
        26          0          0          0          0        116   fpinit.o
        10          0          0          0          0        116   fretinf.o
         4          0          0          0          0        116   printf1.o
         0          0          0          0          0          0   usenofp.o
        48          0          0          0          0        124   fpclassify.o

    ----------------------------------------------------------------------
      7598        374        176          0         96       4948   Library Totals
        18          0          0          0          0          0   (incl. Padding)

    ----------------------------------------------------------------------

      Code (inc. data)   RO Data    RW Data    ZI Data      Debug   Library Name

      5072        190        176          0         96       2776   c_w.l
      2460        184          0          0          0       2048   fz_wm.l
        48          0          0          0          0        124   m_wm.l

    ----------------------------------------------------------------------
      7598        374        176          0         96       4948   Library Totals

    ----------------------------------------------------------------------

==============================================================================


      Code (inc. data)   RO Data    RW Data    ZI Data      Debug   

     26980        486       2568         20       3476     358872   Grand Totals
     26980        486       2568         20       3476     358872   ELF Image Totals
     26980        486       2568         20          0          0   ROM Totals

==============================================================================

    Total RO  Size (Code + RO Data)                29548 (  28.86kB)
    Total RW  Size (RW Data + ZI Data)              3496 (   3.41kB)
    Total ROM Size (Code + RO Data + RW Data)      29568 (  28.88kB)

==============================================================================

